Component: ARM Compiler 5.06 update 6 (build 750) Tool: armlink [4d35ed]

==============================================================================

Section Cross References

    startup_m480.o(RESET) refers to startup_m480.o(STACK) for __initial_sp
    startup_m480.o(RESET) refers to startup_m480.o(.text) for Reset_Handler
    startup_m480.o(RESET) refers to retarget.o(.emb_text) for HardFault_Handler
    startup_m480.o(RESET) refers to port.o(.emb_text) for SVC_Handler
    startup_m480.o(RESET) refers to port.o(.text) for SysTick_Handler
    startup_m480.o(RESET) refers to gpio_int.o(.text) for GPA_IRQHandler
    startup_m480.o(RESET) refers to uart0_log.o(.text) for UART0_IRQHandler
    startup_m480.o(RESET) refers to uart1_config.o(.text) for UART1_IRQHandler
    startup_m480.o(RESET) refers to dma.o(.text) for PDMA_IRQHandler
    startup_m480.o(RESET) refers to uart2_config.o(.text) for UART2_IRQHandler
    startup_m480.o(RESET) refers to uart3_config.o(.text) for UART3_IRQHandler
    startup_m480.o(RESET) refers to uart6_config.o(.text) for SC0_IRQHandler
    startup_m480.o(RESET) refers to uart7_config.o(.text) for SC1_IRQHandler
    startup_m480.o(RESET) refers to uart4_config.o(.text) for UART4_IRQHandler
    startup_m480.o(RESET) refers to uart5_config.o(.text) for UART5_IRQHandler
    startup_m480.o(.text) refers to system_m480.o(.text) for SystemInit
    startup_m480.o(.text) refers to entry.o(.ARM.Collect$$$$00000000) for __main
    system_m480.o(.text) refers to clk.o(.text) for CLK_GetPLLClockFreq
    system_m480.o(.text) refers to system_m480.o(.data) for PllClock
    port.o(.emb_text) refers to tasks.o(.text) for vTaskSwitchContext
    port.o(.emb_text) refers to tasks.o(.data) for pxCurrentTCB
    port.o(.text) refers to printfa.o(i.__0printf) for __2printf
    port.o(.text) refers to port.o(.emb_text) for __asm___6_port_c_39a90d8d__prvEnableVFP
    port.o(.text) refers to tasks.o(.text) for xTaskIncrementTick
    port.o(.text) refers to port.o(.data) for uxCriticalNesting
    port.o(.text) refers to system_m480.o(.data) for SystemCoreClock
    queue.o(.text) refers to printfa.o(i.__0printf) for __2printf
    queue.o(.text) refers to port.o(.text) for vPortEnterCritical
    queue.o(.text) refers to tasks.o(.text) for xTaskRemoveFromEventList
    queue.o(.text) refers to list.o(.text) for vListInitialise
    queue.o(.text) refers to heap_4.o(.text) for pvPortMalloc
    queue.o(.text) refers to memmovea.o(.text) for __aeabi_memcpy
    queue.o(.text) refers to queue.o(.bss) for xQueueRegistry
    tasks.o(.text) refers to list.o(.text) for vListInitialise
    tasks.o(.text) refers to port.o(.text) for vPortEnterCritical
    tasks.o(.text) refers to memseta.o(.text) for __aeabi_memset
    tasks.o(.text) refers to printfa.o(i.__0printf) for __2printf
    tasks.o(.text) refers to heap_4.o(.text) for pvPortMalloc
    tasks.o(.text) refers to tasks.o(.bss) for pxReadyTasksLists
    tasks.o(.text) refers to tasks.o(.data) for pxDelayedTaskList
    tasks.o(.text) refers to timers.o(.text) for xTimerCreateTimerTask
    tasks.o(.text) refers to strcpy.o(.text) for strcpy
    tasks.o(.text) refers to strlen.o(.text) for strlen
    tasks.o(.text) refers to printfa.o(i.__0sprintf) for __2sprintf
    timers.o(.text) refers to list.o(.text) for vListInsert
    timers.o(.text) refers to printfa.o(i.__0printf) for __2printf
    timers.o(.text) refers to tasks.o(.text) for xTaskGetSchedulerState
    timers.o(.text) refers to queue.o(.text) for xQueueGenericSend
    timers.o(.text) refers to heap_4.o(.text) for vPortFree
    timers.o(.text) refers to port.o(.text) for vPortEnterCritical
    timers.o(.text) refers to timers.o(.data) for pxOverflowTimerList
    timers.o(.text) refers to timers.o(.bss) for xActiveTimerList1
    heap_4.o(.text) refers to tasks.o(.text) for vTaskSuspendAll
    heap_4.o(.text) refers to printfa.o(i.__0printf) for __2printf
    heap_4.o(.text) refers to heap_4.o(.data) for xStart
    heap_4.o(.text) refers to heap_4.o(.bss) for ucHeap
    rtc.o(.text) refers to uldiv.o(.text) for __aeabi_uldivmod
    rtc.o(.text) refers to rtc.o(.data) for g_u32hiYear
    clk.o(.text) refers to system_m480.o(.text) for SystemCoreClockUpdate
    clk.o(.text) refers to system_m480.o(.data) for SystemCoreClock
    clk.o(.text) refers to clk.o(.constdata) for .constdata
    uart.o(.text) refers to clk.o(.text) for CLK_GetPLLClockFreq
    uart.o(.text) refers to uart.o(.constdata) for .constdata
    scuart.o(.text) refers to clk.o(.text) for CLK_GetPLLClockFreq
    pdma.o(.text) refers to pdma.o(.bss) for u32ChSelect
    sc.o(.text) refers to clk.o(.text) for CLK_GetPLLClockFreq
    sc.o(.text) refers to sc.o(.bss) for u32CardStateIgnore
    epwm.o(.text) refers to clk.o(.text) for CLK_GetPLLClockFreq
    epwm.o(.text) refers to system_m480.o(.text) for SystemCoreClockUpdate
    timer.o(.text) refers to memmovea.o(.text) for __aeabi_memcpy4
[...]
    _printf_g                                0x00000000   Number         0  stubs.o ABSOLUTE
    _printf_i                                0x00000000   Number         0  stubs.o ABSOLUTE
    _printf_int_dec                          0x00000000   Number         0  stubs.o ABSOLUTE
    _printf_l                                0x00000000   Number         0  stubs.o ABSOLUTE
    _printf_lc                               0x00000000   Number         0  stubs.o ABSOLUTE
    _printf_ll                               0x00000000   Number         0  stubs.o ABSOLUTE
    _printf_lld                              0x00000000   Number         0  stubs.o ABSOLUTE
    _printf_lli                              0x00000000   Number         0  stubs.o ABSOLUTE
    _printf_llo                              0x00000000   Number         0  stubs.o ABSOLUTE
    _printf_llu                              0x00000000   Number         0  stubs.o ABSOLUTE
    _printf_llx                              0x00000000   Number         0  stubs.o ABSOLUTE
    _printf_longlong_dec                     0x00000000   Number         0  stubs.o ABSOLUTE
    _printf_longlong_hex                     0x00000000   Number         0  stubs.o ABSOLUTE
    _printf_longlong_oct                     0x00000000   Number         0  stubs.o ABSOLUTE
    _printf_ls                               0x00000000   Number         0  stubs.o ABSOLUTE
    _printf_mbtowc                           0x00000000   Number         0  stubs.o ABSOLUTE
    _printf_n                                0x00000000   Number         0  stubs.o ABSOLUTE
    _printf_o                                0x00000000   Number         0  stubs.o ABSOLUTE
    _printf_p                                0x00000000   Number         0  stubs.o ABSOLUTE
    _printf_percent                          0x00000000   Number         0  stubs.o ABSOLUTE
    _printf_pre_padding                      0x00000000   Number         0  stubs.o ABSOLUTE
    _printf_return_value                     0x00000000   Number         0  stubs.o ABSOLUTE
    _printf_s                                0x00000000   Number         0  stubs.o ABSOLUTE
    _printf_sizespec                         0x00000000   Number         0  stubs.o ABSOLUTE
    _printf_str                              0x00000000   Number         0  stubs.o ABSOLUTE
    _printf_truncate_signed                  0x00000000   Number         0  stubs.o ABSOLUTE
    _printf_truncate_unsigned                0x00000000   Number         0  stubs.o ABSOLUTE
    _printf_u                                0x00000000   Number         0  stubs.o ABSOLUTE
    _printf_wc                               0x00000000   Number         0  stubs.o ABSOLUTE
    _printf_wctomb                           0x00000000   Number         0  stubs.o ABSOLUTE
    _printf_widthprec                        0x00000000   Number         0  stubs.o ABSOLUTE
    _printf_x                                0x00000000   Number         0  stubs.o ABSOLUTE
    __cpp_initialize__aeabi_                  - Undefined Weak Reference
    __cxa_finalize                            - Undefined Weak Reference
    _clock_init                               - Undefined Weak Reference
    _microlib_exit                            - Undefined Weak Reference
    __Vectors_End                            0x000001f4   Data           0  startup_m480.o(RESET)
    __Vectors_Size                           0x000001f4   Number         0  startup_m480.o ABSOLUTE
    __main                                   0x000001f5   Thumb Code     0  entry.o(.ARM.Collect$$$$00000000)
    _main_stk                                0x000001f5   Thumb Code     0  entry2.o(.ARM.Collect$$$$00000001)
    _main_scatterload                        0x000001f9   Thumb Code     0  entry5.o(.ARM.Collect$$$$00000004)
    __main_after_scatterload                 0x000001fd   Thumb Code     0  entry5.o(.ARM.Collect$$$$00000004)
    _main_clock                              0x000001fd   Thumb Code     0  entry7b.o(.ARM.Collect$$$$00000008)
    _main_cpp_init                           0x000001fd   Thumb Code     0  entry8b.o(.ARM.Collect$$$$0000000A)
    _main_init                               0x000001fd   Thumb Code     0  entry9a.o(.ARM.Collect$$$$0000000B)
    __rt_final_cpp                           0x00000205   Thumb Code     0  entry10a.o(.ARM.Collect$$$$0000000D)
    __rt_final_exit                          0x00000205   Thumb Code     0  entry11a.o(.ARM.Collect$$$$0000000F)
    SVC_Handler                              0x00000209   Thumb Code    28  port.o(.emb_text)
    __asm___6_port_c_39a90d8d__prvStartFirstTask 0x00000229   Thumb Code    36  port.o(.emb_text)
    __asm___6_port_c_39a90d8d__prvEnableVFP  0x00000251   Thumb Code    16  port.o(.emb_text)
    PendSV_Handler                           0x00000265   Thumb Code    88  port.o(.emb_text)
    vPortGetIPSR                             0x000002c1   Thumb Code     6  port.o(.emb_text)
    HardFault_Handler                        0x000002c9   Thumb Code    24  retarget.o(.emb_text)
    Reset_Handler                            0x000002e5   Thumb Code    64  startup_m480.o(.text)
    NMI_Handler                              0x00000325   Thumb Code     2  startup_m480.o(.text)
    MemManage_Handler                        0x00000329   Thumb Code     2  startup_m480.o(.text)
    BusFault_Handler                         0x0000032b   Thumb Code     2  startup_m480.o(.text)
    UsageFault_Handler                       0x0000032d   Thumb Code     2  startup_m480.o(.text)
    DebugMon_Handler                         0x00000331   Thumb Code     2  startup_m480.o(.text)
    ACMP01_IRQHandler                        0x00000337   Thumb Code     0  startup_m480.o(.text)
    BOD_IRQHandler                           0x00000337   Thumb Code     0  startup_m480.o(.text)
    BPWM0_IRQHandler                         0x00000337   Thumb Code     0  startup_m480.o(.text)
    BPWM1_IRQHandler                         0x00000337   Thumb Code     0  startup_m480.o(.text)
    BRAKE0_IRQHandler                        0x00000337   Thumb Code     0  startup_m480.o(.text)
    BRAKE1_IRQHandler                        0x00000337   Thumb Code     0  startup_m480.o(.text)
    CAN0_IRQHandler                          0x00000337   Thumb Code     0  startup_m480.o(.text)
    CAN1_IRQHandler                          0x00000337   Thumb Code     0  startup_m480.o(.text)
    CAN2_IRQHandler                          0x00000337   Thumb Code     0  startup_m480.o(.text)
    CCAP_IRQHandler                          0x00000337   Thumb Code     0  startup_m480.o(.text)
    CKFAIL_IRQHandler                        0x00000337   Thumb Code     0  startup_m480.o(.text)
    CRYPTO_IRQHandler                        0x00000337   Thumb Code     0  startup_m480.o(.text)
    DAC_IRQHandler                           0x00000337   Thumb Code     0  startup_m480.o(.text)
    EADC00_IRQHandler                        0x00000337   Thumb Code     0  startup_m480.o(.text)
    EADC01_IRQHandler                        0x00000337   Thumb Code     0  startup_m480.o(.text)
    EADC02_IRQHandler                        0x00000337   Thumb Code     0  startup_m480.o(.text)
    EADC03_IRQHandler                        0x00000337   Thumb Code     0  startup_m480.o(.text)
    EADC10_IRQHandler                        0x00000337   Thumb Code     0  startup_m480.o(.text)
    EADC11_IRQHandler                        0x00000337   Thumb Code     0  startup_m480.o(.text)
    EADC12_IRQHandler                        0x00000337   Thumb Code     0  startup_m480.o(.text)
    EADC13_IRQHandler                        0x00000337   Thumb Code     0  startup_m480.o(.text)
    ECAP0_IRQHandler                         0x00000337   Thumb Code     0  startup_m480.o(.text)
    ECAP1_IRQHandler                         0x00000337   Thumb Code     0  startup_m480.o(.text)
    EHCI_IRQHandler                          0x00000337   Thumb Code     0  startup_m480.o(.text)
    EINT0_IRQHandler                         0x00000337   Thumb Code     0  startup_m480.o(.text)
    EINT1_IRQHandler                         0x00000337   Thumb Code     0  startup_m480.o(.text)
    EINT2_IRQHandler                         0x00000337   Thumb Code     0  startup_m480.o(.text)
    EINT3_IRQHandler                         0x00000337   Thumb Code     0  startup_m480.o(.text)
    EINT4_IRQHandler                         0x00000337   Thumb Code     0  startup_m480.o(.text)
    EINT5_IRQHandler                         0x00000337   Thumb Code     0  startup_m480.o(.text)
    EINT6_IRQHandler                         0x00000337   Thumb Code     0  startup_m480.o(.text)
    EINT7_IRQHandler                         0x00000337   Thumb Code     0  startup_m480.o(.text)
    EMAC_RX_IRQHandler                       0x00000337   Thumb Code     0  startup_m480.o(.text)
    EMAC_TX_IRQHandler                       0x00000337   Thumb Code     0  startup_m480.o(.text)
    EPWM0P0_IRQHandler                       0x00000337   Thumb Code     0  startup_m480.o(.text)
    EPWM0P1_IRQHandler                       0x00000337   Thumb Code     0  startup_m480.o(.text)
    EPWM0P2_IRQHandler                       0x00000337   Thumb Code     0  startup_m480.o(.text)
    EPWM1P0_IRQHandler                       0x00000337   Thumb Code     0  startup_m480.o(.text)
    EPWM1P1_IRQHandler                       0x00000337   Thumb Code     0  startup_m480.o(.text)
    EPWM1P2_IRQHandler                       0x00000337   Thumb Code     0  startup_m480.o(.text)
    GPC_IRQHandler                           0x00000337   Thumb Code     0  startup_m480.o(.text)
    GPD_IRQHandler                           0x00000337   Thumb Code     0  startup_m480.o(.text)
    GPE_IRQHandler                           0x00000337   Thumb Code     0  startup_m480.o(.text)
    GPF_IRQHandler                           0x00000337   Thumb Code     0  startup_m480.o(.text)
    GPG_IRQHandler                           0x00000337   Thumb Code     0  startup_m480.o(.text)
    GPH_IRQHandler                           0x00000337   Thumb Code     0  startup_m480.o(.text)
    I2C0_IRQHandler                          0x00000337   Thumb Code     0  startup_m480.o(.text)
    I2C1_IRQHandler                          0x00000337   Thumb Code     0  startup_m480.o(.text)
    I2C2_IRQHandler                          0x00000337   Thumb Code     0  startup_m480.o(.text)
    I2S0_IRQHandler                          0x00000337   Thumb Code     0  startup_m480.o(.text)
    IRC_IRQHandler                           0x00000337   Thumb Code     0  startup_m480.o(.text)
    OHCI_IRQHandler                          0x00000337   Thumb Code     0  startup_m480.o(.text)
    OPA0_IRQHandler                          0x00000337   Thumb Code     0  startup_m480.o(.text)
    PWRWU_IRQHandler                         0x00000337   Thumb Code     0  startup_m480.o(.text)
    QEI0_IRQHandler                          0x00000337   Thumb Code     0  startup_m480.o(.text)
    QEI1_IRQHandler                          0x00000337   Thumb Code     0  startup_m480.o(.text)
    QSPI0_IRQHandler                         0x00000337   Thumb Code     0  startup_m480.o(.text)
    QSPI1_IRQHandler                         0x00000337   Thumb Code     0  startup_m480.o(.text)
    RAMPE_IRQHandler                         0x00000337   Thumb Code     0  startup_m480.o(.text)
    RTC_IRQHandler                           0x00000337   Thumb Code     0  startup_m480.o(.text)
    SC2_IRQHandler                           0x00000337   Thumb Code     0  startup_m480.o(.text)
    SDH0_IRQHandler                          0x00000337   Thumb Code     0  startup_m480.o(.text)
    SDH1_IRQHandler                          0x00000337   Thumb Code     0  startup_m480.o(.text)
    SPI0_IRQHandler                          0x00000337   Thumb Code     0  startup_m480.o(.text)
    SPI1_IRQHandler                          0x00000337   Thumb Code     0  startup_m480.o(.text)
    SPI2_IRQHandler                          0x00000337   Thumb Code     0  startup_m480.o(.text)
    SPI3_IRQHandler                          0x00000337   Thumb Code     0  startup_m480.o(.text)
    SPIM_IRQHandler                          0x00000337   Thumb Code     0  startup_m480.o(.text)
    TAMPER_IRQHandler                        0x00000337   Thumb Code     0  startup_m480.o(.text)
    TMR0_IRQHandler                          0x00000337   Thumb Code     0  startup_m480.o(.text)
    TMR1_IRQHandler                          0x00000337   Thumb Code     0  startup_m480.o(.text)
    TMR2_IRQHandler                          0x00000337   Thumb Code     0  startup_m480.o(.text)
    TMR3_IRQHandler                          0x00000337   Thumb Code     0  startup_m480.o(.text)
    TRNG_IRQHandler                          0x00000337   Thumb Code     0  startup_m480.o(.text)
    UART6_IRQHandler                         0x00000337   Thumb Code     0  startup_m480.o(.text)
    UART7_IRQHandler                         0x00000337   Thumb Code     0  startup_m480.o(.text)
    USBD20_IRQHandler                        0x00000337   Thumb Code     0  startup_m480.o(.text)
    USBD_IRQHandler                          0x00000337   Thumb Code     0  startup_m480.o(.text)
    USBOTG20_IRQHandler                      0x00000337   Thumb Code     0  startup_m480.o(.text)
    USBOTG_IRQHandler                        0x00000337   Thumb Code     0  startup_m480.o(.text)
    USCI0_IRQHandler                         0x00000337   Thumb Code     0  startup_m480.o(.text)
    USCI1_IRQHandler                         0x00000337   Thumb Code     0  startup_m480.o(.text)
    WDT_IRQHandler                           0x00000337   Thumb Code     0  startup_m480.o(.text)
    WWDT_IRQHandler                          0x00000337   Thumb Code     0  startup_m480.o(.text)
    SystemCoreClockUpdate                    0x0000034d   Thumb Code    74  system_m480.o(.text)
    SystemInit                               0x00000397   Thumb Code   132  system_m480.o(.text)
    pxPortInitialiseStack                    0x00000471   Thumb Code    38  port.o(.text)
    vPortSetupTimerInterrupt                 0x00000497   Thumb Code    36  port.o(.text)
    xPortStartScheduler                      0x000004bb   Thumb Code   322  port.o(.text)
    vPortEndScheduler                        0x000005fd   Thumb Code    34  port.o(.text)
    vPortEnterCritical                       0x0000061f   Thumb Code    70  port.o(.text)
    vPortExitCritical                        0x00000665   Thumb Code    48  port.o(.text)
    SysTick_Handler                          0x00000695   Thumb Code    48  port.o(.text)
    vPortValidateInterruptPriority           0x000006c5   Thumb Code    88  port.o(.text)
    vListInitialise                          0x00000785   Thumb Code    26  list.o(.text)
    vListInitialiseItem                      0x0000079f   Thumb Code     6  list.o(.text)
    vListInsertEnd                           0x000007a5   Thumb Code    24  list.o(.text)
    vListInsert                              0x000007bd   Thumb Code    52  list.o(.text)
    uxListRemove                             0x000007f1   Thumb Code    40  list.o(.text)
    xQueueGenericReset                       0x00000819   Thumb Code   134  queue.o(.text)
    xQueueGenericCreate                      0x000008cd   Thumb Code    78  queue.o(.text)
    xQueueGenericSend                        0x00000ac3   Thumb Code   466  queue.o(.text)
    xQueueCreateMutex                        0x00000cb1   Thumb Code    34  queue.o(.text)
    xQueueGiveMutexRecursive                 0x00000cd3   Thumb Code    66  queue.o(.text)
    xQueueSemaphoreTake                      0x00000d43   Thumb Code   410  queue.o(.text)
    xQueueTakeMutexRecursive                 0x00000edd   Thumb Code    72  queue.o(.text)
    xQueueCreateCountingSemaphore            0x00000f25   Thumb Code    80  queue.o(.text)
    xQueueGenericSendFromISR                 0x00000f75   Thumb Code   250  queue.o(.text)
    xQueueGiveFromISR                        0x0000106f   Thumb Code   228  queue.o(.text)
    xQueueReceive                            0x0000117d   Thumb Code   338  queue.o(.text)
    xQueuePeek                               0x000012cf   Thumb Code   344  queue.o(.text)
    xQueueReceiveFromISR                     0x00001427   Thumb Code   190  queue.o(.text)
    xQueuePeekFromISR                        0x000014e5   Thumb Code   158  queue.o(.text)
    uxQueueMessagesWaiting                   0x00001583   Thumb Code    36  queue.o(.text)
    uxQueueSpacesAvailable                   0x000015a7   Thumb Code    42  queue.o(.text)
    uxQueueMessagesWaitingFromISR            0x000015d1   Thumb Code    32  queue.o(.text)
    vQueueUnregisterQueue                    0x000015f1   Thumb Code    44  queue.o(.text)
    vQueueDelete                             0x0000161d   Thumb Code    38  queue.o(.text)
    uxQueueGetQueueNumber                    0x00001643   Thumb Code     6  queue.o(.text)
    vQueueSetQueueNumber                     0x00001649   Thumb Code     4  queue.o(.text)
    ucQueueGetQueueType                      0x0000164d   Thumb Code     8  queue.o(.text)
    xQueueIsQueueEmptyFromISR                0x00001655   Thumb Code    36  queue.o(.text)
    xQueueIsQueueFullFromISR                 0x00001679   Thumb Code    40  queue.o(.text)
    vQueueAddToRegistry                      0x000016a1   Thumb Code    38  queue.o(.text)
    pcQueueGetName                           0x000016c7   Thumb Code    38  queue.o(.text)
    vQueueWaitForMessageRestricted           0x000016ed   Thumb Code    74  queue.o(.text)
    xQueueCreateSet                          0x00001737   Thumb Code    20  queue.o(.text)
    xQueueAddToSet                           0x0000174b   Thumb Code    38  queue.o(.text)
    xQueueRemoveFromSet                      0x00001771   Thumb Code    48  queue.o(.text)
    xQueueSelectFromSet                      0x000017a1   Thumb Code    24  queue.o(.text)
    xQueueSelectFromSetFromISR               0x000017b9   Thumb Code    22  queue.o(.text)
    xTaskCreate                              0x00001961   Thumb Code    96  tasks.o(.text)
    vTaskDelete                              0x000019fd   Thumb Code   192  tasks.o(.text)
    xTaskIncrementTick                       0x00001abd   Thumb Code   400  tasks.o(.text)
    xTaskResumeAll                           0x00001c4d   Thumb Code   218  tasks.o(.text)
    vTaskSuspendAll                          0x00001da3   Thumb Code    12  tasks.o(.text)
    vTaskDelayUntil                          0x00001daf   Thumb Code   182  tasks.o(.text)
    vTaskDelay                               0x00001e65   Thumb Code    76  tasks.o(.text)
    eTaskGetState                            0x00001eb1   Thumb Code   106  tasks.o(.text)
    uxTaskPriorityGet                        0x00001f1b   Thumb Code    30  tasks.o(.text)
    uxTaskPriorityGetFromISR                 0x00001f39   Thumb Code    62  tasks.o(.text)
    vTaskPrioritySet                         0x00001f77   Thumb Code   320  tasks.o(.text)
    vTaskSwitchContext                       0x000020b7   Thumb Code   114  tasks.o(.text)
    vTaskSuspend                             0x00002129   Thumb Code   204  tasks.o(.text)
    vTaskResume                              0x00002241   Thumb Code   122  tasks.o(.text)
    xTaskResumeFromISR                       0x000022bb   Thumb Code   152  tasks.o(.text)
    vTaskStartScheduler                      0x000023af   Thumb Code   112  tasks.o(.text)
    vTaskEndScheduler                        0x0000241f   Thumb Code    32  tasks.o(.text)
    xTaskGetTickCount                        0x0000243f   Thumb Code     6  tasks.o(.text)
    xTaskGetTickCountFromISR                 0x00002445   Thumb Code    16  tasks.o(.text)
    uxTaskGetNumberOfTasks                   0x00002455   Thumb Code     6  tasks.o(.text)
    pcTaskGetName                            0x0000245b   Thumb Code   114  tasks.o(.text)
    vTaskGetInfo                             0x000024e3   Thumb Code   126  tasks.o(.text)
    uxTaskGetSystemState                     0x000025cb   Thumb Code   152  tasks.o(.text)
    vTaskPlaceOnEventList                    0x00002663   Thumb Code    46  tasks.o(.text)
    vTaskPlaceOnUnorderedEventList           0x00002691   Thumb Code    88  tasks.o(.text)
    vTaskPlaceOnEventListRestricted          0x000026e9   Thumb Code    54  tasks.o(.text)
    xTaskRemoveFromEventList                 0x0000271f   Thumb Code   122  tasks.o(.text)
    vTaskRemoveFromUnorderedEventList        0x00002799   Thumb Code   130  tasks.o(.text)
    vTaskSetTimeOutState                     0x0000281b   Thumb Code    44  tasks.o(.text)
    vTaskInternalSetTimeOutState             0x00002847   Thumb Code    14  tasks.o(.text)
    xTaskCheckForTimeOut                     0x00002855   Thumb Code   172  tasks.o(.text)
    vTaskMissedYield                         0x00002901   Thumb Code     8  tasks.o(.text)
    uxTaskGetTaskNumber                      0x00002909   Thumb Code    14  tasks.o(.text)
    vTaskSetTaskNumber                       0x00002917   Thumb Code     8  tasks.o(.text)
    xTaskGetCurrentTaskHandle                0x0000291f   Thumb Code     6  tasks.o(.text)
    xTaskGetSchedulerState                   0x00002925   Thumb Code    24  tasks.o(.text)
    xTaskPriorityInherit                     0x0000293d   Thumb Code   186  tasks.o(.text)
    xTaskPriorityDisinherit                  0x000029f7   Thumb Code   176  tasks.o(.text)
    vTaskPriorityDisinheritAfterTimeout      0x00002aa7   Thumb Code   218  tasks.o(.text)
    vTaskList                                0x00002bab   Thumb Code   204  tasks.o(.text)
    uxTaskResetEventItemValue                0x00002c77   Thumb Code    24  tasks.o(.text)
    pvTaskIncrementMutexHeldCount            0x00002c8f   Thumb Code    26  tasks.o(.text)
    ulTaskNotifyTake                         0x00002ca9   Thumb Code   158  tasks.o(.text)
    xTaskNotifyWait                          0x00002d47   Thumb Code   150  tasks.o(.text)
    xTaskGenericNotify                       0x00002ddd   Thumb Code   226  tasks.o(.text)
    xTaskGenericNotifyFromISR                0x00002ebf   Thumb Code   282  tasks.o(.text)
    vTaskNotifyGiveFromISR                   0x00002fd9   Thumb Code   200  tasks.o(.text)
    xTaskNotifyStateClear                    0x000030a1   Thumb Code    48  tasks.o(.text)
    xTimerGenericCommand                     0x00003141   Thumb Code   116  timers.o(.text)
    xTimerCreateTimerTask                    0x00003485   Thumb Code    56  timers.o(.text)
    xTimerCreate                             0x00003561   Thumb Code    48  timers.o(.text)
    xTimerGetTimerDaemonTaskHandle           0x00003591   Thumb Code    38  timers.o(.text)
    xTimerGetPeriod                          0x000035b7   Thumb Code    28  timers.o(.text)
    xTimerGetExpiryTime                      0x000035d3   Thumb Code    30  timers.o(.text)
    pcTimerGetName                           0x000035f1   Thumb Code    28  timers.o(.text)
    xTimerIsTimerActive                      0x0000360d   Thumb Code    50  timers.o(.text)
    pvTimerGetTimerID                        0x0000363f   Thumb Code    38  timers.o(.text)
    vTimerSetTimerID                         0x00003665   Thumb Code    38  timers.o(.text)
    uxTimerGetTimerNumber                    0x0000368b   Thumb Code     6  timers.o(.text)
    vTimerSetTimerNumber                     0x00003691   Thumb Code     4  timers.o(.text)
    pvPortMalloc                             0x0000375b   Thumb Code   262  heap_4.o(.text)
    vPortFree                                0x00003861   Thumb Code   120  heap_4.o(.text)
    xPortGetFreeHeapSize                     0x000038d9   Thumb Code     6  heap_4.o(.text)
    xPortGetMinimumEverFreeHeapSize          0x000038df   Thumb Code     6  heap_4.o(.text)
    vPortInitialiseBlocks                    0x000038e5   Thumb Code     2  heap_4.o(.text)
    RTC_SetDateAndTime                       0x00003973   Thumb Code   228  rtc.o(.text)
    RTC_Open                                 0x00003a57   Thumb Code    42  rtc.o(.text)
    RTC_Close                                0x00003a81   Thumb Code    20  rtc.o(.text)
    RTC_32KCalibration                       0x00003a95   Thumb Code   148  rtc.o(.text)
    RTC_GetDateAndTime                       0x00003b29   Thumb Code   360  rtc.o(.text)
    RTC_GetAlarmDateAndTime                  0x00003c91   Thumb Code   444  rtc.o(.text)
    RTC_SetAlarmDateAndTime                  0x00003e4d   Thumb Code   218  rtc.o(.text)
    RTC_SetDate                              0x00003f27   Thumb Code   110  rtc.o(.text)
    RTC_SetTime                              0x00003f95   Thumb Code   146  rtc.o(.text)
    RTC_SetAlarmDate                         0x00004027   Thumb Code    96  rtc.o(.text)
    RTC_SetAlarmTime                         0x00004087   Thumb Code   146  rtc.o(.text)
    RTC_SetAlarmDateMask                     0x00004119   Thumb Code    50  rtc.o(.text)
    RTC_SetAlarmTimeMask                     0x0000414b   Thumb Code   102  rtc.o(.text)
    RTC_GetDayOfWeek                         0x000041b1   Thumb Code    10  rtc.o(.text)
    RTC_SetTickPeriod                        0x000041bb   Thumb Code    24  rtc.o(.text)
    RTC_EnableInt                            0x000041d3   Thumb Code    20  rtc.o(.text)
    RTC_DisableInt                           0x000041e7   Thumb Code    28  rtc.o(.text)
    RTC_EnableSpareAccess                    0x00004203   Thumb Code    20  rtc.o(.text)
    RTC_DisableSpareRegister                 0x00004217   Thumb Code    20  rtc.o(.text)
    RTC_StaticTamperEnable                   0x0000422b   Thumb Code    76  rtc.o(.text)
    RTC_StaticTamperDisable                  0x00004277   Thumb Code    54  rtc.o(.text)
    RTC_DynamicTamperEnable                  0x000042ad   Thumb Code   150  rtc.o(.text)
    RTC_DynamicTamperDisable                 0x00004343   Thumb Code   100  rtc.o(.text)
    RTC_DynamicTamperConfig                  0x000043a7   Thumb Code    66  rtc.o(.text)
    CLK_DisableModuleClock                   0x000043f5   Thumb Code    36  clk.o(.text)
    CLK_DisableCKO                           0x00004419   Thumb Code    10  clk.o(.text)
    CLK_SetModuleClock                       0x00004423   Thumb Code   208  clk.o(.text)
    CLK_EnableModuleClock                    0x000044f3   Thumb Code    36  clk.o(.text)
    CLK_EnableCKO                            0x00004517   Thumb Code    40  clk.o(.text)
    CLK_PowerDown                            0x0000453f   Thumb Code    56  clk.o(.text)
    CLK_Idle                                 0x00004577   Thumb Code    32  clk.o(.text)
    CLK_GetHXTFreq                           0x00004597   Thumb Code    20  clk.o(.text)
    CLK_GetLXTFreq                           0x000045ab   Thumb Code    22  clk.o(.text)
    CLK_GetPCLK0Freq                         0x000045c1   Thumb Code   120  clk.o(.text)
    CLK_GetPCLK1Freq                         0x00004639   Thumb Code   120  clk.o(.text)
    CLK_GetHCLKFreq                          0x000046b1   Thumb Code    12  clk.o(.text)
    CLK_GetCPUFreq                           0x000046bd   Thumb Code    12  clk.o(.text)
    CLK_WaitClockReady                       0x000046c9   Thumb Code    38  clk.o(.text)
    CLK_SetHCLK                              0x000046ef   Thumb Code   120  clk.o(.text)
    CLK_GetPLLClockFreq                      0x00004767   Thumb Code   106  clk.o(.text)
    CLK_DisablePLL                           0x000047d1   Thumb Code    52  clk.o(.text)
    CLK_EnablePLL                            0x00004805   Thumb Code   374  clk.o(.text)
    CLK_SetCoreClock                         0x0000497b   Thumb Code   152  clk.o(.text)
    CLK_SetSysTickClockSrc                   0x00004a13   Thumb Code    22  clk.o(.text)
    CLK_EnableXtalRC                         0x00004a29   Thumb Code    16  clk.o(.text)
    CLK_DisableXtalRC                        0x00004a39   Thumb Code    16  clk.o(.text)
    CLK_EnableSysTick                        0x00004a49   Thumb Code    70  clk.o(.text)
    CLK_DisableSysTick                       0x00004a8f   Thumb Code    10  clk.o(.text)
    CLK_SetPowerDownMode                     0x00004a99   Thumb Code   120  clk.o(.text)
    CLK_EnableDPDWKPin                       0x00004b11   Thumb Code   162  clk.o(.text)
    CLK_GetPMUWKSrc                          0x00004bb3   Thumb Code     8  clk.o(.text)
    CLK_EnableSPDWKPin                       0x00004bbb   Thumb Code    44  clk.o(.text)
    CLK_GetModuleClockSource                 0x00004be7   Thumb Code   168  clk.o(.text)
    CLK_GetModuleClockDivider                0x00004c8f   Thumb Code   100  clk.o(.text)
    GPIO_SetMode                             0x00004d09   Thumb Code    50  gpio.o(.text)
    GPIO_EnableInt                           0x00004d3b   Thumb Code    40  gpio.o(.text)
    GPIO_DisableInt                          0x00004d63   Thumb Code    24  gpio.o(.text)
    GPIO_SetSlewCtl                          0x00004d7b   Thumb Code    44  gpio.o(.text)
    GPIO_SetPullCtl                          0x00004da7   Thumb Code    44  gpio.o(.text)
    SYS_ClearResetSrc                        0x00004dd5   Thumb Code    16  sys.o(.text)
    SYS_GetBODStatus                         0x00004de5   Thumb Code    12  sys.o(.text)
    SYS_GetResetSrc                          0x00004df1   Thumb Code     8  sys.o(.text)
    SYS_IsRegLocked                          0x00004df9   Thumb Code    14  sys.o(.text)
    SYS_ReadPDID                             0x00004e07   Thumb Code     8  sys.o(.text)
    SYS_ResetChip                            0x00004e0f   Thumb Code    18  sys.o(.text)
    SYS_ResetCPU                             0x00004e21   Thumb Code    18  sys.o(.text)
    SYS_ResetModule                          0x00004e33   Thumb Code    38  sys.o(.text)
    SYS_EnableBOD                            0x00004e59   Thumb Code    42  sys.o(.text)
    SYS_DisableBOD                           0x00004e83   Thumb Code    18  sys.o(.text)
    SYS_SetPowerLevel                        0x00004e95   Thumb Code    22  sys.o(.text)
    SYS_SetVRef                              0x00004eab   Thumb Code    20  sys.o(.text)
    UART_ClearIntFlag                        0x00004ec5   Thumb Code    66  uart.o(.text)
    UART_Close                               0x00004f07   Thumb Code     6  uart.o(.text)
    UART_DisableFlowCtrl                     0x00004f0d   Thumb Code    10  uart.o(.text)
    UART_DisableInt                          0x00004f17   Thumb Code     8  uart.o(.text)
    UART_EnableFlowCtrl                      0x00004f1f   Thumb Code    26  uart.o(.text)
    UART_EnableInt                           0x00004f39   Thumb Code     8  uart.o(.text)
    UART_Open                                0x00004f41   Thumb Code   284  uart.o(.text)
    UART_Read                                0x0000505d   Thumb Code    58  uart.o(.text)
    UART_SetLineConfig                       0x00005097   Thumb Code   290  uart.o(.text)
    UART_SetTimeoutCnt                       0x000051b9   Thumb Code    20  uart.o(.text)
    UART_SelectIrDAMode                      0x000051cd   Thumb Code   328  uart.o(.text)
    UART_SelectRS485Mode                     0x00005315   Thumb Code    26  uart.o(.text)
    UART_SelectLINMode                       0x0000532f   Thumb Code    26  uart.o(.text)
    UART_Write                               0x00005349   Thumb Code    58  uart.o(.text)
    SCUART_Close                             0x00005389   Thumb Code    10  scuart.o(.text)
    SCUART_Open                              0x000053f3   Thumb Code    50  scuart.o(.text)
    SCUART_Read                              0x00005425   Thumb Code    32  scuart.o(.text)
    SCUART_SetLineConfig                     0x00005445   Thumb Code    74  scuart.o(.text)
    SCUART_SetTimeoutCnt                     0x0000548f   Thumb Code     4  scuart.o(.text)
    SCUART_Write                             0x00005493   Thumb Code    32  scuart.o(.text)
    PDMA_Open                                0x000054c5   Thumb Code    46  pdma.o(.text)
    PDMA_Close                               0x000054f3   Thumb Code     8  pdma.o(.text)
    PDMA_SetTransferCnt                      0x000054fb   Thumb Code    42  pdma.o(.text)
    PDMA_SetStride                           0x00005525   Thumb Code    50  pdma.o(.text)
    PDMA_SetRepeat                           0x00005557   Thumb Code    40  pdma.o(.text)
    PDMA_SetTransferAddr                     0x0000557f   Thumb Code    54  pdma.o(.text)
    PDMA_SetTransferMode                     0x000055b5   Thumb Code   372  pdma.o(.text)
    PDMA_SetBurstType                        0x00005729   Thumb Code    38  pdma.o(.text)
    PDMA_EnableTimeout                       0x0000574f   Thumb Code    12  pdma.o(.text)
    PDMA_DisableTimeout                      0x0000575b   Thumb Code    12  pdma.o(.text)
    PDMA_SetTimeOut                          0x00005767   Thumb Code    78  pdma.o(.text)
    PDMA_Trigger                             0x000057b5   Thumb Code    16  pdma.o(.text)
    PDMA_EnableInt                           0x000057c5   Thumb Code    70  pdma.o(.text)
    PDMA_DisableInt                          0x0000580b   Thumb Code    70  pdma.o(.text)
    SC_IsCardInserted                        0x00005859   Thumb Code    82  sc.o(.text)
    SC_ClearFIFO                             0x000058ab   Thumb Code    22  sc.o(.text)
    SC_Close                                 0x000058c1   Thumb Code    36  sc.o(.text)
    SC_Open                                  0x000058e5   Thumb Code    96  sc.o(.text)
    SC_ResetReader                           0x00005945   Thumb Code   108  sc.o(.text)
    SC_SetBlockGuardTime                     0x000059b1   Thumb Code    16  sc.o(.text)
    SC_SetCharGuardTime                      0x000059c1   Thumb Code    20  sc.o(.text)
    SC_StopAllTimer                          0x000059d5   Thumb Code    22  sc.o(.text)
    SC_StartTimer                            0x000059eb   Thumb Code   104  sc.o(.text)
    SC_StopTimer                             0x00005a53   Thumb Code    48  sc.o(.text)
    SC_GetInterfaceClock                     0x00005a83   Thumb Code   104  sc.o(.text)
    EADC_Open                                0x00005b09   Thumb Code    34  eadc.o(.text)
    EADC_Close                               0x00005b2b   Thumb Code    10  eadc.o(.text)
    EADC_ConfigSampleModule                  0x00005b35   Thumb Code    44  eadc.o(.text)
    EADC_SetTriggerDelayTime                 0x00005b61   Thumb Code    46  eadc.o(.text)
    EADC_SetExtendSampleTime                 0x00005b8f   Thumb Code    40  eadc.o(.text)
    FMC_Close                                0x00005bbd   Thumb Code    14  fmc.o(.text)
    FMC_GetXOMState                          0x00005bcb   Thumb Code    40  fmc.o(.text)
    FMC_ConfigXOM                            0x00005bf3   Thumb Code   232  fmc.o(.text)
    FMC_Erase_SPROM                          0x00005cdb   Thumb Code    64  fmc.o(.text)
    FMC_Erase                                0x00005d1b   Thumb Code    78  fmc.o(.text)
    FMC_Erase_Block                          0x00005d69   Thumb Code    60  fmc.o(.text)
    FMC_Erase_Bank                           0x00005da5   Thumb Code    60  fmc.o(.text)
    FMC_EraseXOM                             0x00005de1   Thumb Code   152  fmc.o(.text)
    FMC_GetBootSource                        0x00005e79   Thumb Code    32  fmc.o(.text)
    FMC_Open                                 0x00005e99   Thumb Code    14  fmc.o(.text)
    FMC_Read                                 0x00005ea7   Thumb Code    36  fmc.o(.text)
    FMC_Read_64                              0x00005ecb   Thumb Code    84  fmc.o(.text)
    FMC_ReadDataFlashBaseAddr                0x00005f1f   Thumb Code     6  fmc.o(.text)
    FMC_SetBootSource                        0x00005f25   Thumb Code    30  fmc.o(.text)
    FMC_Write                                0x00005f43   Thumb Code    32  fmc.o(.text)
    FMC_Write8Bytes                          0x00005f63   Thumb Code    82  fmc.o(.text)
    FMC_WriteMultiple                        0x00005fb5   Thumb Code   306  fmc.o(.text)
    FMC_Write_OTP                            0x000060e7   Thumb Code   148  fmc.o(.text)
    FMC_Read_OTP                             0x0000617b   Thumb Code    98  fmc.o(.text)
    FMC_Lock_OTP                             0x000061dd   Thumb Code    76  fmc.o(.text)
    FMC_Is_OTP_Locked                        0x00006229   Thumb Code    84  fmc.o(.text)
    FMC_ReadConfig                           0x0000627d   Thumb Code    38  fmc.o(.text)
    FMC_WriteConfig                          0x000062a3   Thumb Code   158  fmc.o(.text)
    FMC_GetChkSum                            0x00006341   Thumb Code    86  fmc.o(.text)
    FMC_CheckAllOne                          0x00006397   Thumb Code   128  fmc.o(.text)
    FMC_SetSPKey                             0x00006417   Thumb Code   262  fmc.o(.text)
    FMC_CompareSPKey                         0x0000651d   Thumb Code    94  fmc.o(.text)
    WDT_Open                                 0x00006591   Thumb Code    24  wdt.o(.text)
    hardware_config                          0x00006615   Thumb Code   152  hardware.o(.text)
    _led_config                              0x000066b1   Thumb Code    34  led_gpio.o(.text)
    sys_clock_init                           0x000066dd   Thumb Code   132  sys_clock.o(.text)
    uart_disable_TXPDMAEN                    0x00006771   Thumb Code    88  dma.o(.text)
    PDMA_IRQHandler                          0x000067c9   Thumb Code    84  dma.o(.text)
    flash_param_get                          0x0000698b   Thumb Code    54  isp_program.o(.text)
    flash_param_set                          0x000069c1   Thumb Code    92  isp_program.o(.text)
    _isp_config                              0x00006b9b   Thumb Code    38  isp_program.o(.text)
    judge_param                              0x00006bc1   Thumb Code   596  isp_program.o(.text)
    reset_param                              0x00006e15   Thumb Code   306  isp_program.o(.text)
    watch_dog_init                           0x00006f95   Thumb Code    86  wacth_dog.o(.text)
    watch_dog_feed                           0x00006feb   Thumb Code    10  wacth_dog.o(.text)
    _delay_init                              0x00006ffd   Thumb Code    52  delay.o(.text)
    delay_us                                 0x00007031   Thumb Code    40  delay.o(.text)
    delay_ms                                 0x00007059   Thumb Code    30  delay.o(.text)
    _key_config                              0x00007089   Thumb Code    60  key.o(.text)
    task_key                                 0x000070c5   Thumb Code   254  key.o(.text)
    _uart7_config                            0x000071cd   Thumb Code   148  uart7_config.o(.text)
    SC1_IRQHandler                           0x00007261   Thumb Code   292  uart7_config.o(.text)
    _uart7_send                              0x00007385   Thumb Code    96  uart7_config.o(.text)
    _4g_config                               0x00007401   Thumb Code    22  4g.o(.text)
    main_task_4g                             0x00007f93   Thumb Code  1696  4g.o(.text)
    get_4g_state                             0x00008633   Thumb Code     8  4g.o(.text)
    get_4g_quality                           0x0000863b   Thumb Code   152  4g.o(.text)
    get_network_state                        0x00008719   Thumb Code    14  commucation.o(.text)
    report_to_communication                  0x00008727   Thumb Code    34  commucation.o(.text)
    main_task_communication                  0x000095bb   Thumb Code   116  commucation.o(.text)
    get_link_info                            0x00009651   Thumb Code   480  pack_load.o(.text)
    get_channel_status                       0x00009831   Thumb Code   478  pack_load.o(.text)
    get_machine_status                       0x00009a0f   Thumb Code   500  pack_load.o(.text)
    get_software_version                     0x00009c03   Thumb Code   250  pack_load.o(.text)
    get_set_param                            0x00009cfd   Thumb Code   442  pack_load.o(.text)
    analysis_17_42_7                         0x00009eb7   Thumb Code   370  pack_load.o(.text)
    analysis_17_42_8                         0x0000a029   Thumb Code     6  pack_load.o(.text)
    analysis_17_42_9                         0x0000a02f   Thumb Code   236  pack_load.o(.text)
    get_vm_set                               0x0000a11b   Thumb Code  1252  pack_load.o(.text)
    get_reset_cmd                            0x0000a5ff   Thumb Code   424  pack_load.o(.text)
    get_factory_set                          0x0000a7a7   Thumb Code   650  pack_load.o(.text)
    updata_factory_set                       0x0000aa31   Thumb Code   308  pack_load.o(.text)
    instant_equipment_state                  0x0000ab85   Thumb Code   400  pack_temp.o(.text)
    requset_card_trade                       0x0000b13b   Thumb Code   866  pack_onlink_trade.o(.text)
    requset_card_result                      0x0000b49d   Thumb Code   740  pack_onlink_trade.o(.text)
    report_state_change                      0x0000b781   Thumb Code   466  pack_state_changge.o(.text)
    _swipe_led_config                        0x0000b9ad   Thumb Code   228  swipe_led.o(.text)
    swip_led_set                             0x0000ba91   Thumb Code   124  swipe_led.o(.text)
    swip_led_two                             0x0000bb0d   Thumb Code    98  swipe_led.o(.text)
    _uart1_config                            0x0000bc35   Thumb Code   178  uart1_config.o(.text)
    UART1_IRQHandler                         0x0000bce7   Thumb Code   380  uart1_config.o(.text)
    _uart1_send                              0x0000be63   Thumb Code   126  uart1_config.o(.text)
    _uart2_config                            0x0000bf81   Thumb Code   178  uart2_config.o(.text)
    UART2_IRQHandler                         0x0000c033   Thumb Code   380  uart2_config.o(.text)
    _uart2_send                              0x0000c1af   Thumb Code   126  uart2_config.o(.text)
    _uart3_config                            0x0000c2cd   Thumb Code   178  uart3_config.o(.text)
    UART3_IRQHandler                         0x0000c37f   Thumb Code   380  uart3_config.o(.text)
    _uart3_send                              0x0000c4fb   Thumb Code   126  uart3_config.o(.text)
    _uart4_config                            0x0000c619   Thumb Code   178  uart4_config.o(.text)
    UART4_IRQHandler                         0x0000c6cb   Thumb Code   380  uart4_config.o(.text)
    _uart4_send                              0x0000c847   Thumb Code   126  uart4_config.o(.text)
    _uart5_config                            0x0000c965   Thumb Code   178  uart5_config.o(.text)
    UART5_IRQHandler                         0x0000ca17   Thumb Code   380  uart5_config.o(.text)
    _uart5_send                              0x0000cb93   Thumb Code   126  uart5_config.o(.text)
    _uart6_config                            0x0000cc5b   Thumb Code   154  uart6_config.o(.text)
    SC0_IRQHandler                           0x0000ccf5   Thumb Code   370  uart6_config.o(.text)
    _uart6_send                              0x0000ce67   Thumb Code   114  uart6_config.o(.text)
    CalulateCRC                              0x0000d0f5   Thumb Code   128  swipe.o(.text)
    PcdRead                                  0x0000d9dd   Thumb Code    86  swipe.o(.text)
    ireader_init                             0x0000dadf   Thumb Code    30  swipe.o(.text)
    ireader_read                             0x0000dbd5   Thumb Code   294  swipe.o(.text)
    task_swipe1                              0x0000dcfd   Thumb Code   252  task_swipe.o(.text)
    task_swipe2                              0x0000ddf9   Thumb Code   252  task_swipe.o(.text)
    task_swipe3                              0x0000def5   Thumb Code   252  task_swipe.o(.text)
    task_swipe4                              0x0000dff1   Thumb Code   252  task_swipe.o(.text)
    task_swipe5                              0x0000e0ed   Thumb Code   422  task_swipe.o(.text)
    task_swipe6                              0x0000e293   Thumb Code   254  task_swipe.o(.text)
    main                                     0x0000e62d   Thumb Code    62  main.o(.text)
    c4g_sem_get                              0x0000e76f   Thumb Code    16  msg.o(.text)
    c4g_sem_send                             0x0000e77f   Thumb Code    14  msg.o(.text)
    log_queue_send                           0x0000e79f   Thumb Code    26  msg.o(.text)
    log_queue_get                            0x0000e7b9   Thumb Code    20  msg.o(.text)
    mail_apply                               0x0000e7cd   Thumb Code   104  msg.o(.text)
    mail_release                             0x0000e835   Thumb Code    24  msg.o(.text)
    report_queue_send                        0x0000e85f   Thumb Code   102  msg.o(.text)
    report_queue_get                         0x0000e8c5   Thumb Code    20  msg.o(.text)
    instant_queue_send                       0x0000e8eb   Thumb Code   102  msg.o(.text)
    instant_queue_get                        0x0000e951   Thumb Code    20  msg.o(.text)
    communication_sem_get                    0x0000e977   Thumb Code    16  msg.o(.text)
    communication_sem_send                   0x0000e987   Thumb Code    14  msg.o(.text)
    fsm_queue_send                           0x0000eac7   Thumb Code    30  msg.o(.text)
    fsm_queue_get                            0x0000eae5   Thumb Code    20  msg.o(.text)
    msg_init                                 0x0000eaf9   Thumb Code    52  msg.o(.text)
    restart_equ_set                          0x0000ec15   Thumb Code     2  global.o(.text)
    restart_equ_get                          0x0000ec17   Thumb Code     4  global.o(.text)
    get_random_number                        0x0000ec1b   Thumb Code     2  global.o(.text)
    global_init                              0x0000ec1d   Thumb Code   252  global.o(.text)
    display                                  0x0000eeff   Thumb Code    38  fsm.o(.text)
    task_fsm                                 0x0000f5c3   Thumb Code  3182  fsm.o(.text)
    get_cur_time                             0x000102f5   Thumb Code    84  user_rtc.o(.text)
    set_rtc_time                             0x00010349   Thumb Code   116  user_rtc.o(.text)
    rtc_config                               0x000103bd   Thumb Code    72  user_rtc.o(.text)
    _adc_config                              0x00010409   Thumb Code   122  adc.o(.text)
    _get_internal_senser_adc                 0x00010483   Thumb Code    46  adc.o(.text)
    _get_external_senser_adc                 0x000104b1   Thumb Code    46  adc.o(.text)
    get_internal_temp                        0x00010567   Thumb Code    94  temp.o(.text)
    get_external_temp                        0x000105c5   Thumb Code    88  temp.o(.text)
    _tap_config                              0x00010641   Thumb Code   102  tap_set.o(.text)
    tap_set                                  0x000106a7   Thumb Code    64  tap_set.o(.text)
    _gpio_int_config                         0x00010711   Thumb Code   236  gpio_int.o(.text)
    GPA_IRQHandler                           0x000107fd   Thumb Code    82  gpio_int.o(.text)
    GPB_IRQHandler                           0x0001084f   Thumb Code   154  gpio_int.o(.text)
    tap_count_set                            0x000108e9   Thumb Code   222  gpio_int.o(.text)
    Hard_Fault_Handler                       0x00010a53   Thumb Code    18  retarget.o(.text)
    kbhit                                    0x00010ab3   Thumb Code    10  retarget.o(.text)
    IsDebugFifoEmpty                         0x00010abd   Thumb Code    10  retarget.o(.text)
    _ttywrch                                 0x00010ac7   Thumb Code    12  retarget.o(.text)
    fputc                                    0x00010ad3   Thumb Code    16  retarget.o(.text)
    fgetc                                    0x00010ae3   Thumb Code    10  retarget.o(.text)
    ferror                                   0x00010aed   Thumb Code     8  retarget.o(.text)
    _uart0_config                            0x00010b71   Thumb Code   158  uart0_log.o(.text)
    UART0_IRQHandler                         0x00010c0f   Thumb Code  1010  uart0_log.o(.text)
    task_log_recv                            0x00011005   Thumb Code  2302  log_interface_cmd.o(.text)
    lcd_clear                                0x00011b97   Thumb Code    26  12864_driver.o(.text)
    chn_disp                                 0x00011bb1   Thumb Code    58  12864_driver.o(.text)
    chn_disp1                                0x00011beb   Thumb Code    82  12864_driver.o(.text)
    img_disp                                 0x00011c3d   Thumb Code   202  12864_driver.o(.text)
    img_disp1                                0x00011d07   Thumb Code   108  12864_driver.o(.text)
    lat_disp                                 0x00011d73   Thumb Code   198  12864_driver.o(.text)
    con_disp                                 0x00011e39   Thumb Code   106  12864_driver.o(.text)
    lcd_show_letter                          0x00011ea3   Thumb Code    82  12864_driver.o(.text)
    lcd_show_ercode                          0x00011ef5   Thumb Code   402  12864_driver.o(.text)
    _lcd_config                              0x00012087   Thumb Code   102  12864_driver.o(.text)
    SetFormatInfoPattern                     0x000120f9   Thumb Code   334  qr_encode.o(.text)
    SetMaskingPattern                        0x00012247   Thumb Code   432  qr_encode.o(.text)
    CountPenalty                             0x000123f7   Thumb Code  1620  qr_encode.o(.text)
    SetCodeWordPattern                       0x00012a4b   Thumb Code   166  qr_encode.o(.text)
    SetAlignmentPattern                      0x00012af1   Thumb Code    98  qr_encode.o(.text)
    SetVersionPattern                        0x00012b53   Thumb Code   152  qr_encode.o(.text)
    SetFinderPattern                         0x00012beb   Thumb Code    70  qr_encode.o(.text)
    SetFunctionModule                        0x00012c31   Thumb Code   534  qr_encode.o(.text)
    FormatModule                             0x00012e47   Thumb Code   190  qr_encode.o(.text)
    GetRSCodeWord                            0x00012f05   Thumb Code   124  qr_encode.o(.text)
    SetBitStream                             0x00012f81   Thumb Code   126  qr_encode.o(.text)
    KanjiToBinaly                            0x00012fff   Thumb Code    46  qr_encode.o(.text)
    AlphabetToBinaly                         0x0001302d   Thumb Code   102  qr_encode.o(.text)
    GetBitLength                             0x00013093   Thumb Code   204  qr_encode.o(.text)
    IsAlphabetData                           0x0001315f   Thumb Code    70  qr_encode.o(.text)
    IsNumeralData                            0x000131a5   Thumb Code    18  qr_encode.o(.text)
    IsKanjiData                              0x000131b7   Thumb Code    50  qr_encode.o(.text)
    EncodeSourceData                         0x000131e9   Thumb Code  3108  qr_encode.o(.text)
    GetEncodeVersion                         0x00013e0d   Thumb Code   242  qr_encode.o(.text)
    EncodeData                               0x00013eff   Thumb Code   980  qr_encode.o(.text)
    enCodeAndPrintQR                         0x000142d3   Thumb Code    96  qr_encode.o(.text)
    creat_ercode                             0x00014381   Thumb Code   116  qrcode_business_layer.o(.text)
    delete_ercode                            0x000143f5   Thumb Code    26  qrcode_business_layer.o(.text)
    __aeabi_uldivmod                         0x00014451   Thumb Code    98  uldiv.o(.text)
    ___aeabi_memcpy8$move                    0x000144b3   Thumb Code     0  memmovea.o(.text)
    __aeabi_memcpy                           0x000144b3   Thumb Code    64  memmovea.o(.text)
    __aeabi_memcpy4                          0x000144b3   Thumb Code     0  memmovea.o(.text)
    __aeabi_memmove                          0x000144b3   Thumb Code     0  memmovea.o(.text)
    __aeabi_memmove4                         0x000144b3   Thumb Code     0  memmovea.o(.text)
    __aeabi_memmove8                         0x000144b3   Thumb Code     0  memmovea.o(.text)
    __aeabi_memset                           0x000144f3   Thumb Code    14  memseta.o(.text)
    __aeabi_memset4                          0x000144f3   Thumb Code     0  memseta.o(.text)
    __aeabi_memset8                          0x000144f3   Thumb Code     0  memseta.o(.text)
    __aeabi_memclr                           0x00014501   Thumb Code     4  memseta.o(.text)
    __aeabi_memclr4                          0x00014501   Thumb Code     0  memseta.o(.text)
    __aeabi_memclr8                          0x00014501   Thumb Code     0  memseta.o(.text)
    _memset$wrapper                          0x00014505   Thumb Code    18  memseta.o(.text)
    strcat                                   0x00014517   Thumb Code    24  strcat.o(.text)
    strlen                                   0x0001452f   Thumb Code    14  strlen.o(.text)
    strcpy                                   0x0001453d   Thumb Code    18  strcpy.o(.text)
    strncasecmp                              0x0001454f   Thumb Code    50  strncasecmp.o(.text)
    strtoul                                  0x00014581   Thumb Code   114  strtoul.o(.text)
    atoi                                     0x000145f3   Thumb Code    26  atoi.o(.text)
    __aeabi_dadd                             0x0001460d   Thumb Code   322  dadd.o(.text)
    __aeabi_dsub                             0x0001474f   Thumb Code     6  dadd.o(.text)
    __aeabi_drsub                            0x00014755   Thumb Code     6  dadd.o(.text)
    __aeabi_ddiv                             0x0001475b   Thumb Code   222  ddiv.o(.text)
    __aeabi_d2iz                             0x00014839   Thumb Code    62  dfixi.o(.text)
    __aeabi_f2d                              0x00014877   Thumb Code    38  f2d.o(.text)
    __aeabi_uidiv                            0x0001489d   Thumb Code     0  uidiv.o(.text)
    __aeabi_uidivmod                         0x0001489d   Thumb Code    44  uidiv.o(.text)
    __aeabi_llsl                             0x000148c9   Thumb Code    30  llshl.o(.text)
    _ll_shift_l                              0x000148c9   Thumb Code     0  llshl.o(.text)
    __aeabi_llsr                             0x000148e7   Thumb Code    32  llushr.o(.text)
    _ll_ushift_r                             0x000148e7   Thumb Code     0  llushr.o(.text)
    __aeabi_lasr                             0x00014907   Thumb Code    36  llsshr.o(.text)
    _ll_sshift_r                             0x00014907   Thumb Code     0  llsshr.o(.text)
    __rt_ctype_table                         0x0001492d   Thumb Code     4  ctype_o.o(.text)
    tolower                                  0x00014935   Thumb Code    12  tolower.o(.text)
    _strtoul                                 0x00014941   Thumb Code   158  _strtoul.o(.text)
    strtol                                   0x000149df   Thumb Code   112  strtol.o(.text)
    __I$use$fp                               0x00014a4f   Thumb Code     0  iusefp.o(.text)
    _double_round                            0x00014a4f   Thumb Code    30  depilogue.o(.text)
    _double_epilogue                         0x00014a6d   Thumb Code   156  depilogue.o(.text)
    __aeabi_dmul                             0x00014b09   Thumb Code   228  dmul.o(.text)
    __aeabi_d2ulz                            0x00014bed   Thumb Code    48  dfixul.o(.text)
    __aeabi_cdrcmple                         0x00014c1d   Thumb Code    48  cdrcmple.o(.text)
    __scatterload                            0x00014c4d   Thumb Code    28  init.o(.text)
    __scatterload_rt2                        0x00014c4d   Thumb Code     0  init.o(.text)
    _chval                                   0x00014c71   Thumb Code    28  _chval.o(.text)
    __decompress                             0x00014c8d   Thumb Code     0  __dczerorl2.o(.text)
    __decompress1                            0x00014c8d   Thumb Code    86  __dczerorl2.o(.text)
    __0printf                                0x00014ce5   Thumb Code    22  printfa.o(i.__0printf)
    __1printf                                0x00014ce5   Thumb Code     0  printfa.o(i.__0printf)
    __2printf                                0x00014ce5   Thumb Code     0  printfa.o(i.__0printf)
    __c89printf                              0x00014ce5   Thumb Code     0  printfa.o(i.__0printf)
    printf                                   0x00014ce5   Thumb Code     0  printfa.o(i.__0printf)
    __0sprintf                               0x00014d05   Thumb Code    34  printfa.o(i.__0sprintf)
    __1sprintf                               0x00014d05   Thumb Code     0  printfa.o(i.__0sprintf)
    __2sprintf                               0x00014d05   Thumb Code     0  printfa.o(i.__0sprintf)
    __c89sprintf                             0x00014d05   Thumb Code     0  printfa.o(i.__0sprintf)
    sprintf                                  0x00014d05   Thumb Code     0  printfa.o(i.__0sprintf)
    __aeabi_errno_addr                       0x00014d2d   Thumb Code     4  errno.o(i.__aeabi_errno_addr)
    __rt_errno_addr                          0x00014d2d   Thumb Code     0  errno.o(i.__aeabi_errno_addr)
    __scatterload_copy                       0x00014d35   Thumb Code    14  handlers.o(i.__scatterload_copy)
    __scatterload_null                       0x00014d43   Thumb Code     2  handlers.o(i.__scatterload_null)
    __scatterload_zeroinit                   0x00014d45   Thumb Code    14  handlers.o(i.__scatterload_zeroinit)
    QR_VersonInfo                            0x00015b70   Data        6068  qr_encode.o(.constdata)
    byExpToInt                               0x00017324   Data         256  qr_encode.o(.constdata)
    byIntToExp                               0x00017424   Data         256  qr_encode.o(.constdata)
    byRSExp7                                 0x00017524   Data           7  qr_encode.o(.constdata)
    byRSExp10                                0x0001752b   Data          10  qr_encode.o(.constdata)
    byRSExp13                                0x00017535   Data          13  qr_encode.o(.constdata)
    byRSExp15                                0x00017542   Data          15  qr_encode.o(.constdata)
    byRSExp16                                0x00017551   Data          16  qr_encode.o(.constdata)
    byRSExp17                                0x00017561   Data          17  qr_encode.o(.constdata)
    byRSExp18                                0x00017572   Data          18  qr_encode.o(.constdata)
    byRSExp20                                0x00017584   Data          20  qr_encode.o(.constdata)
    byRSExp22                                0x00017598   Data          22  qr_encode.o(.constdata)
    byRSExp24                                0x000175ae   Data          24  qr_encode.o(.constdata)
    byRSExp26                                0x000175c6   Data          26  qr_encode.o(.constdata)
    byRSExp28                                0x000175e0   Data          28  qr_encode.o(.constdata)
    byRSExp30                                0x000175fc   Data          30  qr_encode.o(.constdata)
    byRSExp32                                0x0001761a   Data          32  qr_encode.o(.constdata)
    byRSExp34                                0x0001763a   Data          34  qr_encode.o(.constdata)
    byRSExp36                                0x0001765c   Data          36  qr_encode.o(.constdata)
    byRSExp38                                0x00017680   Data          38  qr_encode.o(.constdata)
    byRSExp40                                0x000176a6   Data          40  qr_encode.o(.constdata)
    byRSExp42                                0x000176ce   Data          42  qr_encode.o(.constdata)
    byRSExp44                                0x000176f8   Data          44  qr_encode.o(.constdata)
    byRSExp46                                0x00017724   Data          46  qr_encode.o(.constdata)
    byRSExp48                                0x00017752   Data          48  qr_encode.o(.constdata)
    byRSExp50                                0x00017782   Data          50  qr_encode.o(.constdata)
    byRSExp52                                0x000177b4   Data          52  qr_encode.o(.constdata)
    byRSExp54                                0x000177e8   Data          54  qr_encode.o(.constdata)
    byRSExp56                                0x0001781e   Data          56  qr_encode.o(.constdata)
    byRSExp58                                0x00017856   Data          58  qr_encode.o(.constdata)
    byRSExp60                                0x00017890   Data          60  qr_encode.o(.constdata)
    byRSExp62                                0x000178cc   Data          62  qr_encode.o(.constdata)
    byRSExp64                                0x0001790a   Data          64  qr_encode.o(.constdata)
    byRSExp66                                0x0001794a   Data          66  qr_encode.o(.constdata)
    byRSExp68                                0x0001798c   Data          68  qr_encode.o(.constdata)
    nIndicatorLenNumeral                     0x000179d0   Data          12  qr_encode.o(.constdata)
    nIndicatorLenAlphabet                    0x000179dc   Data          12  qr_encode.o(.constdata)
    nIndicatorLen8Bit                        0x000179e8   Data          12  qr_encode.o(.constdata)
    nIndicatorLenKanji                       0x000179f4   Data          12  qr_encode.o(.constdata)
    __ctype_table                            0x00017a00   Data         129  ctype_o.o(.constdata)
    Region$$Table$$Base                      0x00017a88   Number         0  anon$$obj.o(Region$$Table)
    Region$$Table$$Limit                     0x00017aa8   Number         0  anon$$obj.o(Region$$Table)
    SystemCoreClock                          0x20000000   Data           4  system_m480.o(.data)
    CyclesPerUs                              0x20000004   Data           4  system_m480.o(.data)
    PllClock                                 0x20000008   Data           4  system_m480.o(.data)
    gau32ClkSrcTbl                           0x2000000c   Data          32  system_m480.o(.data)
    pxCurrentTCB                             0x20000038   Data           4  tasks.o(.data)
    chk_baud                                 0x200000d4   Data          10  4g.o(.data)
    set_baud                                 0x200000de   Data          16  4g.o(.data)
    close_cmd_echo                           0x200000ee   Data           7  4g.o(.data)
    save_param                               0x200000f5   Data           7  4g.o(.data)
    chk_iccid                                0x200000fc   Data          11  4g.o(.data)
    chk_pin                                  0x20000107   Data          11  4g.o(.data)
    chk_sim_reg                              0x20000112   Data          11  4g.o(.data)
    chk_net_reg                              0x2000011d   Data          12  4g.o(.data)
    set_link_ChinaMobile                     0x20000129   Data          32  4g.o(.data)
    set_link_UNICOM                          0x20000149   Data          33  4g.o(.data)
    set_link_p                               0x2000016a   Data          32  4g.o(.data)
    chk_link_point                           0x2000018a   Data          14  4g.o(.data)
    active_pdp_context                       0x20000198   Data          13  4g.o(.data)
    chk_pdp_context                          0x200001a5   Data          12  4g.o(.data)
    deactive_pdp_context                     0x200001b1   Data          15  4g.o(.data)
    test_tcp                                 0x200001c0   Data          13  4g.o(.data)
    creat_tcp_top                            0x200001cd   Data          22  4g.o(.data)
    creat_tcp_tail                           0x200001e3   Data           3  4g.o(.data)
    creat_tcp_port                           0x200001e6   Data           7  4g.o(.data)
    close_tcp                                0x200001ed   Data          15  4g.o(.data)
    chk_tcp                                  0x200001fc   Data          17  4g.o(.data)
    chk_data_echo                            0x2000020d   Data          12  4g.o(.data)
    chk_err_code                             0x20000219   Data          16  4g.o(.data)
    exit_transpartent                        0x20000229   Data           4  4g.o(.data)
    exit_transpartent2                       0x2000022d   Data          11  4g.o(.data)
    change_transparent_mode                  0x20000238   Data          17  4g.o(.data)
    enter_transparent_mode                   0x20000249   Data           6  4g.o(.data)
    chk_Operators                            0x2000024f   Data          11  4g.o(.data)
    chk_ICCID                                0x2000025a   Data          11  4g.o(.data)
    chk_signal                               0x20000265   Data           9  4g.o(.data)
    Operators_ChinaMobile_ID                 0x2000026e   Data          24  4g.o(.data)
    Operators_ChinaUnicom_ID                 0x20000286   Data          18  4g.o(.data)
    Operators_ChinaTelecom_ID                0x20000298   Data          12  4g.o(.data)
    time                                     0x200002a4   Data           4  4g.o(.data)
    START_Task_Handler                       0x20000308   Data           4  main.o(.data)
    communication_Task_Handler               0x2000030c   Data           4  main.o(.data)
    Idle_Task_Handler                        0x20000310   Data           4  main.o(.data)
    Log_Task_Handler                         0x20000314   Data           4  main.o(.data)
    Swipe_1_Task_Handler                     0x20000318   Data           4  main.o(.data)
    Swipe_2_Task_Handler                     0x2000031c   Data           4  main.o(.data)
    Swipe_3_Task_Handler                     0x20000320   Data           4  main.o(.data)
    Swipe_4_Task_Handler                     0x20000324   Data           4  main.o(.data)
    Swipe_5_Task_Handler                     0x20000328   Data           4  main.o(.data)
    Swipe_6_Task_Handler                     0x2000032c   Data           4  main.o(.data)
    Key_Task_Handler                         0x20000330   Data           4  main.o(.data)
    Fsm_Task_Handler                         0x20000334   Data           4  main.o(.data)
    uart_sem_send                            0x20000368   Data          24  msg.o(.data)
    uart_sem_get                             0x20000380   Data          24  msg.o(.data)
    main_version                             0x20000398   Data          10  global.o(.data)
    __stdout                                 0x200003a4   Data           4  retarget.o(.data)
    __stdin                                  0x200003a8   Data           4  retarget.o(.data)
    byRSExp                                  0x200003ac   Data         276  qr_encode.o(.data)
    xQueueRegistry                           0x200004f0   Data         160  queue.o(.bss)
    c4g_info                                 0x2000fac0   Data         228  4g.o(.bss)
    class_global                             0x2000fe20   Data        1232  global.o(.bss)
    __initial_sp                             0x20016e40   Data           0  startup_m480.o(STACK)



==============================================================================

Memory Map of the image

  Image Entry point : 0x000001f5

  Load Region LR_IROM1 (Base: 0x00000000, Size: 0x00017f98, Max: 0x00080000, ABSOLUTE, COMPRESSED[0x00017c74])

    Execution Region ER_IROM1 (Exec base: 0x00000000, Load base: 0x00000000, Size: 0x00017aa8, Max: 0x00080000, ABSOLUTE)

    Exec Addr    Load Addr    Size         Type   Attr      Idx    E Section Name        Object

    0x00000000   0x00000000   0x000001f4   Data   RO            3    RESET               startup_m480.o
    0x000001f4   0x000001f4   0x00000000   Code   RO         1908  * .ARM.Collect$$$$00000000  mc_w.l(entry.o)
    0x000001f4   0x000001f4   0x00000004   Code   RO         2204    .ARM.Collect$$$$00000001  mc_w.l(entry2.o)
    0x000001f8   0x000001f8   0x00000004   Code   RO         2207    .ARM.Collect$$$$00000004  mc_w.l(entry5.o)
    0x000001fc   0x000001fc   0x00000000   Code   RO         2209    .ARM.Collect$$$$00000008  mc_w.l(entry7b.o)
    0x000001fc   0x000001fc   0x00000000   Code   RO         2211    .ARM.Collect$$$$0000000A  mc_w.l(entry8b.o)
    0x000001fc   0x000001fc   0x00000008   Code   RO         2212    .ARM.Collect$$$$0000000B  mc_w.l(entry9a.o)
    0x00000204   0x00000204   0x00000000   Code   RO         2214    .ARM.Collect$$$$0000000D  mc_w.l(entry10a.o)
    0x00000204   0x00000204   0x00000000   Code   RO         2216    .ARM.Collect$$$$0000000F  mc_w.l(entry11a.o)
    0x00000204   0x00000204   0x00000004   Code   RO         2205    .ARM.Collect$$$$00002712  mc_w.l(entry2.o)
    0x00000208   0x00000208   0x000000be   Code   RO          314    .emb_text           port.o
    0x000002c6   0x000002c6   0x00000002   PAD
    0x000002c8   0x000002c8   0x0000001c   Code   RO         1738    .emb_text           retarget.o
    0x000002e4   0x000002e4   0x00000068   Code   RO            4    .text               startup_m480.o
    0x0000034c   0x0000034c   0x000000f4   Code   RO           12    .text               system_m480.o
    0x00000440   0x00000440   0x00000344   Code   RO          315    .text               port.o
    0x00000784   0x00000784   0x00000094   Code   RO          385    .text               list.o
    0x00000818   0x00000818   0x00000fbc   Code   RO          427    .text               queue.o
    0x000017d4   0x000017d4   0x0000191c   Code   RO          468    .text               tasks.o
    0x000030f0   0x000030f0   0x000005a8   Code   RO          510    .text               timers.o
    0x00003698   0x00003698   0x000002a8   Code   RO          536    .text               heap_4.o
    0x00003940   0x00003940   0x00000ab4   Code   RO          559    .text               rtc.o
    0x000043f4   0x000043f4   0x00000914   Code   RO          584    .text               clk.o
    0x00004d08   0x00004d08   0x000000ca   Code   RO          605    .text               gpio.o
    0x00004dd2   0x00004dd2   0x00000002   PAD
    0x00004dd4   0x00004dd4   0x000000f0   Code   RO          625    .text               sys.o
    0x00004ec4   0x00004ec4   0x000004c4   Code   RO          645    .text               uart.o
    0x00005388   0x00005388   0x0000013c   Code   RO          666    .text               scuart.o
    0x000054c4   0x000054c4   0x00000394   Code   RO          686    .text               pdma.o
    0x00005858   0x00005858   0x000002b0   Code   RO          708    .text               sc.o
    0x00005b08   0x00005b08   0x000000b4   Code   RO          730    .text               eadc.o
    0x00005bbc   0x00005bbc   0x000009d4   Code   RO          770    .text               fmc.o
    0x00006590   0x00006590   0x0000001c   Code   RO          790    .text               wdt.o
    0x000065ac   0x000065ac   0x00000104   Code   RO          831    .text               hardware.o
    0x000066b0   0x000066b0   0x0000002c   Code   RO          899    .text               led_gpio.o
    0x000066dc   0x000066dc   0x00000094   Code   RO          919    .text               sys_clock.o
    0x00006770   0x00006770   0x000000c4   Code   RO          942    .text               dma.o
    0x00006834   0x00006834   0x00000760   Code   RO          965    .text               isp_program.o
    0x00006f94   0x00006f94   0x00000068   Code   RO          995    .text               wacth_dog.o
    0x00006ffc   0x00006ffc   0x0000008c   Code   RO         1018    .text               delay.o
    0x00007088   0x00007088   0x00000144   Code   RO         1050    .text               key.o
    0x000071cc   0x000071cc   0x00000234   Code   RO         1077    .text               uart7_config.o
    0x00007400   0x00007400   0x00001318   Code   RO         1104    .text               4g.o
    0x00008718   0x00008718   0x00000f38   Code   RO         1141    .text               commucation.o
    0x00009650   0x00009650   0x00001534   Code   RO         1167    .text               pack_load.o
    0x0000ab84   0x0000ab84   0x000001bc   Code   RO         1193    .text               pack_temp.o
    0x0000ad40   0x0000ad40   0x00000a40   Code   RO         1213    .text               pack_onlink_trade.o
    0x0000b780   0x0000b780   0x0000022c   Code   RO         1233    .text               pack_state_changge.o
    0x0000b9ac   0x0000b9ac   0x000001d0   Code   RO         1253    .text               swipe_led.o
    0x0000bb7c   0x0000bb7c   0x00000394   Code   RO         1273    .text               uart1_config.o
    0x0000bf10   0x0000bf10   0x0000034c   Code   RO         1296    .text               uart2_config.o
    0x0000c25c   0x0000c25c   0x0000034c   Code   RO         1319    .text               uart3_config.o
    0x0000c5a8   0x0000c5a8   0x0000034c   Code   RO         1342    .text               uart4_config.o
    0x0000c8f4   0x0000c8f4   0x0000034c   Code   RO         1365    .text               uart5_config.o
    0x0000cc40   0x0000cc40   0x000002c0   Code   RO         1388    .text               uart6_config.o
    0x0000cf00   0x0000cf00   0x00000dfa   Code   RO         1411    .text               swipe.o
    0x0000dcfa   0x0000dcfa   0x00000002   PAD
    0x0000dcfc   0x0000dcfc   0x000006e8   Code   RO         1439    .text               task_swipe.o
    0x0000e3e4   0x0000e3e4   0x00000378   Code   RO         1459    .text               main.o
    0x0000e75c   0x0000e75c   0x000004b8   Code   RO         1495    .text               msg.o
    0x0000ec14   0x0000ec14   0x00000118   Code   RO         1521    .text               global.o
    0x0000ed2c   0x0000ed2c   0x000015c8   Code   RO         1580    .text               fsm.o
    0x000102f4   0x000102f4   0x00000114   Code   RO         1609    .text               user_rtc.o
    0x00010408   0x00010408   0x000000e0   Code   RO         1629    .text               adc.o
    0x000104e8   0x000104e8   0x00000158   Code   RO         1649    .text               temp.o
    0x00010640   0x00010640   0x000000b0   Code   RO         1671    .text               tap_set.o
    0x000106f0   0x000106f0   0x0000031c   Code   RO         1714    .text               gpio_int.o
    0x00010a0c   0x00010a0c   0x00000164   Code   RO         1739    .text               retarget.o
    0x00010b70   0x00010b70   0x00000494   Code   RO         1769    .text               uart0_log.o
    0x00011004   0x00011004   0x00000a28   Code   RO         1791    .text               log_interface_cmd.o
    0x00011a2c   0x00011a2c   0x000006cc   Code   RO         1811    .text               12864_driver.o
    0x000120f8   0x000120f8   0x00002250   Code   RO         1852    .text               qr_encode.o
    0x00014348   0x00014348   0x00000108   Code   RO         1887    .text               qrcode_business_layer.o
    0x00014450   0x00014450   0x00000062   Code   RO         1911    .text               mc_w.l(uldiv.o)
    0x000144b2   0x000144b2   0x00000040   Code   RO         1915    .text               mc_w.l(memmovea.o)
    0x000144f2   0x000144f2   0x00000024   Code   RO         1917    .text               mc_w.l(memseta.o)
    0x00014516   0x00014516   0x00000018   Code   RO         1919    .text               mc_w.l(strcat.o)
    0x0001452e   0x0001452e   0x0000000e   Code   RO         1921    .text               mc_w.l(strlen.o)
    0x0001453c   0x0001453c   0x00000012   Code   RO         1923    .text               mc_w.l(strcpy.o)
    0x0001454e   0x0001454e   0x00000032   Code   RO         1929    .text               mc_w.l(strncasecmp.o)
    0x00014580   0x00014580   0x00000072   Code   RO         2192    .text               mc_w.l(strtoul.o)
    0x000145f2   0x000145f2   0x0000001a   Code   RO         2194    .text               mc_w.l(atoi.o)
    0x0001460c   0x0001460c   0x0000014e   Code   RO         2196    .text               mf_w.l(dadd.o)
    0x0001475a   0x0001475a   0x000000de   Code   RO         2198    .text               mf_w.l(ddiv.o)
    0x00014838   0x00014838   0x0000003e   Code   RO         2200    .text               mf_w.l(dfixi.o)
    0x00014876   0x00014876   0x00000026   Code   RO         2202    .text               mf_w.l(f2d.o)
    0x0001489c   0x0001489c   0x0000002c   Code   RO         2218    .text               mc_w.l(uidiv.o)
    0x000148c8   0x000148c8   0x0000001e   Code   RO         2220    .text               mc_w.l(llshl.o)
    0x000148e6   0x000148e6   0x00000020   Code   RO         2222    .text               mc_w.l(llushr.o)
    0x00014906   0x00014906   0x00000024   Code   RO         2224    .text               mc_w.l(llsshr.o)
    0x0001492a   0x0001492a   0x00000002   PAD
    0x0001492c   0x0001492c   0x00000008   Code   RO         2226    .text               mc_w.l(ctype_o.o)
    0x00014934   0x00014934   0x0000000c   Code   RO         2254    .text               mc_w.l(tolower.o)
    0x00014940   0x00014940   0x0000009e   Code   RO         2263    .text               mc_w.l(_strtoul.o)
    0x000149de   0x000149de   0x00000070   Code   RO         2265    .text               mc_w.l(strtol.o)
    0x00014a4e   0x00014a4e   0x00000000   Code   RO         2267    .text               mc_w.l(iusefp.o)
    0x00014a4e   0x00014a4e   0x000000ba   Code   RO         2268    .text               mf_w.l(depilogue.o)
    0x00014b08   0x00014b08   0x000000e4   Code   RO         2270    .text               mf_w.l(dmul.o)
    0x00014bec   0x00014bec   0x00000030   Code   RO         2272    .text               mf_w.l(dfixul.o)
    0x00014c1c   0x00014c1c   0x00000030   Code   RO         2274    .text               mf_w.l(cdrcmple.o)
    0x00014c4c   0x00014c4c   0x00000024   Code   RO         2276    .text               mc_w.l(init.o)
    0x00014c70   0x00014c70   0x0000001c   Code   RO         2278    .text               mc_w.l(_chval.o)
    0x00014c8c   0x00014c8c   0x00000056   Code   RO         2288    .text               mc_w.l(__dczerorl2.o)
    0x00014ce2   0x00014ce2   0x00000002   PAD
    0x00014ce4   0x00014ce4   0x00000020   Code   RO         2164    i.__0printf         mc_w.l(printfa.o)
    0x00014d04   0x00014d04   0x00000028   Code   RO         2166    i.__0sprintf        mc_w.l(printfa.o)
    0x00014d2c   0x00014d2c   0x00000008   Code   RO         2256    i.__aeabi_errno_addr  mc_w.l(errno.o)
    0x00014d34   0x00014d34   0x0000000e   Code   RO         2282    i.__scatterload_copy  mc_w.l(handlers.o)
    0x00014d42   0x00014d42   0x00000002   Code   RO         2283    i.__scatterload_null  mc_w.l(handlers.o)
    0x00014d44   0x00014d44   0x0000000e   Code   RO         2284    i.__scatterload_zeroinit  mc_w.l(handlers.o)
    0x00014d52   0x00014d52   0x00000002   PAD
    0x00014d54   0x00014d54   0x00000184   Code   RO         2171    i._fp_digits        mc_w.l(printfa.o)
    0x00014ed8   0x00014ed8   0x000006dc   Code   RO         2172    i._printf_core      mc_w.l(printfa.o)
    0x000155b4   0x000155b4   0x00000024   Code   RO         2173    i._printf_post_padding  mc_w.l(printfa.o)
    0x000155d8   0x000155d8   0x0000002e   Code   RO         2174    i._printf_pre_padding  mc_w.l(printfa.o)
    0x00015606   0x00015606   0x0000000a   Code   RO         2176    i._sputc            mc_w.l(printfa.o)
    0x00015610   0x00015610   0x00000020   Data   RO          585    .constdata          clk.o
    0x00015630   0x00015630   0x00000030   Data   RO          646    .constdata          uart.o
    0x00015660   0x00015660   0x00000054   Data   RO         1106    .constdata          4g.o
    0x000156b4   0x000156b4   0x0000000c   Data   RO         1581    .constdata          fsm.o
    0x000156c0   0x000156c0   0x00000490   Data   RO         1650    .constdata          temp.o
    0x00015b50   0x00015b50   0x00000020   Data   RO         1812    .constdata          12864_driver.o
    0x00015b70   0x00015b70   0x00001e90   Data   RO         1854    .constdata          qr_encode.o
    0x00017a00   0x00017a00   0x00000081   Data   RO         2227    .constdata          mc_w.l(ctype_o.o)
    0x00017a81   0x00017a81   0x00000003   PAD
    0x00017a84   0x00017a84   0x00000004   Data   RO         2228    .constdata          mc_w.l(ctype_o.o)
    0x00017a88   0x00017a88   0x00000020   Data   RO         2280    Region$$Table       anon$$obj.o


    Execution Region RW_IRAM1 (Exec base: 0x20000000, Load base: 0x00017aa8, Size: 0x00016e40, Max: 0x00028000, ABSOLUTE, COMPRESSED[0x000001cc])

    Exec Addr    Load Addr    Size         Type   Attr      Idx    E Section Name        Object

    0x20000000   COMPRESSED   0x0000002c   Data   RW           13    .data               system_m480.o
    0x2000002c   COMPRESSED   0x0000000c   Data   RW          316    .data               port.o
    0x20000038   COMPRESSED   0x0000003c   Data   RW          470    .data               tasks.o
    0x20000074   COMPRESSED   0x00000014   Data   RW          512    .data               timers.o
    0x20000088   COMPRESSED   0x00000018   Data   RW          538    .data               heap_4.o
    0x200000a0   COMPRESSED   0x00000030   Data   RW          560    .data               rtc.o
    0x200000d0   COMPRESSED   0x00000004   Data   RW         1079    .data               uart7_config.o
    0x200000d4   COMPRESSED   0x000001d4   Data   RW         1107    .data               4g.o
    0x200002a8   COMPRESSED   0x00000008   Data   RW         1275    .data               uart1_config.o
    0x200002b0   COMPRESSED   0x00000008   Data   RW         1298    .data               uart2_config.o
    0x200002b8   COMPRESSED   0x00000008   Data   RW         1321    .data               uart3_config.o
    0x200002c0   COMPRESSED   0x00000008   Data   RW         1344    .data               uart4_config.o
    0x200002c8   COMPRESSED   0x00000008   Data   RW         1367    .data               uart5_config.o
    0x200002d0   COMPRESSED   0x00000008   Data   RW         1390    .data               uart6_config.o
    0x200002d8   COMPRESSED   0x00000030   Data   RW         1412    .data               swipe.o
    0x20000308   COMPRESSED   0x00000030   Data   RW         1460    .data               main.o
    0x20000338   COMPRESSED   0x00000060   Data   RW         1496    .data               msg.o
    0x20000398   COMPRESSED   0x0000000a   Data   RW         1523    .data               global.o
    0x200003a2   COMPRESSED   0x00000002   PAD
    0x200003a4   COMPRESSED   0x00000008   Data   RW         1740    .data               retarget.o
    0x200003ac   COMPRESSED   0x00000140   Data   RW         1855    .data               qr_encode.o
    0x200004ec   COMPRESSED   0x00000004   Data   RW         2259    .data               mc_w.l(errno.o)
    0x200004f0        -       0x000000a0   Zero   RW          428    .bss                queue.o
    0x20000590        -       0x000002e4   Zero   RW          469    .bss                tasks.o
    0x20000874        -       0x00000028   Zero   RW          511    .bss                timers.o
    0x2000089c        -       0x0000f000   Zero   RW          537    .bss                heap_4.o
    0x2000f89c        -       0x00000010   Zero   RW          687    .bss                pdma.o
    0x2000f8ac        -       0x0000000c   Zero   RW          709    .bss                sc.o
    0x2000f8b8        -       0x00000208   Zero   RW         1078    .bss                uart7_config.o
    0x2000fac0        -       0x000000e4   Zero   RW         1105    .bss                4g.o
    0x2000fba4        -       0x0000006a   Zero   RW         1274    .bss                uart1_config.o
    0x2000fc0e        -       0x0000006a   Zero   RW         1297    .bss                uart2_config.o
    0x2000fc78        -       0x0000006a   Zero   RW         1320    .bss                uart3_config.o
    0x2000fce2        -       0x0000006a   Zero   RW         1343    .bss                uart4_config.o
    0x2000fd4c        -       0x0000006a   Zero   RW         1366    .bss                uart5_config.o
    0x2000fdb6        -       0x0000006a   Zero   RW         1389    .bss                uart6_config.o
    0x2000fe20        -       0x000004d0   Zero   RW         1522    .bss                global.o
    0x200102f0        -       0x00000066   Zero   RW         1770    .bss                uart0_log.o
    0x20010356   COMPRESSED   0x00000002   PAD
    0x20010358        -       0x000062e4   Zero   RW         1853    .bss                qr_encode.o
    0x2001663c   COMPRESSED   0x00000004   PAD
    0x20016640        -       0x00000800   Zero   RW            1    STACK               startup_m480.o


==============================================================================

Image component sizes


      Code (inc. data)   RO Data    RW Data    ZI Data      Debug   Object Name

      1740         16         32          0          0       5300   12864_driver.o
      4888        464         84        468        228      14496   4g.o
       224         10          0          0          0        900   adc.o
      2324         94         32          0          0       8523   clk.o
      3896        620          0          0          0       6460   commucation.o
       140         18          0          0          0       4220   delay.o
       196         30          0          0          0        928   dma.o
       180          6          0          0          0       1933   eadc.o
      2516         46          0          0          0       8841   fmc.o
      5576       1000         12          0          0      32386   fsm.o
       280         20          0         10       1232       3852   global.o
       202          0          0          0          0       1902   gpio.o
       796         60          0          0          0      28002   gpio_int.o
       260          4          0          0          0      85654   hardware.o
       680         90          0         24      61440       3372   heap_4.o
      1888        352          0          0          0      90930   isp_program.o
       324         10          0          0          0       3964   key.o
        44         10          0          0          0        474   led_gpio.o
       148          0          0          0          0       8502   list.o
      2600        680          0          0          0       2028   log_interface_cmd.o
       888        242          0         48          0      30189   main.o
      1208        232          0         96          0       8820   msg.o
      5428        324          0          0          0       8496   pack_load.o
      2624        140          0          0          0       4781   pack_onlink_trade.o
       556         90          0          0          0       1582   pack_state_changge.o
       444         44          0          0          0       1394   pack_temp.o
       916         24          0          0         16       4812   pdma.o
      1026        120          0         12          0      22327   port.o
      8784        210       7824        320      25316      15610   qr_encode.o
       264         66          0          0          0       1457   qrcode_business_layer.o
      4028         64          0          0        160      28330   queue.o
       384        128          0          8          0       4506   retarget.o
      2740        134          0         48          0      12017   rtc.o
       688         30          0          0         12       3758   sc.o
       316         18          0          0          0       2834   scuart.o
       104         20        500          0       2048        904   startup_m480.o
      3578        242          0         48          0      13376   swipe.o
       464         26          0          0          0       1254   swipe_led.o
       240          6          0          0          0       2272   sys.o
       148         16          0          0          0        633   sys_clock.o
       244         38          0         44          0     116813   system_m480.o
       176         16          0          0          0        822   tap_set.o
      1768        248          0          0          0       2698   task_swipe.o
      6428        408          0         60        740      35445   tasks.o
       344         36       1168          0          0       1894   temp.o
      1448        110          0         20         40      11094   timers.o
      1220         48         48          0          0       5300   uart.o
      1172         26          0          0        102       1569   uart0_log.o
       916         48          0          8        106       2469   uart1_config.o
       844         48          0          8        106       2433   uart2_config.o
       844         48          0          8        106       2421   uart3_config.o
       844         48          0          8        106       2421   uart4_config.o
       844         48          0          8        106       2421   uart5_config.o
       704         40          0          8        106       2211   uart6_config.o
       564         28          0          4        520      28486   uart7_config.o
       276          4          0          0          0       1675   user_rtc.o
       104          8          0          0          0        808   wacth_dog.o
        28          4          0          0          0        643   wdt.o

    ----------------------------------------------------------------------
     82504       6960       9732       1260      92496     703642   Object Totals
         0          0         32          0          0          0   (incl. Generated)
         6          0          0          2          6          0   (incl. Padding)

    ----------------------------------------------------------------------

      Code (inc. data)   RO Data    RW Data    ZI Data      Debug   Library Member Name

        86          0          0          0          0          0   __dczerorl2.o
        28          0          0          0          0         68   _chval.o
       158          0          0          0          0         92   _strtoul.o
        26          0          0          0          0         80   atoi.o
         8          4        133          0          0         68   ctype_o.o
         0          0          0          0          0          0   entry.o
         0          0          0          0          0          0   entry10a.o
         0          0          0          0          0          0   entry11a.o
         8          4          0          0          0          0   entry2.o
         4          0          0          0          0          0   entry5.o
         0          0          0          0          0          0   entry7b.o
         0          0          0          0          0          0   entry8b.o
         8          4          0          0          0          0   entry9a.o
         8          4          0          4          0         68   errno.o
        30          0          0          0          0          0   handlers.o
        36          8          0          0          0         68   init.o
         0          0          0          0          0          0   iusefp.o
        30          0          0          0          0         68   llshl.o
        36          0          0          0          0         68   llsshr.o
        32          0          0          0          0         68   llushr.o
        64          0          0          0          0         76   memmovea.o
        36          0          0          0          0        108   memseta.o
      2308         96          0          0          0        604   printfa.o
        24          0          0          0          0         68   strcat.o
        18          0          0          0          0         68   strcpy.o
        14          0          0          0          0         68   strlen.o
        50          0          0          0          0         84   strncasecmp.o
       112          0          0          0          0         88   strtol.o
       114          0          0          0          0         92   strtoul.o
        12          0          0          0          0         68   tolower.o
        44          0          0          0          0         80   uidiv.o
        98          0          0          0          0         92   uldiv.o
        48          0          0          0          0         68   cdrcmple.o
       334          0          0          0          0        148   dadd.o
       222          0          0          0          0        100   ddiv.o
       186          0          0          0          0        176   depilogue.o
        62          0          0          0          0         80   dfixi.o
        48          0          0          0          0         68   dfixul.o
       228          0          0          0          0         96   dmul.o
        38          0          0          0          0         68   f2d.o

    ----------------------------------------------------------------------
      4564        120        136          4          0       2948   Library Totals
         6          0          3          0          0          0   (incl. Padding)

    ----------------------------------------------------------------------

      Code (inc. data)   RO Data    RW Data    ZI Data      Debug   Library Name

      3392        120        133          4          0       2144   mc_w.l
      1166          0          0          0          0        804   mf_w.l

    ----------------------------------------------------------------------
      4564        120        136          4          0       2948   Library Totals

    ----------------------------------------------------------------------

==============================================================================


      Code (inc. data)   RO Data    RW Data    ZI Data      Debug   

     87068       7080       9868       1264      92496     694214   Grand Totals
     87068       7080       9868        460      92496     694214   ELF Image Totals (compressed)
     87068       7080       9868        460          0          0   ROM Totals

==============================================================================

    Total RO  Size (Code + RO Data)                96936 (  94.66kB)
    Total RW  Size (RW Data + ZI Data)             93760 (  91.56kB)
    Total ROM Size (Code + RO Data + RW Data)      97396 (  95.11kB)

==============================================================================

