Component: ARM Compiler 5.06 update 6 (build 750) Tool: armlink [4d35ed]

==============================================================================

Section Cross References

    startup_m480.o(RESET) refers to startup_m480.o(STACK) for __initial_sp
    startup_m480.o(RESET) refers to startup_m480.o(.text) for Reset_Handler
    startup_m480.o(RESET) refers to retarget.o(.emb_text) for HardFault_Handler
    startup_m480.o(RESET) refers to port.o(.emb_text) for SVC_Handler
    startup_m480.o(RESET) refers to port.o(.text) for SysTick_Handler
    startup_m480.o(RESET) refers to uart1_config.o(.text) for UART1_IRQHandler
    startup_m480.o(RESET) refers to dma.o(.text) for PDMA_IRQHandler
    startup_m480.o(RESET) refers to uart2_config.o(.text) for UART2_IRQHandler
    startup_m480.o(RESET) refers to uart3_config.o(.text) for UART3_IRQHandler
    startup_m480.o(RESET) refers to uart6_config.o(.text) for SC0_IRQHandler
    startup_m480.o(RESET) refers to uart7_config.o(.text) for SC1_IRQHandler
    startup_m480.o(RESET) refers to uart4_config.o(.text) for UART4_IRQHandler
    startup_m480.o(RESET) refers to uart5_config.o(.text) for UART5_IRQHandler
    startup_m480.o(.text) refers to system_m480.o(.text) for SystemInit
    startup_m480.o(.text) refers to entry.o(.ARM.Collect$$$$00000000) for __main
    system_m480.o(.text) refers to clk.o(.text) for CLK_GetPLLClockFreq
    system_m480.o(.text) refers to system_m480.o(.data) for PllClock
    main.o(.text) refers to uart1_config.o(.text) for _uart1_send
    main.o(.text) refers to uart6_config.o(.text) for _uart6_send
    main.o(.text) refers to uart2_config.o(.text) for _uart2_send
    main.o(.text) refers to uart3_config.o(.text) for _uart3_send
    main.o(.text) refers to uart4_config.o(.text) for _uart4_send
    main.o(.text) refers to uart5_config.o(.text) for _uart5_send
    main.o(.text) refers to user_rtc.o(.text) for get_cur_time
    main.o(.text) refers to printf8.o(i.__0sprintf$8) for __2sprintf
    main.o(.text) refers to printf8.o(i.__0printf$8) for __2printf
    main.o(.text) refers to temp.o(.text) for get_external_temp
    main.o(.text) refers to tasks.o(.text) for vTaskDelay
    main.o(.text) refers to commucation.o(.text) for main_task_commucation
    main.o(.text) refers to pack_temp.o(.text) for instant_equipment_state
    main.o(.text) refers to global.o(.text) for global_init
    main.o(.text) refers to msg.o(.text) for msg_init
    main.o(.text) refers to hardware.o(.text) for hardware_config
    main.o(.text) refers to port.o(.text) for vPortEnterCritical
    main.o(.text) refers to sys_clock.o(.text) for sys_clock_init
    main.o(.text) refers to queueset.o(.text) for vQueueSetAccessQueueSetFromISR
    main.o(.text) refers to main.o(.data) for n
    main.o(.text) refers to main.o(.bss) for tx1
    main.o(.text) refers to global.o(.bss) for class_global
    queueset.o(.text) refers to printf8.o(i.__0printf$8) for __2printf
    queueset.o(.text) refers to queue.o(.text) for xQueueCreateSet
    queueset.o(.text) refers to tasks.o(.text) for vTaskResume
    queueset.o(.text) refers to port.o(.text) for vPortEnterCritical
    queueset.o(.text) refers to queueset.o(.data) for ulExpectedReceivedFromISR
    queueset.o(.text) refers to queueset.o(.bss) for xQueues
    pollq.o(.text) refers to queue.o(.text) for xQueueGenericSend
    pollq.o(.text) refers to port.o(.text) for vPortEnterCritical
    pollq.o(.text) refers to tasks.o(.text) for vTaskDelay
    pollq.o(.text) refers to pollq.o(.data) for xPollingProducerCount
    port.o(.emb_text) refers to tasks.o(.text) for vTaskSwitchContext
    port.o(.emb_text) refers to tasks.o(.data) for pxCurrentTCB
    port.o(.text) refers to printf8.o(i.__0printf$8) for __2printf
    port.o(.text) refers to port.o(.emb_text) for __asm___6_port_c_39a90d8d__prvEnableVFP
    port.o(.text) refers to tasks.o(.text) for xTaskIncrementTick
    port.o(.text) refers to port.o(.data) for uxCriticalNesting
    port.o(.text) refers to system_m480.o(.data) for SystemCoreClock
    queue.o(.text) refers to printf8.o(i.__0printf$8) for __2printf
    queue.o(.text) refers to port.o(.text) for vPortEnterCritical
    queue.o(.text) refers to tasks.o(.text) for xTaskRemoveFromEventList
    queue.o(.text) refers to list.o(.text) for vListInitialise
    queue.o(.text) refers to heap_4.o(.text) for pvPortMalloc
    queue.o(.text) refers to memcpya.o(.text) for __aeabi_memcpy
    queue.o(.text) refers to queue.o(.bss) for xQueueRegistry
    tasks.o(.text) refers to list.o(.text) for vListInitialise
    tasks.o(.text) refers to port.o(.text) for vPortEnterCritical
    tasks.o(.text) refers to memseta.o(.text) for __aeabi_memset
    tasks.o(.text) refers to printf8.o(i.__0printf$8) for __2printf
    tasks.o(.text) refers to heap_4.o(.text) for pvPortMalloc
    tasks.o(.text) refers to tasks.o(.bss) for pxReadyTasksLists
    tasks.o(.text) refers to tasks.o(.data) for pxDelayedTaskList
[...]
    .text                                    0x0000c090   Section        0  tolower.o(.text)
    .text                                    0x0000c09c   Section        0  _strtoul.o(.text)
    .text                                    0x0000c13a   Section        0  strtol.o(.text)
    .text                                    0x0000c1aa   Section        0  iusefp.o(.text)
    .text                                    0x0000c1aa   Section        0  depilogue.o(.text)
    .text                                    0x0000c264   Section       36  init.o(.text)
    .text                                    0x0000c288   Section        0  _chval.o(.text)
    .text                                    0x0000c2a4   Section        0  __dczerorl2.o(.text)
    i.__0printf$8                            0x0000c2fc   Section        0  printf8.o(i.__0printf$8)
    i.__0sprintf$8                           0x0000c31c   Section        0  printf8.o(i.__0sprintf$8)
    i.__aeabi_errno_addr                     0x0000c344   Section        0  errno.o(i.__aeabi_errno_addr)
    i.__scatterload_copy                     0x0000c34c   Section       14  handlers.o(i.__scatterload_copy)
    i.__scatterload_null                     0x0000c35a   Section        2  handlers.o(i.__scatterload_null)
    i.__scatterload_zeroinit                 0x0000c35c   Section       14  handlers.o(i.__scatterload_zeroinit)
    i._printf_core                           0x0000c36c   Section        0  printf8.o(i._printf_core)
    _printf_core                             0x0000c36d   Thumb Code   996  printf8.o(i._printf_core)
    i._printf_post_padding                   0x0000c77c   Section        0  printf8.o(i._printf_post_padding)
    _printf_post_padding                     0x0000c77d   Thumb Code    36  printf8.o(i._printf_post_padding)
    i._printf_pre_padding                    0x0000c7a0   Section        0  printf8.o(i._printf_pre_padding)
    _printf_pre_padding                      0x0000c7a1   Thumb Code    46  printf8.o(i._printf_pre_padding)
    i._sputc                                 0x0000c7ce   Section        0  printf8.o(i._sputc)
    _sputc                                   0x0000c7cf   Thumb Code    10  printf8.o(i._sputc)
    .constdata                               0x0000c7d8   Section       32  clk.o(.constdata)
    .constdata                               0x0000c7f8   Section       48  uart.o(.constdata)
    .constdata                               0x0000c828   Section       84  4g.o(.constdata)
    chk_pin_ack1                             0x0000c828   Data          15  4g.o(.constdata)
    chk_pin_ack2                             0x0000c837   Data          13  4g.o(.constdata)
    creat_tcp_ack                            0x0000c844   Data           8  4g.o(.constdata)
    common_ack                               0x0000c84c   Data           3  4g.o(.constdata)
    Operators_ChinaMobile_ack                0x0000c84f   Data          13  4g.o(.constdata)
    Operators_ChinaUnicom_ack                0x0000c85c   Data          11  4g.o(.constdata)
    Operators_ChinaTelecom_ack               0x0000c867   Data           7  4g.o(.constdata)
    chk_ICCID_ack                            0x0000c86e   Data           8  4g.o(.constdata)
    chk_signal_ack                           0x0000c876   Data           6  4g.o(.constdata)
    .constdata                               0x0000c87c   Section     1168  temp.o(.constdata)
    tempTable3950_10K                        0x0000c87c   Data        1168  temp.o(.constdata)
    .constdata                               0x0000cd0c   Section      129  ctype_o.o(.constdata)
    .constdata                               0x0000cd90   Section        4  ctype_o.o(.constdata)
    table                                    0x0000cd90   Data           4  ctype_o.o(.constdata)
    .data                                    0x20000000   Section       44  system_m480.o(.data)
    .data                                    0x2000002c   Section       48  main.o(.data)
    .data                                    0x2000005c   Section       64  queueset.o(.data)
    xQueueSet                                0x2000005c   Data           4  queueset.o(.data)
    ulCycleCounter                           0x20000060   Data           4  queueset.o(.data)
    xQueueSetTasksStatus                     0x20000064   Data           4  queueset.o(.data)
    xSetupComplete                           0x20000068   Data           4  queueset.o(.data)
    ulISRTxValue                             0x2000006c   Data           4  queueset.o(.data)
    uxNextRand                               0x20000070   Data           4  queueset.o(.data)
    ulLastCycleCounter                       0x2000007c   Data           4  queueset.o(.data)
    ulLastISRTxValue                         0x20000080   Data           4  queueset.o(.data)
    ulLoops                                  0x20000084   Data           4  queueset.o(.data)
    ePriorities                              0x20000088   Data           1  queueset.o(.data)
    ulCallCount                              0x2000008c   Data           4  queueset.o(.data)
    ulExpectedReceivedFromTask               0x20000090   Data           4  queueset.o(.data)
    ulExpectedReceivedFromISR                0x20000094   Data           4  queueset.o(.data)
    xQueueToWriteTo                          0x20000098   Data           4  queueset.o(.data)
    .data                                    0x2000009c   Section       12  port.o(.data)
    uxCriticalNesting                        0x2000009c   Data           4  port.o(.data)
    ucMaxSysCallPriority                     0x200000a0   Data           1  port.o(.data)
    ulMaxPRIGROUPValue                       0x200000a4   Data           4  port.o(.data)
    .data                                    0x200000a8   Section       60  tasks.o(.data)
    pxDelayedTaskList                        0x200000ac   Data           4  tasks.o(.data)
    pxOverflowDelayedTaskList                0x200000b0   Data           4  tasks.o(.data)
    uxDeletedTasksWaitingCleanUp             0x200000b4   Data           4  tasks.o(.data)
    uxCurrentNumberOfTasks                   0x200000b8   Data           4  tasks.o(.data)
    xTickCount                               0x200000bc   Data           4  tasks.o(.data)
    uxTopReadyPriority                       0x200000c0   Data           4  tasks.o(.data)
    xSchedulerRunning                        0x200000c4   Data           4  tasks.o(.data)
    uxPendedTicks                            0x200000c8   Data           4  tasks.o(.data)
    xYieldPending                            0x200000cc   Data           4  tasks.o(.data)
    xNumOfOverflows                          0x200000d0   Data           4  tasks.o(.data)
    uxTaskNumber                             0x200000d4   Data           4  tasks.o(.data)
    xNextTaskUnblockTime                     0x200000d8   Data           4  tasks.o(.data)
    xIdleTaskHandle                          0x200000dc   Data           4  tasks.o(.data)
    uxSchedulerSuspended                     0x200000e0   Data           4  tasks.o(.data)
    .data                                    0x200000e4   Section       20  timers.o(.data)
    pxCurrentTimerList                       0x200000e4   Data           4  timers.o(.data)
    pxOverflowTimerList                      0x200000e8   Data           4  timers.o(.data)
    xTimerQueue                              0x200000ec   Data           4  timers.o(.data)
    xTimerTaskHandle                         0x200000f0   Data           4  timers.o(.data)
    xLastTime                                0x200000f4   Data           4  timers.o(.data)
    .data                                    0x200000f8   Section       24  heap_4.o(.data)
    xStart                                   0x200000f8   Data           8  heap_4.o(.data)
    pxEnd                                    0x20000100   Data           4  heap_4.o(.data)
    xFreeBytesRemaining                      0x20000104   Data           4  heap_4.o(.data)
    xMinimumEverFreeBytesRemaining           0x20000108   Data           4  heap_4.o(.data)
    xBlockAllocatedBit                       0x2000010c   Data           4  heap_4.o(.data)
    .data                                    0x20000110   Section       48  rtc.o(.data)
    g_u32hiYear                              0x20000110   Data           4  rtc.o(.data)
    g_u32loYear                              0x20000114   Data           4  rtc.o(.data)
    g_u32hiMonth                             0x20000118   Data           4  rtc.o(.data)
    g_u32loMonth                             0x2000011c   Data           4  rtc.o(.data)
    g_u32hiDay                               0x20000120   Data           4  rtc.o(.data)
    g_u32loDay                               0x20000124   Data           4  rtc.o(.data)
    g_u32hiHour                              0x20000128   Data           4  rtc.o(.data)
    g_u32loHour                              0x2000012c   Data           4  rtc.o(.data)
    g_u32hiMin                               0x20000130   Data           4  rtc.o(.data)
    g_u32loMin                               0x20000134   Data           4  rtc.o(.data)
    g_u32hiSec                               0x20000138   Data           4  rtc.o(.data)
    g_u32loSec                               0x2000013c   Data           4  rtc.o(.data)
    .data                                    0x20000140   Section        8  retarget.o(.data)
    .data                                    0x20000148   Section        4  uart7_config.o(.data)
    callBack_recv                            0x20000148   Data           4  uart7_config.o(.data)
    .data                                    0x2000014c   Section      468  4g.o(.data)
    .data                                    0x20000320   Section        8  uart1_config.o(.data)
    tx                                       0x20000320   Data           4  uart1_config.o(.data)
    callBack_recv                            0x20000324   Data           4  uart1_config.o(.data)
    .data                                    0x20000328   Section        8  uart2_config.o(.data)
    tx                                       0x20000328   Data           4  uart2_config.o(.data)
    callBack_recv                            0x2000032c   Data           4  uart2_config.o(.data)
    .data                                    0x20000330   Section        8  uart3_config.o(.data)
    tx                                       0x20000330   Data           4  uart3_config.o(.data)
    callBack_recv                            0x20000334   Data           4  uart3_config.o(.data)
    .data                                    0x20000338   Section        8  uart4_config.o(.data)
    tx                                       0x20000338   Data           4  uart4_config.o(.data)
    callBack_recv                            0x2000033c   Data           4  uart4_config.o(.data)
    .data                                    0x20000340   Section        8  uart5_config.o(.data)
    tx                                       0x20000340   Data           4  uart5_config.o(.data)
    callBack_recv                            0x20000344   Data           4  uart5_config.o(.data)
    .data                                    0x20000348   Section        8  uart6_config.o(.data)
    tx                                       0x20000348   Data           4  uart6_config.o(.data)
    callBack_recv                            0x2000034c   Data           4  uart6_config.o(.data)
    .data                                    0x20000350   Section       16  msg.o(.data)
    sem_4g_recv                              0x20000350   Data           4  msg.o(.data)
    queue_report                             0x20000354   Data           4  msg.o(.data)
    queue_instant                            0x20000358   Data           4  msg.o(.data)
    sem_commucation_recv                     0x2000035c   Data           4  msg.o(.data)
    .data                                    0x20000360   Section       13  global.o(.data)
    .data                                    0x20000370   Section        4  errno.o(.data)
    _errno                                   0x20000370   Data           4  errno.o(.data)
    .bss                                     0x20000374   Section      624  main.o(.bss)
    .bss                                     0x200005e4   Section       36  queueset.o(.bss)
    xQueues                                  0x200005e4   Data          12  queueset.o(.bss)
    ulQueueUsedCounter                       0x200005f0   Data          12  queueset.o(.bss)
    ulLastQueueUsedCounter                   0x200005fc   Data          12  queueset.o(.bss)
    .bss                                     0x20000608   Section      128  queue.o(.bss)
    .bss                                     0x20000688   Section      740  tasks.o(.bss)
    pxReadyTasksLists                        0x20000688   Data         640  tasks.o(.bss)
    xDelayedTaskList1                        0x20000908   Data          20  tasks.o(.bss)
    xDelayedTaskList2                        0x2000091c   Data          20  tasks.o(.bss)
    xPendingReadyList                        0x20000930   Data          20  tasks.o(.bss)
    xTasksWaitingTermination                 0x20000944   Data          20  tasks.o(.bss)
    xSuspendedTaskList                       0x20000958   Data          20  tasks.o(.bss)
    .bss                                     0x2000096c   Section       40  timers.o(.bss)
    xActiveTimerList1                        0x2000096c   Data          20  timers.o(.bss)
    xActiveTimerList2                        0x20000980   Data          20  timers.o(.bss)
    .bss                                     0x20000994   Section    61440  heap_4.o(.bss)
    ucHeap                                   0x20000994   Data       61440  heap_4.o(.bss)
    .bss                                     0x2000f994   Section       16  pdma.o(.bss)
    u32ChSelect                              0x2000f994   Data          16  pdma.o(.bss)
    .bss                                     0x2000f9a4   Section       12  sc.o(.bss)
    u32CardStateIgnore                       0x2000f9a4   Data          12  sc.o(.bss)
    .bss                                     0x2000f9b0   Section      520  uart7_config.o(.bss)
    rx                                       0x2000f9b0   Data         260  uart7_config.o(.bss)
    tx                                       0x2000fab4   Data         260  uart7_config.o(.bss)
    .bss                                     0x2000fbb8   Section      228  4g.o(.bss)
    .bss                                     0x2000fc9c   Section      104  uart1_config.o(.bss)
    rx                                       0x2000fc9c   Data         104  uart1_config.o(.bss)
    .bss                                     0x2000fd04   Section      104  uart2_config.o(.bss)
    rx                                       0x2000fd04   Data         104  uart2_config.o(.bss)
    .bss                                     0x2000fd6c   Section      104  uart3_config.o(.bss)
    rx                                       0x2000fd6c   Data         104  uart3_config.o(.bss)
    .bss                                     0x2000fdd4   Section      104  uart4_config.o(.bss)
    rx                                       0x2000fdd4   Data         104  uart4_config.o(.bss)
    .bss                                     0x2000fe3c   Section      104  uart5_config.o(.bss)
    rx                                       0x2000fe3c   Data         104  uart5_config.o(.bss)
    .bss                                     0x2000fea4   Section      104  uart6_config.o(.bss)
    rx                                       0x2000fea4   Data         104  uart6_config.o(.bss)
    .bss                                     0x2000ff0c   Section      124  global.o(.bss)
    STACK                                    0x2000ff88   Section     2048  startup_m480.o(STACK)

    Global Symbols

    Symbol Name                              Value     Ov Type        Size  Object(Section)

    BuildAttributes$$THM_ISAv4$E$P$D$K$B$S$7EM$VFPi3$EXTD16$VFPS$VFMA$PE$A:L22UL41UL21$X:L11$S22US41US21$IEEE1$IW$USESV6$~STKCKD$USESV7$~SHL$OSPACE$ROPI$EBA8$MICROLIB$REQ8$PRES8$EABIv2 0x00000000   Number         0  anon$$obj.o ABSOLUTE
    __ARM_use_no_argv                        0x00000000   Number         0  main.o ABSOLUTE
    __Vectors                                0x00000000   Data           4  startup_m480.o(RESET)
    _printf_a                                0x00000000   Number         0  stubs.o ABSOLUTE
    _printf_c                                0x00000000   Number         0  stubs.o ABSOLUTE
    _printf_charcount                        0x00000000   Number         0  stubs.o ABSOLUTE
    _printf_d                                0x00000000   Number         0  stubs.o ABSOLUTE
    _printf_e                                0x00000000   Number         0  stubs.o ABSOLUTE
    _printf_f                                0x00000000   Number         0  stubs.o ABSOLUTE
    _printf_flags                            0x00000000   Number         0  stubs.o ABSOLUTE
    _printf_fp_dec                           0x00000000   Number         0  stubs.o ABSOLUTE
    _printf_fp_hex                           0x00000000   Number         0  stubs.o ABSOLUTE
    _printf_g                                0x00000000   Number         0  stubs.o ABSOLUTE
    _printf_i                                0x00000000   Number         0  stubs.o ABSOLUTE
    _printf_int_dec                          0x00000000   Number         0  stubs.o ABSOLUTE
    _printf_l                                0x00000000   Number         0  stubs.o ABSOLUTE
    _printf_lc                               0x00000000   Number         0  stubs.o ABSOLUTE
    _printf_ll                               0x00000000   Number         0  stubs.o ABSOLUTE
    _printf_lld                              0x00000000   Number         0  stubs.o ABSOLUTE
    _printf_lli                              0x00000000   Number         0  stubs.o ABSOLUTE
    _printf_llo                              0x00000000   Number         0  stubs.o ABSOLUTE
    _printf_llu                              0x00000000   Number         0  stubs.o ABSOLUTE
    _printf_llx                              0x00000000   Number         0  stubs.o ABSOLUTE
    _printf_longlong_dec                     0x00000000   Number         0  stubs.o ABSOLUTE
    _printf_longlong_hex                     0x00000000   Number         0  stubs.o ABSOLUTE
    _printf_longlong_oct                     0x00000000   Number         0  stubs.o ABSOLUTE
    _printf_ls                               0x00000000   Number         0  stubs.o ABSOLUTE
    _printf_mbtowc                           0x00000000   Number         0  stubs.o ABSOLUTE
    _printf_n                                0x00000000   Number         0  stubs.o ABSOLUTE
    _printf_o                                0x00000000   Number         0  stubs.o ABSOLUTE
    _printf_p                                0x00000000   Number         0  stubs.o ABSOLUTE
    _printf_percent                          0x00000000   Number         0  stubs.o ABSOLUTE
    _printf_pre_padding                      0x00000000   Number         0  stubs.o ABSOLUTE
    _printf_return_value                     0x00000000   Number         0  stubs.o ABSOLUTE
    _printf_s                                0x00000000   Number         0  stubs.o ABSOLUTE
    _printf_sizespec                         0x00000000   Number         0  stubs.o ABSOLUTE
    _printf_str                              0x00000000   Number         0  stubs.o ABSOLUTE
    _printf_truncate_signed                  0x00000000   Number         0  stubs.o ABSOLUTE
    _printf_truncate_unsigned                0x00000000   Number         0  stubs.o ABSOLUTE
    _printf_u                                0x00000000   Number         0  stubs.o ABSOLUTE
    _printf_wc                               0x00000000   Number         0  stubs.o ABSOLUTE
    _printf_wctomb                           0x00000000   Number         0  stubs.o ABSOLUTE
    _printf_widthprec                        0x00000000   Number         0  stubs.o ABSOLUTE
    _printf_x                                0x00000000   Number         0  stubs.o ABSOLUTE
    __cpp_initialize__aeabi_                  - Undefined Weak Reference
    __cxa_finalize                            - Undefined Weak Reference
    _clock_init                               - Undefined Weak Reference
    _microlib_exit                            - Undefined Weak Reference
    __Vectors_End                            0x000001f4   Data           0  startup_m480.o(RESET)
    __Vectors_Size                           0x000001f4   Number         0  startup_m480.o ABSOLUTE
    __main                                   0x000001f5   Thumb Code     0  entry.o(.ARM.Collect$$$$00000000)
    _main_stk                                0x000001f5   Thumb Code     0  entry2.o(.ARM.Collect$$$$00000001)
    _main_scatterload                        0x000001f9   Thumb Code     0  entry5.o(.ARM.Collect$$$$00000004)
    __main_after_scatterload                 0x000001fd   Thumb Code     0  entry5.o(.ARM.Collect$$$$00000004)
    _main_clock                              0x000001fd   Thumb Code     0  entry7b.o(.ARM.Collect$$$$00000008)
    _main_cpp_init                           0x000001fd   Thumb Code     0  entry8b.o(.ARM.Collect$$$$0000000A)
    _main_init                               0x000001fd   Thumb Code     0  entry9a.o(.ARM.Collect$$$$0000000B)
    __rt_final_cpp                           0x00000205   Thumb Code     0  entry10a.o(.ARM.Collect$$$$0000000D)
    __rt_final_exit                          0x00000205   Thumb Code     0  entry11a.o(.ARM.Collect$$$$0000000F)
    SVC_Handler                              0x00000209   Thumb Code    28  port.o(.emb_text)
    __asm___6_port_c_39a90d8d__prvStartFirstTask 0x00000229   Thumb Code    36  port.o(.emb_text)
    __asm___6_port_c_39a90d8d__prvEnableVFP  0x00000251   Thumb Code    16  port.o(.emb_text)
    PendSV_Handler                           0x00000265   Thumb Code    88  port.o(.emb_text)
    vPortGetIPSR                             0x000002c1   Thumb Code     6  port.o(.emb_text)
    HardFault_Handler                        0x000002c9   Thumb Code    24  retarget.o(.emb_text)
    Reset_Handler                            0x000002e5   Thumb Code    64  startup_m480.o(.text)
    NMI_Handler                              0x00000325   Thumb Code     2  startup_m480.o(.text)
    MemManage_Handler                        0x00000329   Thumb Code     2  startup_m480.o(.text)
    BusFault_Handler                         0x0000032b   Thumb Code     2  startup_m480.o(.text)
    UsageFault_Handler                       0x0000032d   Thumb Code     2  startup_m480.o(.text)
    DebugMon_Handler                         0x00000331   Thumb Code     2  startup_m480.o(.text)
    ACMP01_IRQHandler                        0x00000337   Thumb Code     0  startup_m480.o(.text)
    BOD_IRQHandler                           0x00000337   Thumb Code     0  startup_m480.o(.text)
    BPWM0_IRQHandler                         0x00000337   Thumb Code     0  startup_m480.o(.text)
    BPWM1_IRQHandler                         0x00000337   Thumb Code     0  startup_m480.o(.text)
    BRAKE0_IRQHandler                        0x00000337   Thumb Code     0  startup_m480.o(.text)
    BRAKE1_IRQHandler                        0x00000337   Thumb Code     0  startup_m480.o(.text)
    CAN0_IRQHandler                          0x00000337   Thumb Code     0  startup_m480.o(.text)
    CAN1_IRQHandler                          0x00000337   Thumb Code     0  startup_m480.o(.text)
    CAN2_IRQHandler                          0x00000337   Thumb Code     0  startup_m480.o(.text)
    CCAP_IRQHandler                          0x00000337   Thumb Code     0  startup_m480.o(.text)
    CKFAIL_IRQHandler                        0x00000337   Thumb Code     0  startup_m480.o(.text)
    CRYPTO_IRQHandler                        0x00000337   Thumb Code     0  startup_m480.o(.text)
    DAC_IRQHandler                           0x00000337   Thumb Code     0  startup_m480.o(.text)
    EADC00_IRQHandler                        0x00000337   Thumb Code     0  startup_m480.o(.text)
    EADC01_IRQHandler                        0x00000337   Thumb Code     0  startup_m480.o(.text)
    EADC02_IRQHandler                        0x00000337   Thumb Code     0  startup_m480.o(.text)
    EADC03_IRQHandler                        0x00000337   Thumb Code     0  startup_m480.o(.text)
    EADC10_IRQHandler                        0x00000337   Thumb Code     0  startup_m480.o(.text)
    EADC11_IRQHandler                        0x00000337   Thumb Code     0  startup_m480.o(.text)
    EADC12_IRQHandler                        0x00000337   Thumb Code     0  startup_m480.o(.text)
    EADC13_IRQHandler                        0x00000337   Thumb Code     0  startup_m480.o(.text)
    ECAP0_IRQHandler                         0x00000337   Thumb Code     0  startup_m480.o(.text)
    ECAP1_IRQHandler                         0x00000337   Thumb Code     0  startup_m480.o(.text)
    EHCI_IRQHandler                          0x00000337   Thumb Code     0  startup_m480.o(.text)
    EINT0_IRQHandler                         0x00000337   Thumb Code     0  startup_m480.o(.text)
    EINT1_IRQHandler                         0x00000337   Thumb Code     0  startup_m480.o(.text)
    EINT2_IRQHandler                         0x00000337   Thumb Code     0  startup_m480.o(.text)
    EINT3_IRQHandler                         0x00000337   Thumb Code     0  startup_m480.o(.text)
    EINT4_IRQHandler                         0x00000337   Thumb Code     0  startup_m480.o(.text)
    EINT5_IRQHandler                         0x00000337   Thumb Code     0  startup_m480.o(.text)
    EINT6_IRQHandler                         0x00000337   Thumb Code     0  startup_m480.o(.text)
    EINT7_IRQHandler                         0x00000337   Thumb Code     0  startup_m480.o(.text)
    EMAC_RX_IRQHandler                       0x00000337   Thumb Code     0  startup_m480.o(.text)
    EMAC_TX_IRQHandler                       0x00000337   Thumb Code     0  startup_m480.o(.text)
    EPWM0P0_IRQHandler                       0x00000337   Thumb Code     0  startup_m480.o(.text)
    EPWM0P1_IRQHandler                       0x00000337   Thumb Code     0  startup_m480.o(.text)
    EPWM0P2_IRQHandler                       0x00000337   Thumb Code     0  startup_m480.o(.text)
    EPWM1P0_IRQHandler                       0x00000337   Thumb Code     0  startup_m480.o(.text)
    EPWM1P1_IRQHandler                       0x00000337   Thumb Code     0  startup_m480.o(.text)
    EPWM1P2_IRQHandler                       0x00000337   Thumb Code     0  startup_m480.o(.text)
    GPA_IRQHandler                           0x00000337   Thumb Code     0  startup_m480.o(.text)
    GPB_IRQHandler                           0x00000337   Thumb Code     0  startup_m480.o(.text)
    GPC_IRQHandler                           0x00000337   Thumb Code     0  startup_m480.o(.text)
    GPD_IRQHandler                           0x00000337   Thumb Code     0  startup_m480.o(.text)
    GPE_IRQHandler                           0x00000337   Thumb Code     0  startup_m480.o(.text)
    GPF_IRQHandler                           0x00000337   Thumb Code     0  startup_m480.o(.text)
    GPG_IRQHandler                           0x00000337   Thumb Code     0  startup_m480.o(.text)
    GPH_IRQHandler                           0x00000337   Thumb Code     0  startup_m480.o(.text)
    I2C0_IRQHandler                          0x00000337   Thumb Code     0  startup_m480.o(.text)
    I2C1_IRQHandler                          0x00000337   Thumb Code     0  startup_m480.o(.text)
    I2C2_IRQHandler                          0x00000337   Thumb Code     0  startup_m480.o(.text)
    I2S0_IRQHandler                          0x00000337   Thumb Code     0  startup_m480.o(.text)
    IRC_IRQHandler                           0x00000337   Thumb Code     0  startup_m480.o(.text)
    OHCI_IRQHandler                          0x00000337   Thumb Code     0  startup_m480.o(.text)
    OPA0_IRQHandler                          0x00000337   Thumb Code     0  startup_m480.o(.text)
    PWRWU_IRQHandler                         0x00000337   Thumb Code     0  startup_m480.o(.text)
    QEI0_IRQHandler                          0x00000337   Thumb Code     0  startup_m480.o(.text)
    QEI1_IRQHandler                          0x00000337   Thumb Code     0  startup_m480.o(.text)
    QSPI0_IRQHandler                         0x00000337   Thumb Code     0  startup_m480.o(.text)
    QSPI1_IRQHandler                         0x00000337   Thumb Code     0  startup_m480.o(.text)
    RAMPE_IRQHandler                         0x00000337   Thumb Code     0  startup_m480.o(.text)
    RTC_IRQHandler                           0x00000337   Thumb Code     0  startup_m480.o(.text)
    SC2_IRQHandler                           0x00000337   Thumb Code     0  startup_m480.o(.text)
    SDH0_IRQHandler                          0x00000337   Thumb Code     0  startup_m480.o(.text)
    SDH1_IRQHandler                          0x00000337   Thumb Code     0  startup_m480.o(.text)
    SPI0_IRQHandler                          0x00000337   Thumb Code     0  startup_m480.o(.text)
    SPI1_IRQHandler                          0x00000337   Thumb Code     0  startup_m480.o(.text)
    SPI2_IRQHandler                          0x00000337   Thumb Code     0  startup_m480.o(.text)
    SPI3_IRQHandler                          0x00000337   Thumb Code     0  startup_m480.o(.text)
    SPIM_IRQHandler                          0x00000337   Thumb Code     0  startup_m480.o(.text)
    TAMPER_IRQHandler                        0x00000337   Thumb Code     0  startup_m480.o(.text)
    TMR0_IRQHandler                          0x00000337   Thumb Code     0  startup_m480.o(.text)
    TMR1_IRQHandler                          0x00000337   Thumb Code     0  startup_m480.o(.text)
    TMR2_IRQHandler                          0x00000337   Thumb Code     0  startup_m480.o(.text)
    TMR3_IRQHandler                          0x00000337   Thumb Code     0  startup_m480.o(.text)
    TRNG_IRQHandler                          0x00000337   Thumb Code     0  startup_m480.o(.text)
    UART0_IRQHandler                         0x00000337   Thumb Code     0  startup_m480.o(.text)
    UART6_IRQHandler                         0x00000337   Thumb Code     0  startup_m480.o(.text)
    UART7_IRQHandler                         0x00000337   Thumb Code     0  startup_m480.o(.text)
    USBD20_IRQHandler                        0x00000337   Thumb Code     0  startup_m480.o(.text)
    USBD_IRQHandler                          0x00000337   Thumb Code     0  startup_m480.o(.text)
    USBOTG20_IRQHandler                      0x00000337   Thumb Code     0  startup_m480.o(.text)
    USBOTG_IRQHandler                        0x00000337   Thumb Code     0  startup_m480.o(.text)
    USCI0_IRQHandler                         0x00000337   Thumb Code     0  startup_m480.o(.text)
    USCI1_IRQHandler                         0x00000337   Thumb Code     0  startup_m480.o(.text)
    WDT_IRQHandler                           0x00000337   Thumb Code     0  startup_m480.o(.text)
    WWDT_IRQHandler                          0x00000337   Thumb Code     0  startup_m480.o(.text)
    SystemCoreClockUpdate                    0x0000034d   Thumb Code    74  system_m480.o(.text)
    SystemInit                               0x00000397   Thumb Code   132  system_m480.o(.text)
    main                                     0x0000078f   Thumb Code    62  main.o(.text)
    vApplicationMallocFailedHook             0x000007cd   Thumb Code    28  main.o(.text)
    vApplicationIdleHook                     0x000007e9   Thumb Code     2  main.o(.text)
    vApplicationStackOverflowHook            0x000007eb   Thumb Code    28  main.o(.text)
    vApplicationTickHook                     0x00000807   Thumb Code     8  main.o(.text)
    vStartQueueSetTasks                      0x00000ca9   Thumb Code    60  queueset.o(.text)
    xAreQueueSetTasksStillRunning            0x00000ce5   Thumb Code   258  queueset.o(.text)
    vQueueSetAccessQueueSetFromISR           0x00000e5f   Thumb Code    42  queueset.o(.text)
    pxPortInitialiseStack                    0x00000ed9   Thumb Code    38  port.o(.text)
    vPortSetupTimerInterrupt                 0x00000eff   Thumb Code    36  port.o(.text)
    xPortStartScheduler                      0x00000f23   Thumb Code   322  port.o(.text)
    vPortEndScheduler                        0x00001065   Thumb Code    34  port.o(.text)
    vPortEnterCritical                       0x00001087   Thumb Code    70  port.o(.text)
    vPortExitCritical                        0x000010cd   Thumb Code    48  port.o(.text)
    SysTick_Handler                          0x000010fd   Thumb Code    48  port.o(.text)
    vPortValidateInterruptPriority           0x0000112d   Thumb Code    88  port.o(.text)
    vListInitialise                          0x000011ed   Thumb Code    26  list.o(.text)
    vListInitialiseItem                      0x00001207   Thumb Code     6  list.o(.text)
    vListInsertEnd                           0x0000120d   Thumb Code    24  list.o(.text)
    vListInsert                              0x00001225   Thumb Code    52  list.o(.text)
    uxListRemove                             0x00001259   Thumb Code    40  list.o(.text)
    xQueueGenericReset                       0x00001281   Thumb Code   134  queue.o(.text)
    xQueueGenericCreate                      0x00001335   Thumb Code    78  queue.o(.text)
    xQueueGenericSend                        0x0000152b   Thumb Code   466  queue.o(.text)
    xQueueCreateMutex                        0x00001719   Thumb Code    34  queue.o(.text)
    xQueueGiveMutexRecursive                 0x0000173b   Thumb Code    66  queue.o(.text)
    xQueueSemaphoreTake                      0x000017ab   Thumb Code   410  queue.o(.text)
    xQueueTakeMutexRecursive                 0x00001945   Thumb Code    72  queue.o(.text)
    xQueueCreateCountingSemaphore            0x0000198d   Thumb Code    80  queue.o(.text)
    xQueueGenericSendFromISR                 0x000019dd   Thumb Code   250  queue.o(.text)
    xQueueGiveFromISR                        0x00001ad7   Thumb Code   228  queue.o(.text)
    xQueueReceive                            0x00001be5   Thumb Code   338  queue.o(.text)
    xQueuePeek                               0x00001d37   Thumb Code   344  queue.o(.text)
    xQueueReceiveFromISR                     0x00001e8f   Thumb Code   190  queue.o(.text)
    xQueuePeekFromISR                        0x00001f4d   Thumb Code   158  queue.o(.text)
    uxQueueMessagesWaiting                   0x00001feb   Thumb Code    36  queue.o(.text)
    uxQueueSpacesAvailable                   0x0000200f   Thumb Code    42  queue.o(.text)
    uxQueueMessagesWaitingFromISR            0x00002039   Thumb Code    32  queue.o(.text)
    vQueueUnregisterQueue                    0x00002059   Thumb Code    44  queue.o(.text)
    vQueueDelete                             0x00002085   Thumb Code    38  queue.o(.text)
    uxQueueGetQueueNumber                    0x000020ab   Thumb Code     6  queue.o(.text)
    vQueueSetQueueNumber                     0x000020b1   Thumb Code     4  queue.o(.text)
    ucQueueGetQueueType                      0x000020b5   Thumb Code     8  queue.o(.text)
    xQueueIsQueueEmptyFromISR                0x000020bd   Thumb Code    36  queue.o(.text)
    xQueueIsQueueFullFromISR                 0x000020e1   Thumb Code    40  queue.o(.text)
    vQueueAddToRegistry                      0x00002109   Thumb Code    38  queue.o(.text)
    pcQueueGetName                           0x0000212f   Thumb Code    38  queue.o(.text)
    vQueueWaitForMessageRestricted           0x00002155   Thumb Code    74  queue.o(.text)
    xQueueCreateSet                          0x0000219f   Thumb Code    20  queue.o(.text)
    xQueueAddToSet                           0x000021b3   Thumb Code    38  queue.o(.text)
    xQueueRemoveFromSet                      0x000021d9   Thumb Code    48  queue.o(.text)
    xQueueSelectFromSet                      0x00002209   Thumb Code    24  queue.o(.text)
    xQueueSelectFromSetFromISR               0x00002221   Thumb Code    22  queue.o(.text)
    xTaskCreate                              0x000023c9   Thumb Code    96  tasks.o(.text)
    vTaskDelete                              0x00002465   Thumb Code   192  tasks.o(.text)
    xTaskIncrementTick                       0x00002525   Thumb Code   400  tasks.o(.text)
    xTaskResumeAll                           0x000026b5   Thumb Code   218  tasks.o(.text)
    vTaskSuspendAll                          0x0000280b   Thumb Code    12  tasks.o(.text)
    vTaskDelayUntil                          0x00002817   Thumb Code   182  tasks.o(.text)
    vTaskDelay                               0x000028cd   Thumb Code    76  tasks.o(.text)
    eTaskGetState                            0x00002919   Thumb Code   106  tasks.o(.text)
    uxTaskPriorityGet                        0x00002983   Thumb Code    30  tasks.o(.text)
    uxTaskPriorityGetFromISR                 0x000029a1   Thumb Code    62  tasks.o(.text)
    vTaskPrioritySet                         0x000029df   Thumb Code   320  tasks.o(.text)
    vTaskSwitchContext                       0x00002b1f   Thumb Code   114  tasks.o(.text)
    vTaskSuspend                             0x00002b91   Thumb Code   204  tasks.o(.text)
    vTaskResume                              0x00002ca9   Thumb Code   122  tasks.o(.text)
    xTaskResumeFromISR                       0x00002d23   Thumb Code   152  tasks.o(.text)
    vTaskStartScheduler                      0x00002e17   Thumb Code   112  tasks.o(.text)
    vTaskEndScheduler                        0x00002e87   Thumb Code    32  tasks.o(.text)
    xTaskGetTickCount                        0x00002ea7   Thumb Code     6  tasks.o(.text)
    xTaskGetTickCountFromISR                 0x00002ead   Thumb Code    16  tasks.o(.text)
    uxTaskGetNumberOfTasks                   0x00002ebd   Thumb Code     6  tasks.o(.text)
    pcTaskGetName                            0x00002ec3   Thumb Code   114  tasks.o(.text)
    vTaskGetInfo                             0x00002f4b   Thumb Code   126  tasks.o(.text)
    uxTaskGetSystemState                     0x00003033   Thumb Code   152  tasks.o(.text)
    vTaskPlaceOnEventList                    0x000030cb   Thumb Code    46  tasks.o(.text)
    vTaskPlaceOnUnorderedEventList           0x000030f9   Thumb Code    88  tasks.o(.text)
    vTaskPlaceOnEventListRestricted          0x00003151   Thumb Code    54  tasks.o(.text)
    xTaskRemoveFromEventList                 0x00003187   Thumb Code   122  tasks.o(.text)
    vTaskRemoveFromUnorderedEventList        0x00003201   Thumb Code   130  tasks.o(.text)
    vTaskSetTimeOutState                     0x00003283   Thumb Code    44  tasks.o(.text)
    vTaskInternalSetTimeOutState             0x000032af   Thumb Code    14  tasks.o(.text)
    xTaskCheckForTimeOut                     0x000032bd   Thumb Code   172  tasks.o(.text)
    vTaskMissedYield                         0x00003369   Thumb Code     8  tasks.o(.text)
    uxTaskGetTaskNumber                      0x00003371   Thumb Code    14  tasks.o(.text)
    vTaskSetTaskNumber                       0x0000337f   Thumb Code     8  tasks.o(.text)
    xTaskGetCurrentTaskHandle                0x00003387   Thumb Code     6  tasks.o(.text)
    xTaskGetSchedulerState                   0x0000338d   Thumb Code    24  tasks.o(.text)
    xTaskPriorityInherit                     0x000033a5   Thumb Code   186  tasks.o(.text)
    xTaskPriorityDisinherit                  0x0000345f   Thumb Code   176  tasks.o(.text)
    vTaskPriorityDisinheritAfterTimeout      0x0000350f   Thumb Code   218  tasks.o(.text)
    vTaskList                                0x00003613   Thumb Code   204  tasks.o(.text)
    uxTaskResetEventItemValue                0x000036df   Thumb Code    24  tasks.o(.text)
    pvTaskIncrementMutexHeldCount            0x000036f7   Thumb Code    26  tasks.o(.text)
    ulTaskNotifyTake                         0x00003711   Thumb Code   158  tasks.o(.text)
    xTaskNotifyWait                          0x000037af   Thumb Code   150  tasks.o(.text)
    xTaskGenericNotify                       0x00003845   Thumb Code   226  tasks.o(.text)
    xTaskGenericNotifyFromISR                0x00003927   Thumb Code   282  tasks.o(.text)
    vTaskNotifyGiveFromISR                   0x00003a41   Thumb Code   200  tasks.o(.text)
    xTaskNotifyStateClear                    0x00003b09   Thumb Code    48  tasks.o(.text)
    xTimerGenericCommand                     0x00003ba9   Thumb Code   116  timers.o(.text)
    xTimerCreateTimerTask                    0x00003eed   Thumb Code    56  timers.o(.text)
    xTimerCreate                             0x00003fc9   Thumb Code    48  timers.o(.text)
    xTimerGetTimerDaemonTaskHandle           0x00003ff9   Thumb Code    38  timers.o(.text)
    xTimerGetPeriod                          0x0000401f   Thumb Code    28  timers.o(.text)
    xTimerGetExpiryTime                      0x0000403b   Thumb Code    30  timers.o(.text)
    pcTimerGetName                           0x00004059   Thumb Code    28  timers.o(.text)
    xTimerIsTimerActive                      0x00004075   Thumb Code    50  timers.o(.text)
    pvTimerGetTimerID                        0x000040a7   Thumb Code    38  timers.o(.text)
    vTimerSetTimerID                         0x000040cd   Thumb Code    38  timers.o(.text)
    uxTimerGetTimerNumber                    0x000040f3   Thumb Code     6  timers.o(.text)
    vTimerSetTimerNumber                     0x000040f9   Thumb Code     4  timers.o(.text)
    pvPortMalloc                             0x000041c3   Thumb Code   262  heap_4.o(.text)
    vPortFree                                0x000042c9   Thumb Code   120  heap_4.o(.text)
    xPortGetFreeHeapSize                     0x00004341   Thumb Code     6  heap_4.o(.text)
    xPortGetMinimumEverFreeHeapSize          0x00004347   Thumb Code     6  heap_4.o(.text)
    vPortInitialiseBlocks                    0x0000434d   Thumb Code     2  heap_4.o(.text)
    RTC_SetDateAndTime                       0x000043db   Thumb Code   228  rtc.o(.text)
    RTC_Open                                 0x000044bf   Thumb Code    42  rtc.o(.text)
    RTC_Close                                0x000044e9   Thumb Code    20  rtc.o(.text)
    RTC_32KCalibration                       0x000044fd   Thumb Code   148  rtc.o(.text)
    RTC_GetDateAndTime                       0x00004591   Thumb Code   360  rtc.o(.text)
    RTC_GetAlarmDateAndTime                  0x000046f9   Thumb Code   444  rtc.o(.text)
    RTC_SetAlarmDateAndTime                  0x000048b5   Thumb Code   218  rtc.o(.text)
    RTC_SetDate                              0x0000498f   Thumb Code   110  rtc.o(.text)
    RTC_SetTime                              0x000049fd   Thumb Code   146  rtc.o(.text)
    RTC_SetAlarmDate                         0x00004a8f   Thumb Code    96  rtc.o(.text)
    RTC_SetAlarmTime                         0x00004aef   Thumb Code   146  rtc.o(.text)
    RTC_SetAlarmDateMask                     0x00004b81   Thumb Code    50  rtc.o(.text)
    RTC_SetAlarmTimeMask                     0x00004bb3   Thumb Code   102  rtc.o(.text)
    RTC_GetDayOfWeek                         0x00004c19   Thumb Code    10  rtc.o(.text)
    RTC_SetTickPeriod                        0x00004c23   Thumb Code    24  rtc.o(.text)
    RTC_EnableInt                            0x00004c3b   Thumb Code    20  rtc.o(.text)
    RTC_DisableInt                           0x00004c4f   Thumb Code    28  rtc.o(.text)
    RTC_EnableSpareAccess                    0x00004c6b   Thumb Code    20  rtc.o(.text)
    RTC_DisableSpareRegister                 0x00004c7f   Thumb Code    20  rtc.o(.text)
    RTC_StaticTamperEnable                   0x00004c93   Thumb Code    76  rtc.o(.text)
    RTC_StaticTamperDisable                  0x00004cdf   Thumb Code    54  rtc.o(.text)
    RTC_DynamicTamperEnable                  0x00004d15   Thumb Code   150  rtc.o(.text)
    RTC_DynamicTamperDisable                 0x00004dab   Thumb Code   100  rtc.o(.text)
    RTC_DynamicTamperConfig                  0x00004e0f   Thumb Code    66  rtc.o(.text)
    CLK_DisableModuleClock                   0x00004e5d   Thumb Code    36  clk.o(.text)
    CLK_DisableCKO                           0x00004e81   Thumb Code    10  clk.o(.text)
    CLK_SetModuleClock                       0x00004e8b   Thumb Code   208  clk.o(.text)
    CLK_EnableModuleClock                    0x00004f5b   Thumb Code    36  clk.o(.text)
    CLK_EnableCKO                            0x00004f7f   Thumb Code    40  clk.o(.text)
    CLK_PowerDown                            0x00004fa7   Thumb Code    56  clk.o(.text)
    CLK_Idle                                 0x00004fdf   Thumb Code    32  clk.o(.text)
    CLK_GetHXTFreq                           0x00004fff   Thumb Code    20  clk.o(.text)
    CLK_GetLXTFreq                           0x00005013   Thumb Code    22  clk.o(.text)
    CLK_GetPCLK0Freq                         0x00005029   Thumb Code   120  clk.o(.text)
    CLK_GetPCLK1Freq                         0x000050a1   Thumb Code   120  clk.o(.text)
    CLK_GetHCLKFreq                          0x00005119   Thumb Code    12  clk.o(.text)
    CLK_GetCPUFreq                           0x00005125   Thumb Code    12  clk.o(.text)
    CLK_WaitClockReady                       0x00005131   Thumb Code    38  clk.o(.text)
    CLK_SetHCLK                              0x00005157   Thumb Code   120  clk.o(.text)
    CLK_GetPLLClockFreq                      0x000051cf   Thumb Code   106  clk.o(.text)
    CLK_DisablePLL                           0x00005239   Thumb Code    52  clk.o(.text)
    CLK_EnablePLL                            0x0000526d   Thumb Code   374  clk.o(.text)
    CLK_SetCoreClock                         0x000053e3   Thumb Code   152  clk.o(.text)
    CLK_SetSysTickClockSrc                   0x0000547b   Thumb Code    22  clk.o(.text)
    CLK_EnableXtalRC                         0x00005491   Thumb Code    16  clk.o(.text)
    CLK_DisableXtalRC                        0x000054a1   Thumb Code    16  clk.o(.text)
    CLK_EnableSysTick                        0x000054b1   Thumb Code    70  clk.o(.text)
    CLK_DisableSysTick                       0x000054f7   Thumb Code    10  clk.o(.text)
    CLK_SetPowerDownMode                     0x00005501   Thumb Code   120  clk.o(.text)
    CLK_EnableDPDWKPin                       0x00005579   Thumb Code   162  clk.o(.text)
    CLK_GetPMUWKSrc                          0x0000561b   Thumb Code     8  clk.o(.text)
    CLK_EnableSPDWKPin                       0x00005623   Thumb Code    44  clk.o(.text)
    CLK_GetModuleClockSource                 0x0000564f   Thumb Code   168  clk.o(.text)
    CLK_GetModuleClockDivider                0x000056f7   Thumb Code   100  clk.o(.text)
    GPIO_SetMode                             0x00005771   Thumb Code    50  gpio.o(.text)
    GPIO_EnableInt                           0x000057a3   Thumb Code    40  gpio.o(.text)
    GPIO_DisableInt                          0x000057cb   Thumb Code    24  gpio.o(.text)
    GPIO_SetSlewCtl                          0x000057e3   Thumb Code    44  gpio.o(.text)
    GPIO_SetPullCtl                          0x0000580f   Thumb Code    44  gpio.o(.text)
    Hard_Fault_Handler                       0x00005883   Thumb Code    18  retarget.o(.text)
    kbhit                                    0x000058e3   Thumb Code    10  retarget.o(.text)
    IsDebugFifoEmpty                         0x000058ed   Thumb Code    10  retarget.o(.text)
    _ttywrch                                 0x000058f7   Thumb Code    12  retarget.o(.text)
    fputc                                    0x00005903   Thumb Code    16  retarget.o(.text)
    fgetc                                    0x00005913   Thumb Code    10  retarget.o(.text)
    ferror                                   0x0000591d   Thumb Code     8  retarget.o(.text)
    SYS_ClearResetSrc                        0x000059a1   Thumb Code    16  sys.o(.text)
    SYS_GetBODStatus                         0x000059b1   Thumb Code    12  sys.o(.text)
    SYS_GetResetSrc                          0x000059bd   Thumb Code     8  sys.o(.text)
    SYS_IsRegLocked                          0x000059c5   Thumb Code    14  sys.o(.text)
    SYS_ReadPDID                             0x000059d3   Thumb Code     8  sys.o(.text)
    SYS_ResetChip                            0x000059db   Thumb Code    18  sys.o(.text)
    SYS_ResetCPU                             0x000059ed   Thumb Code    18  sys.o(.text)
    SYS_ResetModule                          0x000059ff   Thumb Code    38  sys.o(.text)
    SYS_EnableBOD                            0x00005a25   Thumb Code    42  sys.o(.text)
    SYS_DisableBOD                           0x00005a4f   Thumb Code    18  sys.o(.text)
    SYS_SetPowerLevel                        0x00005a61   Thumb Code    22  sys.o(.text)
    SYS_SetVRef                              0x00005a77   Thumb Code    20  sys.o(.text)
    UART_ClearIntFlag                        0x00005a91   Thumb Code    66  uart.o(.text)
    UART_Close                               0x00005ad3   Thumb Code     6  uart.o(.text)
    UART_DisableFlowCtrl                     0x00005ad9   Thumb Code    10  uart.o(.text)
    UART_DisableInt                          0x00005ae3   Thumb Code     8  uart.o(.text)
    UART_EnableFlowCtrl                      0x00005aeb   Thumb Code    26  uart.o(.text)
    UART_EnableInt                           0x00005b05   Thumb Code     8  uart.o(.text)
    UART_Open                                0x00005b0d   Thumb Code   284  uart.o(.text)
    UART_Read                                0x00005c29   Thumb Code    58  uart.o(.text)
    UART_SetLineConfig                       0x00005c63   Thumb Code   290  uart.o(.text)
    UART_SetTimeoutCnt                       0x00005d85   Thumb Code    20  uart.o(.text)
    UART_SelectIrDAMode                      0x00005d99   Thumb Code   328  uart.o(.text)
    UART_SelectRS485Mode                     0x00005ee1   Thumb Code    26  uart.o(.text)
    UART_SelectLINMode                       0x00005efb   Thumb Code    26  uart.o(.text)
    UART_Write                               0x00005f15   Thumb Code    58  uart.o(.text)
    SCUART_Close                             0x00005f55   Thumb Code    10  scuart.o(.text)
    SCUART_Open                              0x00005fbf   Thumb Code    50  scuart.o(.text)
    SCUART_Read                              0x00005ff1   Thumb Code    32  scuart.o(.text)
    SCUART_SetLineConfig                     0x00006011   Thumb Code    74  scuart.o(.text)
    SCUART_SetTimeoutCnt                     0x0000605b   Thumb Code     4  scuart.o(.text)
    SCUART_Write                             0x0000605f   Thumb Code    32  scuart.o(.text)
    PDMA_Open                                0x00006091   Thumb Code    46  pdma.o(.text)
    PDMA_Close                               0x000060bf   Thumb Code     8  pdma.o(.text)
    PDMA_SetTransferCnt                      0x000060c7   Thumb Code    42  pdma.o(.text)
    PDMA_SetStride                           0x000060f1   Thumb Code    50  pdma.o(.text)
    PDMA_SetRepeat                           0x00006123   Thumb Code    40  pdma.o(.text)
    PDMA_SetTransferAddr                     0x0000614b   Thumb Code    54  pdma.o(.text)
    PDMA_SetTransferMode                     0x00006181   Thumb Code   372  pdma.o(.text)
    PDMA_SetBurstType                        0x000062f5   Thumb Code    38  pdma.o(.text)
    PDMA_EnableTimeout                       0x0000631b   Thumb Code    12  pdma.o(.text)
    PDMA_DisableTimeout                      0x00006327   Thumb Code    12  pdma.o(.text)
    PDMA_SetTimeOut                          0x00006333   Thumb Code    78  pdma.o(.text)
    PDMA_Trigger                             0x00006381   Thumb Code    16  pdma.o(.text)
    PDMA_EnableInt                           0x00006391   Thumb Code    70  pdma.o(.text)
    PDMA_DisableInt                          0x000063d7   Thumb Code    70  pdma.o(.text)
    SC_IsCardInserted                        0x00006425   Thumb Code    82  sc.o(.text)
    SC_ClearFIFO                             0x00006477   Thumb Code    22  sc.o(.text)
    SC_Close                                 0x0000648d   Thumb Code    36  sc.o(.text)
    SC_Open                                  0x000064b1   Thumb Code    96  sc.o(.text)
    SC_ResetReader                           0x00006511   Thumb Code   108  sc.o(.text)
    SC_SetBlockGuardTime                     0x0000657d   Thumb Code    16  sc.o(.text)
    SC_SetCharGuardTime                      0x0000658d   Thumb Code    20  sc.o(.text)
    SC_StopAllTimer                          0x000065a1   Thumb Code    22  sc.o(.text)
    SC_StartTimer                            0x000065b7   Thumb Code   104  sc.o(.text)
    SC_StopTimer                             0x0000661f   Thumb Code    48  sc.o(.text)
    SC_GetInterfaceClock                     0x0000664f   Thumb Code   104  sc.o(.text)
    EADC_Open                                0x000066d5   Thumb Code    34  eadc.o(.text)
    EADC_Close                               0x000066f7   Thumb Code    10  eadc.o(.text)
    EADC_ConfigSampleModule                  0x00006701   Thumb Code    44  eadc.o(.text)
    EADC_SetTriggerDelayTime                 0x0000672d   Thumb Code    46  eadc.o(.text)
    EADC_SetExtendSampleTime                 0x0000675b   Thumb Code    40  eadc.o(.text)
    hardware_config                          0x000067f1   Thumb Code   104  hardware.o(.text)
    led_config                               0x0000685d   Thumb Code    34  led_gpio.o(.text)
    uart0_log_config                         0x00006889   Thumb Code    58  uart0_log.o(.text)
    tap_config                               0x000068cd   Thumb Code   102  tap_set.o(.text)
    sys_clock_init                           0x0000693d   Thumb Code   132  sys_clock.o(.text)
    uart_disable_TXPDMAEN                    0x000069d1   Thumb Code    88  dma.o(.text)
    PDMA_IRQHandler                          0x00006a29   Thumb Code    84  dma.o(.text)
    uart7_config                             0x00006a95   Thumb Code   148  uart7_config.o(.text)
    SC1_IRQHandler                           0x00006b29   Thumb Code   296  uart7_config.o(.text)
    _uart7_send                              0x00006c51   Thumb Code    96  uart7_config.o(.text)
    _4g_config                               0x00006ccd   Thumb Code    22  4g.o(.text)
    main_task_4g                             0x0000785f   Thumb Code  1686  4g.o(.text)
    get_4g_state                             0x00007ef5   Thumb Code     8  4g.o(.text)
    get_4g_quality                           0x00007efd   Thumb Code   152  4g.o(.text)
    get_network_state                        0x00007fd9   Thumb Code    14  commucation.o(.text)
    add_report_info                          0x00007fe7   Thumb Code    60  commucation.o(.text)
    main_task_commucation                    0x00008e5f   Thumb Code   114  commucation.o(.text)
    get_link_info                            0x00008ef1   Thumb Code   478  pack_load.o(.text)
    get_channel_status                       0x000090cf   Thumb Code   480  pack_load.o(.text)
    get_machine_status                       0x000092af   Thumb Code   496  pack_load.o(.text)
    get_software_version                     0x0000949f   Thumb Code   254  pack_load.o(.text)
    get_set_param                            0x0000959d   Thumb Code   440  pack_load.o(.text)
    analysis_17_42_7                         0x00009755   Thumb Code   300  pack_load.o(.text)
    analysis_17_42_8                         0x00009881   Thumb Code     6  pack_load.o(.text)
    analysis_17_42_9                         0x00009887   Thumb Code     6  pack_load.o(.text)
    get_vm_set                               0x0000988d   Thumb Code  1134  pack_load.o(.text)
    get_reset_cmd                            0x00009cfb   Thumb Code   422  pack_load.o(.text)
    get_factory_set                          0x00009ea1   Thumb Code   624  pack_load.o(.text)
    updata_factory_set                       0x0000a111   Thumb Code   342  pack_load.o(.text)
    instant_equipment_state                  0x0000a289   Thumb Code   398  pack_temp.o(.text)
    uart1_config                             0x0000a535   Thumb Code   128  uart1_config.o(.text)
    UART1_IRQHandler                         0x0000a5b5   Thumb Code   246  uart1_config.o(.text)
    _uart1_send                              0x0000a6ab   Thumb Code   112  uart1_config.o(.text)
    uart2_config                             0x0000a80d   Thumb Code   128  uart2_config.o(.text)
    UART2_IRQHandler                         0x0000a88d   Thumb Code   246  uart2_config.o(.text)
    _uart2_send                              0x0000a983   Thumb Code   112  uart2_config.o(.text)
    uart3_config                             0x0000aae5   Thumb Code   128  uart3_config.o(.text)
    UART3_IRQHandler                         0x0000ab65   Thumb Code   246  uart3_config.o(.text)
    _uart3_send                              0x0000ac5b   Thumb Code   112  uart3_config.o(.text)
    uart4_config                             0x0000adbd   Thumb Code   128  uart4_config.o(.text)
    UART4_IRQHandler                         0x0000ae3d   Thumb Code   246  uart4_config.o(.text)
    _uart4_send                              0x0000af33   Thumb Code   112  uart4_config.o(.text)
    uart5_config                             0x0000b095   Thumb Code   128  uart5_config.o(.text)
    UART5_IRQHandler                         0x0000b115   Thumb Code   246  uart5_config.o(.text)
    _uart5_send                              0x0000b20b   Thumb Code   112  uart5_config.o(.text)
    uart6_config                             0x0000b2df   Thumb Code   154  uart6_config.o(.text)
    SC0_IRQHandler                           0x0000b379   Thumb Code   350  uart6_config.o(.text)
    _uart6_send                              0x0000b4d7   Thumb Code   100  uart6_config.o(.text)
    c4g_recv_get                             0x0000b577   Thumb Code    16  msg.o(.text)
    c4g_recv_send_isr                        0x0000b587   Thumb Code    14  msg.o(.text)
    mail_apply                               0x0000b595   Thumb Code   104  msg.o(.text)
    mail_release                             0x0000b5fd   Thumb Code    24  msg.o(.text)
    report_to_tail                           0x0000b627   Thumb Code    62  msg.o(.text)
    report_to_head                           0x0000b665   Thumb Code    62  msg.o(.text)
    report_data_get                          0x0000b6a3   Thumb Code    20  msg.o(.text)
    instant_to_tail                          0x0000b6c9   Thumb Code    62  msg.o(.text)
    instant_to_head                          0x0000b707   Thumb Code    62  msg.o(.text)
    instant_data_get                         0x0000b745   Thumb Code    20  msg.o(.text)
    commucation_sem_get                      0x0000b76b   Thumb Code    16  msg.o(.text)
    commucation_sem_send_isr                 0x0000b77b   Thumb Code    14  msg.o(.text)
    msg_init                                 0x0000b789   Thumb Code    20  msg.o(.text)
    restart_equ_set                          0x0000b851   Thumb Code     2  global.o(.text)
    restart_equ_get                          0x0000b853   Thumb Code     4  global.o(.text)
    get_random_number                        0x0000b857   Thumb Code     2  global.o(.text)
    global_init                              0x0000b859   Thumb Code    46  global.o(.text)
    get_cur_time                             0x0000b8a1   Thumb Code    84  user_rtc.o(.text)
    set_rtc_time                             0x0000b8f5   Thumb Code   124  user_rtc.o(.text)
    rtc_config                               0x0000b971   Thumb Code    72  user_rtc.o(.text)
    adc_config                               0x0000b9bd   Thumb Code   122  adc.o(.text)
    get_internal_senser_adc                  0x0000ba37   Thumb Code    46  adc.o(.text)
    get_external_senser_adc                  0x0000ba65   Thumb Code    46  adc.o(.text)
    get_internal_temp                        0x0000bb1b   Thumb Code    94  temp.o(.text)
    get_external_temp                        0x0000bb79   Thumb Code    88  temp.o(.text)
    __aeabi_uldivmod                         0x0000bbf5   Thumb Code    98  uldiv.o(.text)
    __aeabi_memcpy                           0x0000bc57   Thumb Code    36  memcpya.o(.text)
    __aeabi_memcpy4                          0x0000bc57   Thumb Code     0  memcpya.o(.text)
    __aeabi_memcpy8                          0x0000bc57   Thumb Code     0  memcpya.o(.text)
    __aeabi_memset                           0x0000bc7b   Thumb Code    14  memseta.o(.text)
    __aeabi_memset4                          0x0000bc7b   Thumb Code     0  memseta.o(.text)
    __aeabi_memset8                          0x0000bc7b   Thumb Code     0  memseta.o(.text)
    __aeabi_memclr                           0x0000bc89   Thumb Code     4  memseta.o(.text)
    __aeabi_memclr4                          0x0000bc89   Thumb Code     0  memseta.o(.text)
    __aeabi_memclr8                          0x0000bc89   Thumb Code     0  memseta.o(.text)
    _memset$wrapper                          0x0000bc8d   Thumb Code    18  memseta.o(.text)
    strcat                                   0x0000bc9f   Thumb Code    24  strcat.o(.text)
    strlen                                   0x0000bcb7   Thumb Code    14  strlen.o(.text)
    strcpy                                   0x0000bcc5   Thumb Code    18  strcpy.o(.text)
    strncasecmp                              0x0000bcd7   Thumb Code    50  strncasecmp.o(.text)
    strtoul                                  0x0000bd09   Thumb Code   114  strtoul.o(.text)
    atoi                                     0x0000bd7b   Thumb Code    26  atoi.o(.text)
    __aeabi_dadd                             0x0000bd95   Thumb Code   322  dadd.o(.text)
    __aeabi_dsub                             0x0000bed7   Thumb Code     6  dadd.o(.text)
    __aeabi_drsub                            0x0000bedd   Thumb Code     6  dadd.o(.text)
    __aeabi_ddiv                             0x0000bee3   Thumb Code   222  ddiv.o(.text)
    __aeabi_d2iz                             0x0000bfc1   Thumb Code    62  dfixi.o(.text)
    __aeabi_f2d                              0x0000bfff   Thumb Code    38  f2d.o(.text)
    __aeabi_llsl                             0x0000c025   Thumb Code    30  llshl.o(.text)
    _ll_shift_l                              0x0000c025   Thumb Code     0  llshl.o(.text)
    __aeabi_llsr                             0x0000c043   Thumb Code    32  llushr.o(.text)
    _ll_ushift_r                             0x0000c043   Thumb Code     0  llushr.o(.text)
    __aeabi_lasr                             0x0000c063   Thumb Code    36  llsshr.o(.text)
    _ll_sshift_r                             0x0000c063   Thumb Code     0  llsshr.o(.text)
    __rt_ctype_table                         0x0000c089   Thumb Code     4  ctype_o.o(.text)
    tolower                                  0x0000c091   Thumb Code    12  tolower.o(.text)
    _strtoul                                 0x0000c09d   Thumb Code   158  _strtoul.o(.text)
    strtol                                   0x0000c13b   Thumb Code   112  strtol.o(.text)
    __I$use$fp                               0x0000c1ab   Thumb Code     0  iusefp.o(.text)
    _double_round                            0x0000c1ab   Thumb Code    30  depilogue.o(.text)
    _double_epilogue                         0x0000c1c9   Thumb Code   156  depilogue.o(.text)
    __scatterload                            0x0000c265   Thumb Code    28  init.o(.text)
    __scatterload_rt2                        0x0000c265   Thumb Code     0  init.o(.text)
    _chval                                   0x0000c289   Thumb Code    28  _chval.o(.text)
    __decompress                             0x0000c2a5   Thumb Code     0  __dczerorl2.o(.text)
    __decompress1                            0x0000c2a5   Thumb Code    86  __dczerorl2.o(.text)
    __0printf$8                              0x0000c2fd   Thumb Code    22  printf8.o(i.__0printf$8)
    __1printf$8                              0x0000c2fd   Thumb Code     0  printf8.o(i.__0printf$8)
    __2printf                                0x0000c2fd   Thumb Code     0  printf8.o(i.__0printf$8)
    __0sprintf$8                             0x0000c31d   Thumb Code    34  printf8.o(i.__0sprintf$8)
    __1sprintf$8                             0x0000c31d   Thumb Code     0  printf8.o(i.__0sprintf$8)
    __2sprintf                               0x0000c31d   Thumb Code     0  printf8.o(i.__0sprintf$8)
    __aeabi_errno_addr                       0x0000c345   Thumb Code     4  errno.o(i.__aeabi_errno_addr)
    __rt_errno_addr                          0x0000c345   Thumb Code     0  errno.o(i.__aeabi_errno_addr)
    __scatterload_copy                       0x0000c34d   Thumb Code    14  handlers.o(i.__scatterload_copy)
    __scatterload_null                       0x0000c35b   Thumb Code     2  handlers.o(i.__scatterload_null)
    __scatterload_zeroinit                   0x0000c35d   Thumb Code    14  handlers.o(i.__scatterload_zeroinit)
    __ctype_table                            0x0000cd0c   Data         129  ctype_o.o(.constdata)
    Region$$Table$$Base                      0x0000cd94   Number         0  anon$$obj.o(Region$$Table)
    Region$$Table$$Limit                     0x0000cdb4   Number         0  anon$$obj.o(Region$$Table)
    SystemCoreClock                          0x20000000   Data           4  system_m480.o(.data)
    CyclesPerUs                              0x20000004   Data           4  system_m480.o(.data)
    PllClock                                 0x20000008   Data           4  system_m480.o(.data)
    gau32ClkSrcTbl                           0x2000000c   Data          32  system_m480.o(.data)
    START_Task_Handler                       0x2000002c   Data           4  main.o(.data)
    Commucation_Task_Handler                 0x20000030   Data           4  main.o(.data)
    Test_Task_Handler                        0x20000034   Data           4  main.o(.data)
    Idle_Task_Handler                        0x20000038   Data           4  main.o(.data)
    n                                        0x2000003c   Data           1  main.o(.data)
    start_s                                  0x20000040   Data           4  main.o(.data)
    rx1                                      0x20000044   Data           4  main.o(.data)
    rx6                                      0x20000048   Data           4  main.o(.data)
    rx2                                      0x2000004c   Data           4  main.o(.data)
    rx3                                      0x20000050   Data           4  main.o(.data)
    rx4                                      0x20000054   Data           4  main.o(.data)
    rx5                                      0x20000058   Data           4  main.o(.data)
    xQueueSetSendingTask                     0x20000074   Data           4  queueset.o(.data)
    xQueueSetReceivingTask                   0x20000078   Data           4  queueset.o(.data)
    pxCurrentTCB                             0x200000a8   Data           4  tasks.o(.data)
    __stdout                                 0x20000140   Data           4  retarget.o(.data)
    __stdin                                  0x20000144   Data           4  retarget.o(.data)
    chk_baud                                 0x2000014c   Data          10  4g.o(.data)
    set_baud                                 0x20000156   Data          16  4g.o(.data)
    close_cmd_echo                           0x20000166   Data           7  4g.o(.data)
    save_param                               0x2000016d   Data           7  4g.o(.data)
    chk_iccid                                0x20000174   Data          11  4g.o(.data)
    chk_pin                                  0x2000017f   Data          11  4g.o(.data)
    chk_sim_reg                              0x2000018a   Data          11  4g.o(.data)
    chk_net_reg                              0x20000195   Data          12  4g.o(.data)
    set_link_ChinaMobile                     0x200001a1   Data          32  4g.o(.data)
    set_link_UNICOM                          0x200001c1   Data          33  4g.o(.data)
    set_link_p                               0x200001e2   Data          32  4g.o(.data)
    chk_link_point                           0x20000202   Data          14  4g.o(.data)
    active_pdp_context                       0x20000210   Data          13  4g.o(.data)
    chk_pdp_context                          0x2000021d   Data          12  4g.o(.data)
    deactive_pdp_context                     0x20000229   Data          15  4g.o(.data)
    test_tcp                                 0x20000238   Data          13  4g.o(.data)
    creat_tcp_top                            0x20000245   Data          22  4g.o(.data)
    creat_tcp_tail                           0x2000025b   Data           3  4g.o(.data)
    creat_tcp_port                           0x2000025e   Data           7  4g.o(.data)
    close_tcp                                0x20000265   Data          15  4g.o(.data)
    chk_tcp                                  0x20000274   Data          17  4g.o(.data)
    chk_data_echo                            0x20000285   Data          12  4g.o(.data)
    chk_err_code                             0x20000291   Data          16  4g.o(.data)
    exit_transpartent                        0x200002a1   Data           4  4g.o(.data)
    exit_transpartent2                       0x200002a5   Data          11  4g.o(.data)
    change_transparent_mode                  0x200002b0   Data          17  4g.o(.data)
    enter_transparent_mode                   0x200002c1   Data           6  4g.o(.data)
    chk_Operators                            0x200002c7   Data          11  4g.o(.data)
    chk_ICCID                                0x200002d2   Data          11  4g.o(.data)
    chk_signal                               0x200002dd   Data           9  4g.o(.data)
    Operators_ChinaMobile_ID                 0x200002e6   Data          24  4g.o(.data)
    Operators_ChinaUnicom_ID                 0x200002fe   Data          18  4g.o(.data)
    Operators_ChinaTelecom_ID                0x20000310   Data          12  4g.o(.data)
    time                                     0x2000031c   Data           4  4g.o(.data)
    main_version                             0x20000360   Data          13  global.o(.data)
    tx1                                      0x20000374   Data         104  main.o(.bss)
    tx6                                      0x200003dc   Data         104  main.o(.bss)
    tx2                                      0x20000444   Data         104  main.o(.bss)
    tx3                                      0x200004ac   Data         104  main.o(.bss)
    tx4                                      0x20000514   Data         104  main.o(.bss)
    tx5                                      0x2000057c   Data         104  main.o(.bss)
    xQueueRegistry                           0x20000608   Data         128  queue.o(.bss)
    c4g_info                                 0x2000fbb8   Data         228  4g.o(.bss)
    class_global                             0x2000ff0c   Data         124  global.o(.bss)
    __initial_sp                             0x20010788   Data           0  startup_m480.o(STACK)



==============================================================================

Memory Map of the image

  Image Entry point : 0x000001f5

  Load Region LR_IROM1 (Base: 0x00000000, Size: 0x0000d128, Max: 0x00080000, ABSOLUTE, COMPRESSED[0x0000cecc])

    Execution Region ER_IROM1 (Exec base: 0x00000000, Load base: 0x00000000, Size: 0x0000cdb4, Max: 0x00080000, ABSOLUTE)

    Exec Addr    Load Addr    Size         Type   Attr      Idx    E Section Name        Object

    0x00000000   0x00000000   0x000001f4   Data   RO            3    RESET               startup_m480.o
    0x000001f4   0x000001f4   0x00000000   Code   RO         1538  * .ARM.Collect$$$$00000000  mc_w.l(entry.o)
    0x000001f4   0x000001f4   0x00000004   Code   RO         1830    .ARM.Collect$$$$00000001  mc_w.l(entry2.o)
    0x000001f8   0x000001f8   0x00000004   Code   RO         1833    .ARM.Collect$$$$00000004  mc_w.l(entry5.o)
    0x000001fc   0x000001fc   0x00000000   Code   RO         1835    .ARM.Collect$$$$00000008  mc_w.l(entry7b.o)
    0x000001fc   0x000001fc   0x00000000   Code   RO         1837    .ARM.Collect$$$$0000000A  mc_w.l(entry8b.o)
    0x000001fc   0x000001fc   0x00000008   Code   RO         1838    .ARM.Collect$$$$0000000B  mc_w.l(entry9a.o)
    0x00000204   0x00000204   0x00000000   Code   RO         1840    .ARM.Collect$$$$0000000D  mc_w.l(entry10a.o)
    0x00000204   0x00000204   0x00000000   Code   RO         1842    .ARM.Collect$$$$0000000F  mc_w.l(entry11a.o)
    0x00000204   0x00000204   0x00000004   Code   RO         1831    .ARM.Collect$$$$00002712  mc_w.l(entry2.o)
    0x00000208   0x00000208   0x000000be   Code   RO          554    .emb_text           port.o
    0x000002c6   0x000002c6   0x00000002   PAD
    0x000002c8   0x000002c8   0x0000001c   Code   RO          811    .emb_text           retarget.o
    0x000002e4   0x000002e4   0x00000068   Code   RO            4    .text               startup_m480.o
    0x0000034c   0x0000034c   0x000000f4   Code   RO           12    .text               system_m480.o
    0x00000440   0x00000440   0x0000050c   Code   RO          314    .text               main.o
    0x0000094c   0x0000094c   0x0000055c   Code   RO          476    .text               queueset.o
    0x00000ea8   0x00000ea8   0x00000344   Code   RO          555    .text               port.o
    0x000011ec   0x000011ec   0x00000094   Code   RO          602    .text               list.o
    0x00001280   0x00001280   0x00000fbc   Code   RO          622    .text               queue.o
    0x0000223c   0x0000223c   0x0000191c   Code   RO          660    .text               tasks.o
    0x00003b58   0x00003b58   0x000005a8   Code   RO          699    .text               timers.o
    0x00004100   0x00004100   0x000002a8   Code   RO          722    .text               heap_4.o
    0x000043a8   0x000043a8   0x00000ab4   Code   RO          745    .text               rtc.o
    0x00004e5c   0x00004e5c   0x00000914   Code   RO          770    .text               clk.o
    0x00005770   0x00005770   0x000000ca   Code   RO          791    .text               gpio.o
    0x0000583a   0x0000583a   0x00000002   PAD
    0x0000583c   0x0000583c   0x00000164   Code   RO          812    .text               retarget.o
    0x000059a0   0x000059a0   0x000000f0   Code   RO          842    .text               sys.o
    0x00005a90   0x00005a90   0x000004c4   Code   RO          862    .text               uart.o
    0x00005f54   0x00005f54   0x0000013c   Code   RO          883    .text               scuart.o
    0x00006090   0x00006090   0x00000394   Code   RO          903    .text               pdma.o
    0x00006424   0x00006424   0x000002b0   Code   RO          925    .text               sc.o
    0x000066d4   0x000066d4   0x000000b4   Code   RO          947    .text               eadc.o
    0x00006788   0x00006788   0x000000d4   Code   RO          987    .text               hardware.o
    0x0000685c   0x0000685c   0x0000002c   Code   RO         1025    .text               led_gpio.o
    0x00006888   0x00006888   0x00000044   Code   RO         1045    .text               uart0_log.o
    0x000068cc   0x000068cc   0x00000070   Code   RO         1065    .text               tap_set.o
    0x0000693c   0x0000693c   0x00000094   Code   RO         1085    .text               sys_clock.o
    0x000069d0   0x000069d0   0x000000c4   Code   RO         1105    .text               dma.o
    0x00006a94   0x00006a94   0x00000238   Code   RO         1128    .text               uart7_config.o
    0x00006ccc   0x00006ccc   0x0000130c   Code   RO         1155    .text               4g.o
    0x00007fd8   0x00007fd8   0x00000f18   Code   RO         1192    .text               commucation.o
    0x00008ef0   0x00008ef0   0x00001398   Code   RO         1212    .text               pack_load.o
    0x0000a288   0x0000a288   0x000001bc   Code   RO         1238    .text               pack_temp.o
    0x0000a444   0x0000a444   0x00000320   Code   RO         1261    .text               uart1_config.o
    0x0000a764   0x0000a764   0x000002d8   Code   RO         1288    .text               uart2_config.o
    0x0000aa3c   0x0000aa3c   0x000002d8   Code   RO         1311    .text               uart3_config.o
    0x0000ad14   0x0000ad14   0x000002d8   Code   RO         1334    .text               uart4_config.o
    0x0000afec   0x0000afec   0x000002d8   Code   RO         1360    .text               uart5_config.o
    0x0000b2c4   0x0000b2c4   0x000002a0   Code   RO         1383    .text               uart6_config.o
    0x0000b564   0x0000b564   0x000002ec   Code   RO         1406    .text               msg.o
    0x0000b850   0x0000b850   0x00000050   Code   RO         1428    .text               global.o
    0x0000b8a0   0x0000b8a0   0x0000011c   Code   RO         1455    .text               user_rtc.o
    0x0000b9bc   0x0000b9bc   0x000000e0   Code   RO         1475    .text               adc.o
    0x0000ba9c   0x0000ba9c   0x00000158   Code   RO         1495    .text               temp.o
    0x0000bbf4   0x0000bbf4   0x00000062   Code   RO         1541    .text               mc_w.l(uldiv.o)
    0x0000bc56   0x0000bc56   0x00000024   Code   RO         1543    .text               mc_w.l(memcpya.o)
    0x0000bc7a   0x0000bc7a   0x00000024   Code   RO         1545    .text               mc_w.l(memseta.o)
    0x0000bc9e   0x0000bc9e   0x00000018   Code   RO         1547    .text               mc_w.l(strcat.o)
    0x0000bcb6   0x0000bcb6   0x0000000e   Code   RO         1549    .text               mc_w.l(strlen.o)
    0x0000bcc4   0x0000bcc4   0x00000012   Code   RO         1551    .text               mc_w.l(strcpy.o)
    0x0000bcd6   0x0000bcd6   0x00000032   Code   RO         1555    .text               mc_w.l(strncasecmp.o)
    0x0000bd08   0x0000bd08   0x00000072   Code   RO         1818    .text               mc_w.l(strtoul.o)
    0x0000bd7a   0x0000bd7a   0x0000001a   Code   RO         1820    .text               mc_w.l(atoi.o)
    0x0000bd94   0x0000bd94   0x0000014e   Code   RO         1822    .text               mf_w.l(dadd.o)
    0x0000bee2   0x0000bee2   0x000000de   Code   RO         1824    .text               mf_w.l(ddiv.o)
    0x0000bfc0   0x0000bfc0   0x0000003e   Code   RO         1826    .text               mf_w.l(dfixi.o)
    0x0000bffe   0x0000bffe   0x00000026   Code   RO         1828    .text               mf_w.l(f2d.o)
    0x0000c024   0x0000c024   0x0000001e   Code   RO         1846    .text               mc_w.l(llshl.o)
    0x0000c042   0x0000c042   0x00000020   Code   RO         1848    .text               mc_w.l(llushr.o)
    0x0000c062   0x0000c062   0x00000024   Code   RO         1850    .text               mc_w.l(llsshr.o)
    0x0000c086   0x0000c086   0x00000002   PAD
    0x0000c088   0x0000c088   0x00000008   Code   RO         1852    .text               mc_w.l(ctype_o.o)
    0x0000c090   0x0000c090   0x0000000c   Code   RO         1880    .text               mc_w.l(tolower.o)
    0x0000c09c   0x0000c09c   0x0000009e   Code   RO         1889    .text               mc_w.l(_strtoul.o)
    0x0000c13a   0x0000c13a   0x00000070   Code   RO         1891    .text               mc_w.l(strtol.o)
    0x0000c1aa   0x0000c1aa   0x00000000   Code   RO         1893    .text               mc_w.l(iusefp.o)
    0x0000c1aa   0x0000c1aa   0x000000ba   Code   RO         1894    .text               mf_w.l(depilogue.o)
    0x0000c264   0x0000c264   0x00000024   Code   RO         1902    .text               mc_w.l(init.o)
    0x0000c288   0x0000c288   0x0000001c   Code   RO         1904    .text               mc_w.l(_chval.o)
    0x0000c2a4   0x0000c2a4   0x00000056   Code   RO         1914    .text               mc_w.l(__dczerorl2.o)
    0x0000c2fa   0x0000c2fa   0x00000002   PAD
    0x0000c2fc   0x0000c2fc   0x00000020   Code   RO         1764    i.__0printf$8       mc_w.l(printf8.o)
    0x0000c31c   0x0000c31c   0x00000028   Code   RO         1766    i.__0sprintf$8      mc_w.l(printf8.o)
    0x0000c344   0x0000c344   0x00000008   Code   RO         1882    i.__aeabi_errno_addr  mc_w.l(errno.o)
    0x0000c34c   0x0000c34c   0x0000000e   Code   RO         1908    i.__scatterload_copy  mc_w.l(handlers.o)
    0x0000c35a   0x0000c35a   0x00000002   Code   RO         1909    i.__scatterload_null  mc_w.l(handlers.o)
    0x0000c35c   0x0000c35c   0x0000000e   Code   RO         1910    i.__scatterload_zeroinit  mc_w.l(handlers.o)
    0x0000c36a   0x0000c36a   0x00000002   PAD
    0x0000c36c   0x0000c36c   0x00000410   Code   RO         1771    i._printf_core      mc_w.l(printf8.o)
    0x0000c77c   0x0000c77c   0x00000024   Code   RO         1772    i._printf_post_padding  mc_w.l(printf8.o)
    0x0000c7a0   0x0000c7a0   0x0000002e   Code   RO         1773    i._printf_pre_padding  mc_w.l(printf8.o)
    0x0000c7ce   0x0000c7ce   0x0000000a   Code   RO         1775    i._sputc            mc_w.l(printf8.o)
    0x0000c7d8   0x0000c7d8   0x00000020   Data   RO          771    .constdata          clk.o
    0x0000c7f8   0x0000c7f8   0x00000030   Data   RO          863    .constdata          uart.o
    0x0000c828   0x0000c828   0x00000054   Data   RO         1157    .constdata          4g.o
    0x0000c87c   0x0000c87c   0x00000490   Data   RO         1496    .constdata          temp.o
    0x0000cd0c   0x0000cd0c   0x00000081   Data   RO         1853    .constdata          mc_w.l(ctype_o.o)
    0x0000cd8d   0x0000cd8d   0x00000003   PAD
    0x0000cd90   0x0000cd90   0x00000004   Data   RO         1854    .constdata          mc_w.l(ctype_o.o)
    0x0000cd94   0x0000cd94   0x00000020   Data   RO         1906    Region$$Table       anon$$obj.o


    Execution Region RW_IRAM1 (Exec base: 0x20000000, Load base: 0x0000cdb4, Size: 0x00010788, Max: 0x00028000, ABSOLUTE, COMPRESSED[0x00000118])

    Exec Addr    Load Addr    Size         Type   Attr      Idx    E Section Name        Object

    0x20000000   COMPRESSED   0x0000002c   Data   RW           13    .data               system_m480.o
    0x2000002c   COMPRESSED   0x00000030   Data   RW          316    .data               main.o
    0x2000005c   COMPRESSED   0x00000040   Data   RW          478    .data               queueset.o
    0x2000009c   COMPRESSED   0x0000000c   Data   RW          556    .data               port.o
    0x200000a8   COMPRESSED   0x0000003c   Data   RW          662    .data               tasks.o
    0x200000e4   COMPRESSED   0x00000014   Data   RW          701    .data               timers.o
    0x200000f8   COMPRESSED   0x00000018   Data   RW          724    .data               heap_4.o
    0x20000110   COMPRESSED   0x00000030   Data   RW          746    .data               rtc.o
    0x20000140   COMPRESSED   0x00000008   Data   RW          813    .data               retarget.o
    0x20000148   COMPRESSED   0x00000004   Data   RW         1130    .data               uart7_config.o
    0x2000014c   COMPRESSED   0x000001d4   Data   RW         1158    .data               4g.o
    0x20000320   COMPRESSED   0x00000008   Data   RW         1263    .data               uart1_config.o
    0x20000328   COMPRESSED   0x00000008   Data   RW         1290    .data               uart2_config.o
    0x20000330   COMPRESSED   0x00000008   Data   RW         1313    .data               uart3_config.o
    0x20000338   COMPRESSED   0x00000008   Data   RW         1336    .data               uart4_config.o
    0x20000340   COMPRESSED   0x00000008   Data   RW         1362    .data               uart5_config.o
    0x20000348   COMPRESSED   0x00000008   Data   RW         1385    .data               uart6_config.o
    0x20000350   COMPRESSED   0x00000010   Data   RW         1407    .data               msg.o
    0x20000360   COMPRESSED   0x0000000d   Data   RW         1430    .data               global.o
    0x2000036d   COMPRESSED   0x00000003   PAD
    0x20000370   COMPRESSED   0x00000004   Data   RW         1885    .data               mc_w.l(errno.o)
    0x20000374        -       0x00000270   Zero   RW          315    .bss                main.o
    0x200005e4        -       0x00000024   Zero   RW          477    .bss                queueset.o
    0x20000608        -       0x00000080   Zero   RW          623    .bss                queue.o
    0x20000688        -       0x000002e4   Zero   RW          661    .bss                tasks.o
    0x2000096c        -       0x00000028   Zero   RW          700    .bss                timers.o
    0x20000994        -       0x0000f000   Zero   RW          723    .bss                heap_4.o
    0x2000f994        -       0x00000010   Zero   RW          904    .bss                pdma.o
    0x2000f9a4        -       0x0000000c   Zero   RW          926    .bss                sc.o
    0x2000f9b0        -       0x00000208   Zero   RW         1129    .bss                uart7_config.o
    0x2000fbb8        -       0x000000e4   Zero   RW         1156    .bss                4g.o
    0x2000fc9c        -       0x00000068   Zero   RW         1262    .bss                uart1_config.o
    0x2000fd04        -       0x00000068   Zero   RW         1289    .bss                uart2_config.o
    0x2000fd6c        -       0x00000068   Zero   RW         1312    .bss                uart3_config.o
    0x2000fdd4        -       0x00000068   Zero   RW         1335    .bss                uart4_config.o
    0x2000fe3c        -       0x00000068   Zero   RW         1361    .bss                uart5_config.o
    0x2000fea4        -       0x00000068   Zero   RW         1384    .bss                uart6_config.o
    0x2000ff0c        -       0x0000007c   Zero   RW         1429    .bss                global.o
    0x2000ff88        -       0x00000800   Zero   RW            1    STACK               startup_m480.o


==============================================================================

Image component sizes


      Code (inc. data)   RO Data    RW Data    ZI Data      Debug   Object Name

      4876        460         84        468        228      14492   4g.o
       224         10          0          0          0        917   adc.o
      2324         94         32          0          0       8523   clk.o
      3864        618          0          0          0       6098   commucation.o
       196         30          0          0          0        928   dma.o
       180          6          0          0          0       1933   eadc.o
        80         26          0         13        124       2880   global.o
       202          0          0          0          0       1902   gpio.o
       212          4          0          0          0      84826   hardware.o
       680         90          0         24      61440       3372   heap_4.o
        44         10          0          0          0        473   led_gpio.o
       148          0          0          0          0       1942   list.o
      1292        318          0         48        624      59503   main.o
       748        180          0         16          0       4274   msg.o
      5016        206          0          0          0       8012   pack_load.o
       444         46          0          0          0       1394   pack_temp.o
       916         24          0          0         16       4812   pdma.o
      1026        120          0         12          0       8319   port.o
      4028         64          0          0        128      26138   queue.o
      1372        188          0         64         36      14661   queueset.o
       384        128          0          8          0       4506   retarget.o
      2740        134          0         48          0      12017   rtc.o
       688         30          0          0         12       3758   sc.o
       316         18          0          0          0       2834   scuart.o
       104         20        500          0       2048        904   startup_m480.o
       240          6          0          0          0       2272   sys.o
       148         16          0          0          0        633   sys_clock.o
       244         38          0         44          0     105221   system_m480.o
       112         10          0          0          0        505   tap_set.o
      6428        408          0         60        740      33049   tasks.o
       344         36       1168          0          0       1894   temp.o
      1448        110          0         20         40       8306   timers.o
      1220         48         48          0          0       5300   uart.o
        68         10          0          0          0        491   uart0_log.o
       800         52          0          8        104      28795   uart1_config.o
       728         52          0          8        104       2448   uart2_config.o
       728         52          0          8        104       2432   uart3_config.o
       728         52          0          8        104       2864   uart4_config.o
       728         52          0          8        104       2432   uart5_config.o
       672         42          0          8        104       2166   uart6_config.o
       568         28          0          4        520      28433   uart7_config.o
       284          4          0          0          0       1715   user_rtc.o

    ----------------------------------------------------------------------
     47596       3840       1864        880      66580     508374   Object Totals
         0          0         32          0          0          0   (incl. Generated)
         4          0          0          3          0          0   (incl. Padding)

    ----------------------------------------------------------------------

      Code (inc. data)   RO Data    RW Data    ZI Data      Debug   Library Member Name

        86          0          0          0          0          0   __dczerorl2.o
        28          0          0          0          0         68   _chval.o
       158          0          0          0          0         92   _strtoul.o
        26          0          0          0          0         80   atoi.o
         8          4        133          0          0         68   ctype_o.o
         0          0          0          0          0          0   entry.o
         0          0          0          0          0          0   entry10a.o
         0          0          0          0          0          0   entry11a.o
         8          4          0          0          0          0   entry2.o
         4          0          0          0          0          0   entry5.o
         0          0          0          0          0          0   entry7b.o
         0          0          0          0          0          0   entry8b.o
         8          4          0          0          0          0   entry9a.o
         8          4          0          4          0         68   errno.o
        30          0          0          0          0          0   handlers.o
        36          8          0          0          0         68   init.o
         0          0          0          0          0          0   iusefp.o
        30          0          0          0          0         68   llshl.o
        36          0          0          0          0         68   llsshr.o
        32          0          0          0          0         68   llushr.o
        36          0          0          0          0         68   memcpya.o
        36          0          0          0          0        108   memseta.o
      1204         60          0          0          0        504   printf8.o
        24          0          0          0          0         68   strcat.o
        18          0          0          0          0         68   strcpy.o
        14          0          0          0          0         68   strlen.o
        50          0          0          0          0         84   strncasecmp.o
       112          0          0          0          0         88   strtol.o
       114          0          0          0          0         92   strtoul.o
        12          0          0          0          0         68   tolower.o
        98          0          0          0          0         92   uldiv.o
       334          0          0          0          0        148   dadd.o
       222          0          0          0          0        100   ddiv.o
       186          0          0          0          0        176   depilogue.o
        62          0          0          0          0         80   dfixi.o
        38          0          0          0          0         68   f2d.o

    ----------------------------------------------------------------------
      3064         84        136          4          0       2528   Library Totals
         6          0          3          0          0          0   (incl. Padding)

    ----------------------------------------------------------------------

      Code (inc. data)   RO Data    RW Data    ZI Data      Debug   Library Name

      2216         84        133          4          0       1956   mc_w.l
       842          0          0          0          0        572   mf_w.l

    ----------------------------------------------------------------------
      3064         84        136          4          0       2528   Library Totals

    ----------------------------------------------------------------------

==============================================================================


      Code (inc. data)   RO Data    RW Data    ZI Data      Debug   

     50660       3924       2000        884      66580     501386   Grand Totals
     50660       3924       2000        280      66580     501386   ELF Image Totals (compressed)
     50660       3924       2000        280          0          0   ROM Totals

==============================================================================

    Total RO  Size (Code + RO Data)                52660 (  51.43kB)
    Total RW  Size (RW Data + ZI Data)             67464 (  65.88kB)
    Total ROM Size (Code + RO Data + RW Data)      52940 (  51.70kB)

==============================================================================

