Component: ARM Compiler 5.06 update 6 (build 750) Tool: armlink [4d35ed]

==============================================================================

Section Cross References

    startup_m480.o(RESET) refers to startup_m480.o(STACK) for __initial_sp
    startup_m480.o(RESET) refers to startup_m480.o(.text) for Reset_Handler
    startup_m480.o(RESET) refers to retarget.o(.emb_text) for HardFault_Handler
    startup_m480.o(RESET) refers to port.o(.emb_text) for SVC_Handler
    startup_m480.o(RESET) refers to port.o(.text) for SysTick_Handler
    startup_m480.o(RESET) refers to uart1_config.o(.text) for UART1_IRQHandler
    startup_m480.o(RESET) refers to uart2_config.o(.text) for UART2_IRQHandler
    startup_m480.o(RESET) refers to uart3_config.o(.text) for UART3_IRQHandler
    startup_m480.o(RESET) refers to uart6_config.o(.text) for SC0_IRQHandler
    startup_m480.o(RESET) refers to uart7_config.o(.text) for SC1_IRQHandler
    startup_m480.o(RESET) refers to uart4_config.o(.text) for UART4_IRQHandler
    startup_m480.o(RESET) refers to uart5_config.o(.text) for UART5_IRQHandler
    startup_m480.o(.text) refers to system_m480.o(.text) for SystemInit
    startup_m480.o(.text) refers to entry.o(.ARM.Collect$$$$00000000) for __main
    system_m480.o(.text) refers to clk.o(.text) for CLK_GetPLLClockFreq
    system_m480.o(.text) refers to system_m480.o(.data) for PllClock
    main.o(.text) refers to printf8.o(i.__0sprintf$8) for __2sprintf
    main.o(.text) refers to uart6_config.o(.text) for _uart6_send
    main.o(.text) refers to tasks.o(.text) for vTaskDelay
    main.o(.text) refers to printf8.o(i.__0printf$8) for __2printf
    main.o(.text) refers to pollq.o(.text) for xArePollingQueuesStillRunning
    main.o(.text) refers to clk.o(.text) for CLK_EnableXtalRC
    main.o(.text) refers to hardware.o(.text) for hardware_config
    main.o(.text) refers to system_m480.o(.text) for SystemCoreClockUpdate
    main.o(.text) refers to queueset.o(.text) for vQueueSetAccessQueueSetFromISR
    partest.o(.text) refers to partest.o(.data) for i
    queueset.o(.text) refers to queue.o(.text) for xQueueCreateSet
    queueset.o(.text) refers to tasks.o(.text) for vTaskResume
    queueset.o(.text) refers to port.o(.text) for vPortEnterCritical
    queueset.o(.text) refers to queueset.o(.data) for ulExpectedReceivedFromISR
    queueset.o(.text) refers to queueset.o(.bss) for xQueues
    pollq.o(.text) refers to queue.o(.text) for xQueueGenericSend
    pollq.o(.text) refers to port.o(.text) for vPortEnterCritical
    pollq.o(.text) refers to tasks.o(.text) for vTaskDelay
    pollq.o(.text) refers to pollq.o(.data) for xPollingProducerCount
    port.o(.emb_text) refers to tasks.o(.text) for vTaskSwitchContext
    port.o(.emb_text) refers to tasks.o(.data) for pxCurrentTCB
    port.o(.text) refers to port.o(.emb_text) for __asm___6_port_c_39a90d8d__prvEnableVFP
    port.o(.text) refers to tasks.o(.text) for xTaskIncrementTick
    port.o(.text) refers to port.o(.data) for uxCriticalNesting
    port.o(.text) refers to system_m480.o(.data) for SystemCoreClock
    queue.o(.text) refers to port.o(.text) for vPortEnterCritical
    queue.o(.text) refers to tasks.o(.text) for xTaskRemoveFromEventList
    queue.o(.text) refers to list.o(.text) for vListInitialise
    queue.o(.text) refers to heap_4.o(.text) for pvPortMalloc
    queue.o(.text) refers to memcpya.o(.text) for __aeabi_memcpy
    queue.o(.text) refers to queue.o(.bss) for xQueueRegistry
    tasks.o(.text) refers to list.o(.text) for vListInitialise
    tasks.o(.text) refers to port.o(.text) for vPortEnterCritical
    tasks.o(.text) refers to memseta.o(.text) for __aeabi_memset
    tasks.o(.text) refers to heap_4.o(.text) for pvPortMalloc
    tasks.o(.text) refers to tasks.o(.bss) for pxReadyTasksLists
    tasks.o(.text) refers to tasks.o(.data) for pxDelayedTaskList
    tasks.o(.text) refers to main.o(.text) for vApplicationTickHook
    tasks.o(.text) refers to timers.o(.text) for xTimerCreateTimerTask
    timers.o(.text) refers to list.o(.text) for vListInsert
    timers.o(.text) refers to tasks.o(.text) for xTaskGetSchedulerState
    timers.o(.text) refers to queue.o(.text) for xQueueGenericSend
    timers.o(.text) refers to heap_4.o(.text) for vPortFree
    timers.o(.text) refers to port.o(.text) for vPortEnterCritical
    timers.o(.text) refers to timers.o(.data) for pxOverflowTimerList
    timers.o(.text) refers to timers.o(.bss) for xActiveTimerList1
    heap_4.o(.text) refers to tasks.o(.text) for vTaskSuspendAll
    heap_4.o(.text) refers to main.o(.text) for vApplicationMallocFailedHook
    heap_4.o(.text) refers to heap_4.o(.data) for xStart
    heap_4.o(.text) refers to heap_4.o(.bss) for ucHeap
    clk.o(.text) refers to system_m480.o(.text) for SystemCoreClockUpdate
    clk.o(.text) refers to system_m480.o(.data) for SystemCoreClock
    clk.o(.text) refers to clk.o(.constdata) for .constdata
[...]
    ../clib/microlib/printf/printf.c         0x00000000   Number         0  printf6.o ABSOLUTE
    ../clib/microlib/printf/printf.c         0x00000000   Number         0  printf5.o ABSOLUTE
    ../clib/microlib/printf/printf.c         0x00000000   Number         0  printfb.o ABSOLUTE
    ../clib/microlib/printf/printf.c         0x00000000   Number         0  printf0.o ABSOLUTE
    ../clib/microlib/printf/printf.c         0x00000000   Number         0  printf1.o ABSOLUTE
    ../clib/microlib/printf/printf.c         0x00000000   Number         0  printf7.o ABSOLUTE
    ../clib/microlib/printf/printf.c         0x00000000   Number         0  printfa.o ABSOLUTE
    ../clib/microlib/printf/printf.c         0x00000000   Number         0  printf8.o ABSOLUTE
    ../clib/microlib/printf/printf.c         0x00000000   Number         0  printf2.o ABSOLUTE
    ../clib/microlib/printf/printf.c         0x00000000   Number         0  printf3.o ABSOLUTE
    ../clib/microlib/printf/stubs.s          0x00000000   Number         0  stubs.o ABSOLUTE
    ../clib/microlib/string/memcpy.c         0x00000000   Number         0  memcpyb.o ABSOLUTE
    ../clib/microlib/string/memcpy.c         0x00000000   Number         0  memcpya.o ABSOLUTE
    ../clib/microlib/string/memset.c         0x00000000   Number         0  memseta.o ABSOLUTE
    ../clib/microlib/string/strcat.c         0x00000000   Number         0  strcat.o ABSOLUTE
    ../clib/microlib/string/strcpy.c         0x00000000   Number         0  strcpy.o ABSOLUTE
    ../clib/microlib/string/strlen.c         0x00000000   Number         0  strlen.o ABSOLUTE
    ../clib/microlib/string/strncasecmp.c    0x00000000   Number         0  strncasecmp.o ABSOLUTE
    ../clib/microlib/stubs.s                 0x00000000   Number         0  iusefp.o ABSOLUTE
    ../clib/scanf.c                          0x00000000   Number         0  atoi.o ABSOLUTE
    ../clib/scanf.c                          0x00000000   Number         0  _chval.o ABSOLUTE
    ../clib/scanf.c                          0x00000000   Number         0  strtol.o ABSOLUTE
    ../clib/scanf.c                          0x00000000   Number         0  _strtoul.o ABSOLUTE
    ../fplib/microlib/fpadd.c                0x00000000   Number         0  dadd.o ABSOLUTE
    ../fplib/microlib/fpdiv.c                0x00000000   Number         0  ddiv.o ABSOLUTE
    ../fplib/microlib/fpepilogue.c           0x00000000   Number         0  depilogue.o ABSOLUTE
    ../fplib/microlib/fpfix.c                0x00000000   Number         0  dfixul.o ABSOLUTE
    ../fplib/microlib/fpmul.c                0x00000000   Number         0  dmul.o ABSOLUTE
    ..\4G\4G.c                               0x00000000   Number         0  4g.o ABSOLUTE
    ..\4G\uart7_config.c                     0x00000000   Number         0  uart7_config.o ABSOLUTE
    ..\Device\Nuvoton\M480\Source\ARM\startup_M480.s 0x00000000   Number         0  startup_m480.o ABSOLUTE
    ..\Device\Nuvoton\M480\Source\system_M480.c 0x00000000   Number         0  system_m480.o ABSOLUTE
    ..\FreeRTOS\Demo\Common\Minimal\PollQ.c  0x00000000   Number         0  pollq.o ABSOLUTE
    ..\FreeRTOS\Demo\Common\Minimal\QueueSet.c 0x00000000   Number         0  queueset.o ABSOLUTE
    ..\FreeRTOS\Source\list.c                0x00000000   Number         0  list.o ABSOLUTE
    ..\FreeRTOS\Source\portable\MemMang\heap_4.c 0x00000000   Number         0  heap_4.o ABSOLUTE
    ..\FreeRTOS\Source\portable\RVDS\ARM_CM4F\port.c 0x00000000   Number         0  port.o ABSOLUTE
    ..\FreeRTOS\Source\queue.c               0x00000000   Number         0  queue.o ABSOLUTE
    ..\FreeRTOS\Source\tasks.c               0x00000000   Number         0  tasks.o ABSOLUTE
    ..\FreeRTOS\Source\timers.c              0x00000000   Number         0  timers.o ABSOLUTE
    ..\ParTest.c                             0x00000000   Number         0  partest.o ABSOLUTE
    ..\StdDriver\src\clk.c                   0x00000000   Number         0  clk.o ABSOLUTE
    ..\StdDriver\src\gpio.c                  0x00000000   Number         0  gpio.o ABSOLUTE
    ..\StdDriver\src\pdma.c                  0x00000000   Number         0  pdma.o ABSOLUTE
    ..\StdDriver\src\retarget.c              0x00000000   Number         0  retarget.o ABSOLUTE
    ..\StdDriver\src\scuart.c                0x00000000   Number         0  scuart.o ABSOLUTE
    ..\StdDriver\src\sys.c                   0x00000000   Number         0  sys.o ABSOLUTE
    ..\StdDriver\src\uart.c                  0x00000000   Number         0  uart.o ABSOLUTE
    ..\\4G\\4G.c                             0x00000000   Number         0  4g.o ABSOLUTE
    ..\\4G\\uart7_config.c                   0x00000000   Number         0  uart7_config.o ABSOLUTE
    ..\\Device\\Nuvoton\\M480\\Source\\system_M480.c 0x00000000   Number         0  system_m480.o ABSOLUTE
    ..\\FreeRTOS\\Demo\\Common\\Minimal\\PollQ.c 0x00000000   Number         0  pollq.o ABSOLUTE
    ..\\FreeRTOS\\Demo\\Common\\Minimal\\QueueSet.c 0x00000000   Number         0  queueset.o ABSOLUTE
    ..\\FreeRTOS\\Source\\list.c             0x00000000   Number         0  list.o ABSOLUTE
    ..\\FreeRTOS\\Source\\portable\\MemMang\\heap_4.c 0x00000000   Number         0  heap_4.o ABSOLUTE
    ..\\FreeRTOS\\Source\\portable\\RVDS\\ARM_CM4F\\port.c 0x00000000   Number         0  port.o ABSOLUTE
    ..\\FreeRTOS\\Source\\queue.c            0x00000000   Number         0  queue.o ABSOLUTE
    ..\\FreeRTOS\\Source\\tasks.c            0x00000000   Number         0  tasks.o ABSOLUTE
    ..\\FreeRTOS\\Source\\timers.c           0x00000000   Number         0  timers.o ABSOLUTE
    ..\\ParTest.c                            0x00000000   Number         0  partest.o ABSOLUTE
    ..\\StdDriver\\src\\clk.c                0x00000000   Number         0  clk.o ABSOLUTE
    ..\\StdDriver\\src\\gpio.c               0x00000000   Number         0  gpio.o ABSOLUTE
    ..\\StdDriver\\src\\pdma.c               0x00000000   Number         0  pdma.o ABSOLUTE
    ..\\StdDriver\\src\\retarget.c           0x00000000   Number         0  retarget.o ABSOLUTE
    ..\\StdDriver\\src\\scuart.c             0x00000000   Number         0  scuart.o ABSOLUTE
    ..\\StdDriver\\src\\sys.c                0x00000000   Number         0  sys.o ABSOLUTE
    ..\\StdDriver\\src\\uart.c               0x00000000   Number         0  uart.o ABSOLUTE
    ..\\global\\global.c                     0x00000000   Number         0  global.o ABSOLUTE
    ..\\global\\msg.c                        0x00000000   Number         0  msg.o ABSOLUTE
    ..\\hardware\\hardware.c                 0x00000000   Number         0  hardware.o ABSOLUTE
    ..\\hardware\\led_gpio.c                 0x00000000   Number         0  led_gpio.o ABSOLUTE
    ..\\hardware\\tap_set.c                  0x00000000   Number         0  tap_set.o ABSOLUTE
    ..\\hardware\\uart0_log.c                0x00000000   Number         0  uart0_log.o ABSOLUTE
    ..\\main.c                               0x00000000   Number         0  main.o ABSOLUTE
    ..\\swipe\\uart1_config.c                0x00000000   Number         0  uart1_config.o ABSOLUTE
    ..\\swipe\\uart2_config.c                0x00000000   Number         0  uart2_config.o ABSOLUTE
    ..\\swipe\\uart3_config.c                0x00000000   Number         0  uart3_config.o ABSOLUTE
    ..\\swipe\\uart4_config.c                0x00000000   Number         0  uart4_config.o ABSOLUTE
    ..\\swipe\\uart5_config.c                0x00000000   Number         0  uart5_config.o ABSOLUTE
    ..\\swipe\\uart6_config.c                0x00000000   Number         0  uart6_config.o ABSOLUTE
    ..\global\global.c                       0x00000000   Number         0  global.o ABSOLUTE
    ..\global\msg.c                          0x00000000   Number         0  msg.o ABSOLUTE
    ..\hardware\hardware.c                   0x00000000   Number         0  hardware.o ABSOLUTE
    ..\hardware\led_gpio.c                   0x00000000   Number         0  led_gpio.o ABSOLUTE
    ..\hardware\tap_set.c                    0x00000000   Number         0  tap_set.o ABSOLUTE
    ..\hardware\uart0_log.c                  0x00000000   Number         0  uart0_log.o ABSOLUTE
    ..\main.c                                0x00000000   Number         0  main.o ABSOLUTE
    ..\swipe\uart1_config.c                  0x00000000   Number         0  uart1_config.o ABSOLUTE
    ..\swipe\uart2_config.c                  0x00000000   Number         0  uart2_config.o ABSOLUTE
    ..\swipe\uart3_config.c                  0x00000000   Number         0  uart3_config.o ABSOLUTE
    ..\swipe\uart4_config.c                  0x00000000   Number         0  uart4_config.o ABSOLUTE
    ..\swipe\uart5_config.c                  0x00000000   Number         0  uart5_config.o ABSOLUTE
    ..\swipe\uart6_config.c                  0x00000000   Number         0  uart6_config.o ABSOLUTE
    cdrcmple.s                               0x00000000   Number         0  cdrcmple.o ABSOLUTE
    dc.s                                     0x00000000   Number         0  dc.o ABSOLUTE
    handlers.s                               0x00000000   Number         0  handlers.o ABSOLUTE
    init.s                                   0x00000000   Number         0  init.o ABSOLUTE
    .ARM.Collect$$$$00000000                 0x000001f4   Section        0  entry.o(.ARM.Collect$$$$00000000)
    .ARM.Collect$$$$00000001                 0x000001f4   Section        4  entry2.o(.ARM.Collect$$$$00000001)
    .ARM.Collect$$$$00000004                 0x000001f8   Section        4  entry5.o(.ARM.Collect$$$$00000004)
    .ARM.Collect$$$$00000008                 0x000001fc   Section        0  entry7b.o(.ARM.Collect$$$$00000008)
    .ARM.Collect$$$$0000000A                 0x000001fc   Section        0  entry8b.o(.ARM.Collect$$$$0000000A)
    .ARM.Collect$$$$0000000B                 0x000001fc   Section        8  entry9a.o(.ARM.Collect$$$$0000000B)
    .ARM.Collect$$$$0000000D                 0x00000204   Section        0  entry10a.o(.ARM.Collect$$$$0000000D)
    .ARM.Collect$$$$0000000F                 0x00000204   Section        0  entry11a.o(.ARM.Collect$$$$0000000F)
    .ARM.Collect$$$$00002712                 0x00000204   Section        4  entry2.o(.ARM.Collect$$$$00002712)
    __lit__00000000                          0x00000204   Data           4  entry2.o(.ARM.Collect$$$$00002712)
    .emb_text                                0x00000208   Section      190  port.o(.emb_text)
    $v0                                      0x00000208   Number         0  port.o(.emb_text)
    .emb_text                                0x000002c8   Section       28  retarget.o(.emb_text)
    $v0                                      0x000002c8   Number         0  retarget.o(.emb_text)
    .text                                    0x000002e4   Section      104  startup_m480.o(.text)
    $v0                                      0x000002e4   Number         0  startup_m480.o(.text)
    Default_Handler                          0x00000337   Thumb Code     2  startup_m480.o(.text)
    .text                                    0x0000034c   Section        0  system_m480.o(.text)
    .text                                    0x00000440   Section        0  main.o(.text)
    communication_task                       0x00000441   Thumb Code   162  main.o(.text)
    idle_task                                0x000004e3   Thumb Code    72  main.o(.text)
    register_unlock_set                      0x0000052b   Thumb Code   136  main.o(.text)
    .text                                    0x000006ac   Section        0  queueset.o(.text)
    prvCheckReceivedValueWithinExpectedRange 0x000006ad   Thumb Code   102  queueset.o(.text)
    prvCheckReceivedValue                    0x00000713   Thumb Code   190  queueset.o(.text)
    prvSetupTest                             0x000007d1   Thumb Code   262  queueset.o(.text)
    prvQueueSetReceivingTask                 0x000008d7   Thumb Code   106  queueset.o(.text)
    prvChangeRelativePriorities              0x00000941   Thumb Code   114  queueset.o(.text)
    prvRand                                  0x000009b3   Thumb Code    28  queueset.o(.text)
    prvSRand                                 0x000009cf   Thumb Code     6  queueset.o(.text)
    prvQueueSetSendingTask                   0x000009d5   Thumb Code    96  queueset.o(.text)
    prvSendToQueueInSetFromISR               0x00000ad5   Thumb Code   180  queueset.o(.text)
    prvReceiveFromQueueInSetFromISR          0x00000b89   Thumb Code    42  queueset.o(.text)
    .text                                    0x00000bec   Section        0  pollq.o(.text)
    vPolledQueueProducer                     0x00000bed   Thumb Code    80  pollq.o(.text)
    vPolledQueueConsumer                     0x00000c3d   Thumb Code    84  pollq.o(.text)
    .text                                    0x00000d2c   Section        0  port.o(.text)
    prvTaskExitError                         0x00000d2d   Thumb Code    60  port.o(.text)
    .text                                    0x00001098   Section        0  list.o(.text)
    .text                                    0x0000112c   Section        0  queue.o(.text)
    prvInitialiseNewQueue                    0x000011bf   Thumb Code    46  queue.o(.text)
    prvCopyDataToQueue                       0x00001245   Thumb Code   124  queue.o(.text)
    prvNotifyQueueSetContainer               0x000012c1   Thumb Code   144  queue.o(.text)
    prvUnlockQueue                           0x00001351   Thumb Code   146  queue.o(.text)
    prvIsQueueFull                           0x000013e3   Thumb Code    30  queue.o(.text)
    prvInitialiseMutex                       0x000015cd   Thumb Code    28  queue.o(.text)
    prvGetDisinheritPriorityAfterTimeout     0x00001653   Thumb Code    20  queue.o(.text)
    prvIsQueueEmpty                          0x00001667   Thumb Code    26  queue.o(.text)
    prvCopyDataFromQueue                     0x00001ae1   Thumb Code    42  queue.o(.text)
    .text                                    0x000021bc   Section        0  tasks.o(.text)
    prvInitialiseTaskLists                   0x000021bd   Thumb Code    70  tasks.o(.text)
    prvAddNewTaskToReadyList                 0x00002203   Thumb Code   156  tasks.o(.text)
    prvInitialiseNewTask                     0x0000229f   Thumb Code   180  tasks.o(.text)
    prvResetNextTaskUnblockTime              0x000023b3   Thumb Code    42  tasks.o(.text)
    prvDeleteTCB                             0x000023dd   Thumb Code    18  tasks.o(.text)
    prvAddCurrentTaskToDelayedList           0x00002715   Thumb Code   124  tasks.o(.text)
    prvTaskIsTaskSuspended                   0x00002c0d   Thumb Code    80  tasks.o(.text)
    prvCheckTasksWaitingTermination          0x00002d7b   Thumb Code    60  tasks.o(.text)
    prvIdleTask                              0x00002db7   Thumb Code    36  tasks.o(.text)
    prvTaskCheckFreeStackSpace               0x00002f01   Thumb Code    22  tasks.o(.text)
    prvListTasksWithinSingleList             0x00002f95   Thumb Code   106  tasks.o(.text)
    .text                                    0x00003aa4   Section        0  timers.o(.text)
    prvInsertTimerInActiveList               0x00003aa5   Thumb Code    80  timers.o(.text)
    prvSwitchTimerLists                      0x00003b73   Thumb Code   150  timers.o(.text)
    prvSampleTimeNow                         0x00003c09   Thumb Code    40  timers.o(.text)
    prvProcessReceivedCommands               0x00003c31   Thumb Code   240  timers.o(.text)
    prvProcessExpiredTimer                   0x00003d21   Thumb Code    94  timers.o(.text)
    prvProcessTimerOrBlockTask               0x00003d7f   Thumb Code   102  timers.o(.text)
    prvGetNextExpireTime                     0x00003de5   Thumb Code    36  timers.o(.text)
    prvTimerTask                             0x00003e09   Thumb Code    26  timers.o(.text)
    prvCheckForValidListAndQueue             0x00003e23   Thumb Code    72  timers.o(.text)
    prvInitialiseNewTimer                    0x00003ee1   Thumb Code    78  timers.o(.text)
    .text                                    0x00004088   Section        0  heap_4.o(.text)
    prvInsertBlockIntoFreeList               0x00004089   Thumb Code    96  heap_4.o(.text)
    prvHeapInit                              0x000040e9   Thumb Code    98  heap_4.o(.text)
    .text                                    0x00004330   Section        0  clk.o(.text)
    .text                                    0x00004c44   Section        0  gpio.o(.text)
    .text                                    0x00004d10   Section        0  retarget.o(.text)
    stackDump                                0x00004d11   Thumb Code    70  retarget.o(.text)
    __tagsym$$used                           0x00004d57   Number         0  retarget.o(.text)
    SendChar_ToUART                          0x00004d69   Thumb Code    44  retarget.o(.text)
    SendChar                                 0x00004d95   Thumb Code    12  retarget.o(.text)
    GetChar                                  0x00004da1   Thumb Code    22  retarget.o(.text)
    .text                                    0x00004e74   Section        0  uart.o(.text)
    .text                                    0x00005338   Section        0  scuart.o(.text)
    SCUART_GetClock                          0x00005343   Thumb Code    96  scuart.o(.text)
    .text                                    0x000054b4   Section        0  hardware.o(.text)
    pin_config                               0x000054b5   Thumb Code   104  hardware.o(.text)
    .text                                    0x00005550   Section        0  led_gpio.o(.text)
    .text                                    0x0000557c   Section        0  uart0_log.o(.text)
    .text                                    0x000055c0   Section        0  tap_set.o(.text)
    .text                                    0x00005630   Section        0  uart7_config.o(.text)
    .text                                    0x000056e4   Section        0  4g.o(.text)
    callback_4g_recv                         0x000056fb   Thumb Code    28  4g.o(.text)
    c4g_power_on                             0x00005717   Thumb Code    24  4g.o(.text)
    c4g_power_off                            0x0000572f   Thumb Code    32  4g.o(.text)
    c4g_power_reset                          0x0000574f   Thumb Code    28  4g.o(.text)
    c4g_close_cmd_echo                       0x0000576b   Thumb Code    58  4g.o(.text)
    c4g_chk_sim                              0x000057a5   Thumb Code    68  4g.o(.text)
    c4g_sim_reg                              0x000057e9   Thumb Code   210  4g.o(.text)
    c4g_net_reg                              0x000058bb   Thumb Code   210  4g.o(.text)
    c4g_chk_point                            0x0000598d   Thumb Code   256  4g.o(.text)
    c4g_set_point                            0x00005a8d   Thumb Code   184  4g.o(.text)
    c4g_chk_context                          0x00005b45   Thumb Code   154  4g.o(.text)
    c4g_active_context                       0x00005bdf   Thumb Code    80  4g.o(.text)
    c4g_deactive_context                     0x00005c2f   Thumb Code    62  4g.o(.text)
    c4g_creat_tcp                            0x00005c6d   Thumb Code   156  4g.o(.text)
    c4g_close_tcp                            0x00005d09   Thumb Code    54  4g.o(.text)
    c4g_test_tcp                             0x00005d3f   Thumb Code    58  4g.o(.text)
    c4g_chk_tcp                              0x00005d79   Thumb Code   554  4g.o(.text)
    c4g_exit_transpartent                    0x00005fa3   Thumb Code    54  4g.o(.text)
    c4g_exit_transpartent2                   0x00005fd9   Thumb Code    36  4g.o(.text)
    c4g_enter_transparent                    0x00005ffd   Thumb Code    54  4g.o(.text)
    c4g_change_transpartent                  0x00006033   Thumb Code    54  4g.o(.text)
    c4g_check_Operators                      0x00006069   Thumb Code   260  4g.o(.text)
    c4g_chk_ICCID                            0x0000616d   Thumb Code   138  4g.o(.text)
    c4g_chk_quality                          0x000061f7   Thumb Code   234  4g.o(.text)
    .text                                    0x00006a48   Section        0  uart1_config.o(.text)
    .text                                    0x00006ac0   Section        0  uart2_config.o(.text)
    .text                                    0x00006c28   Section        0  uart3_config.o(.text)
    .text                                    0x00006ca0   Section        0  uart4_config.o(.text)
    .text                                    0x00006d18   Section        0  uart5_config.o(.text)
    .text                                    0x00006d90   Section        0  uart6_config.o(.text)
    pdma_config                              0x00006df5   Thumb Code    10  uart6_config.o(.text)
    .text                                    0x00006f10   Section        0  msg.o(.text)
    c4g_recv_init                            0x00006f11   Thumb Code    18  msg.o(.text)
    .text                                    0x00006f44   Section        0  global.o(.text)
    .text                                    0x00006f46   Section        0  memcpya.o(.text)
    .text                                    0x00006f6a   Section        0  memseta.o(.text)
    .text                                    0x00006f8e   Section        0  strcat.o(.text)
    .text                                    0x00006fa6   Section        0  strlen.o(.text)
    .text                                    0x00006fb4   Section        0  strcpy.o(.text)
    .text                                    0x00006fc6   Section        0  strncasecmp.o(.text)
    .text                                    0x00006ff8   Section        0  atoi.o(.text)
    .text                                    0x00007012   Section        0  uldiv.o(.text)
    .text                                    0x00007074   Section        0  tolower.o(.text)
    .text                                    0x00007080   Section        0  strtol.o(.text)
    .text                                    0x000070f0   Section       36  init.o(.text)
    .text                                    0x00007114   Section        0  llshl.o(.text)
    .text                                    0x00007132   Section        0  llushr.o(.text)
    .text                                    0x00007154   Section        0  ctype_o.o(.text)
    .text                                    0x0000715c   Section        0  _strtoul.o(.text)
    .text                                    0x000071fa   Section        0  _chval.o(.text)
    i.__0printf$8                            0x00007218   Section        0  printf8.o(i.__0printf$8)
    i.__0sprintf$8                           0x00007238   Section        0  printf8.o(i.__0sprintf$8)
    i.__aeabi_errno_addr                     0x00007260   Section        0  errno.o(i.__aeabi_errno_addr)
    i.__scatterload_copy                     0x00007268   Section       14  handlers.o(i.__scatterload_copy)
    i.__scatterload_null                     0x00007276   Section        2  handlers.o(i.__scatterload_null)
    i.__scatterload_zeroinit                 0x00007278   Section       14  handlers.o(i.__scatterload_zeroinit)
    i._printf_core                           0x00007288   Section        0  printf8.o(i._printf_core)
    _printf_core                             0x00007289   Thumb Code   996  printf8.o(i._printf_core)
    i._printf_post_padding                   0x00007698   Section        0  printf8.o(i._printf_post_padding)
    _printf_post_padding                     0x00007699   Thumb Code    36  printf8.o(i._printf_post_padding)
    i._printf_pre_padding                    0x000076bc   Section        0  printf8.o(i._printf_pre_padding)
    _printf_pre_padding                      0x000076bd   Thumb Code    46  printf8.o(i._printf_pre_padding)
    i._sputc                                 0x000076ea   Section        0  printf8.o(i._sputc)
    _sputc                                   0x000076eb   Thumb Code    10  printf8.o(i._sputc)
    .constdata                               0x000076f4   Section       32  clk.o(.constdata)
    .constdata                               0x00007714   Section       48  uart.o(.constdata)
    .constdata                               0x00007744   Section      548  4g.o(.constdata)
    .constdata                               0x00007968   Section      129  ctype_o.o(.constdata)
    .constdata                               0x000079ec   Section        4  ctype_o.o(.constdata)
    table                                    0x000079ec   Data           4  ctype_o.o(.constdata)
    .data                                    0x20000000   Section       44  system_m480.o(.data)
    .data                                    0x2000002c   Section       64  queueset.o(.data)
    xQueueSet                                0x2000002c   Data           4  queueset.o(.data)
    ulCycleCounter                           0x20000030   Data           4  queueset.o(.data)
    xQueueSetTasksStatus                     0x20000034   Data           4  queueset.o(.data)
    xSetupComplete                           0x20000038   Data           4  queueset.o(.data)
    ulISRTxValue                             0x2000003c   Data           4  queueset.o(.data)
    uxNextRand                               0x20000040   Data           4  queueset.o(.data)
    ulLastCycleCounter                       0x2000004c   Data           4  queueset.o(.data)
    ulLastISRTxValue                         0x20000050   Data           4  queueset.o(.data)
    ulLoops                                  0x20000054   Data           4  queueset.o(.data)
    ePriorities                              0x20000058   Data           1  queueset.o(.data)
    ulCallCount                              0x2000005c   Data           4  queueset.o(.data)
    ulExpectedReceivedFromTask               0x20000060   Data           4  queueset.o(.data)
    ulExpectedReceivedFromISR                0x20000064   Data           4  queueset.o(.data)
    xQueueToWriteTo                          0x20000068   Data           4  queueset.o(.data)
    .data                                    0x2000006c   Section       12  pollq.o(.data)
    xPollingConsumerCount                    0x2000006c   Data           4  pollq.o(.data)
    xPollingProducerCount                    0x20000070   Data           4  pollq.o(.data)
    xPolledQueue                             0x20000074   Data           4  pollq.o(.data)
    .data                                    0x20000078   Section       12  port.o(.data)
    uxCriticalNesting                        0x20000078   Data           4  port.o(.data)
    ucMaxSysCallPriority                     0x2000007c   Data           1  port.o(.data)
    ulMaxPRIGROUPValue                       0x20000080   Data           4  port.o(.data)
    .data                                    0x20000084   Section       60  tasks.o(.data)
    pxDelayedTaskList                        0x20000088   Data           4  tasks.o(.data)
    pxOverflowDelayedTaskList                0x2000008c   Data           4  tasks.o(.data)
    uxDeletedTasksWaitingCleanUp             0x20000090   Data           4  tasks.o(.data)
    uxCurrentNumberOfTasks                   0x20000094   Data           4  tasks.o(.data)
    xTickCount                               0x20000098   Data           4  tasks.o(.data)
    uxTopReadyPriority                       0x2000009c   Data           4  tasks.o(.data)
    xSchedulerRunning                        0x200000a0   Data           4  tasks.o(.data)
    uxPendedTicks                            0x200000a4   Data           4  tasks.o(.data)
    xYieldPending                            0x200000a8   Data           4  tasks.o(.data)
    xNumOfOverflows                          0x200000ac   Data           4  tasks.o(.data)
    uxTaskNumber                             0x200000b0   Data           4  tasks.o(.data)
    xNextTaskUnblockTime                     0x200000b4   Data           4  tasks.o(.data)
    xIdleTaskHandle                          0x200000b8   Data           4  tasks.o(.data)
    uxSchedulerSuspended                     0x200000bc   Data           4  tasks.o(.data)
    .data                                    0x200000c0   Section       20  timers.o(.data)
    pxCurrentTimerList                       0x200000c0   Data           4  timers.o(.data)
    pxOverflowTimerList                      0x200000c4   Data           4  timers.o(.data)
    xTimerQueue                              0x200000c8   Data           4  timers.o(.data)
    xTimerTaskHandle                         0x200000cc   Data           4  timers.o(.data)
    xLastTime                                0x200000d0   Data           4  timers.o(.data)
    .data                                    0x200000d4   Section       24  heap_4.o(.data)
    xStart                                   0x200000d4   Data           8  heap_4.o(.data)
    pxEnd                                    0x200000dc   Data           4  heap_4.o(.data)
    xFreeBytesRemaining                      0x200000e0   Data           4  heap_4.o(.data)
    xMinimumEverFreeBytesRemaining           0x200000e4   Data           4  heap_4.o(.data)
    xBlockAllocatedBit                       0x200000e8   Data           4  heap_4.o(.data)
    .data                                    0x200000ec   Section        8  retarget.o(.data)
    .data                                    0x200000f4   Section        8  uart7_config.o(.data)
    tx                                       0x200000f4   Data           4  uart7_config.o(.data)
    callBack_recv                            0x200000f8   Data           4  uart7_config.o(.data)
    .data                                    0x200000fc   Section       16  uart2_config.o(.data)
    .data                                    0x2000010c   Section        8  uart6_config.o(.data)
    tx                                       0x2000010c   Data           4  uart6_config.o(.data)
    callBack_recv                            0x20000110   Data           4  uart6_config.o(.data)
    .data                                    0x20000114   Section        4  msg.o(.data)
    sem_4g_recv                              0x20000114   Data           4  msg.o(.data)
    .data                                    0x20000118   Section        4  errno.o(.data)
    _errno                                   0x20000118   Data           4  errno.o(.data)
    .bss                                     0x2000011c   Section       36  queueset.o(.bss)
    xQueues                                  0x2000011c   Data          12  queueset.o(.bss)
    ulQueueUsedCounter                       0x20000128   Data          12  queueset.o(.bss)
    ulLastQueueUsedCounter                   0x20000134   Data          12  queueset.o(.bss)
    .bss                                     0x20000140   Section       64  queue.o(.bss)
    .bss                                     0x20000180   Section      200  tasks.o(.bss)
    pxReadyTasksLists                        0x20000180   Data         100  tasks.o(.bss)
    xDelayedTaskList1                        0x200001e4   Data          20  tasks.o(.bss)
    xDelayedTaskList2                        0x200001f8   Data          20  tasks.o(.bss)
    xPendingReadyList                        0x2000020c   Data          20  tasks.o(.bss)
    xTasksWaitingTermination                 0x20000220   Data          20  tasks.o(.bss)
    xSuspendedTaskList                       0x20000234   Data          20  tasks.o(.bss)
    .bss                                     0x20000248   Section       40  timers.o(.bss)
    xActiveTimerList1                        0x20000248   Data          20  timers.o(.bss)
    xActiveTimerList2                        0x2000025c   Data          20  timers.o(.bss)
    .bss                                     0x20000270   Section     8192  heap_4.o(.bss)
    ucHeap                                   0x20000270   Data        8192  heap_4.o(.bss)
    .bss                                     0x20002270   Section      260  uart7_config.o(.bss)
    rx                                       0x20002270   Data         260  uart7_config.o(.bss)
    .bss                                     0x20002374   Section      228  4g.o(.bss)
    c4g_info                                 0x20002374   Data         228  4g.o(.bss)
    .bss                                     0x20002458   Section      256  uart2_config.o(.bss)
    .bss                                     0x20002558   Section      104  uart6_config.o(.bss)
    rx                                       0x20002558   Data         104  uart6_config.o(.bss)
    .bss                                     0x200025c0   Section       80  global.o(.bss)
    STACK                                    0x20002610   Section     2048  startup_m480.o(STACK)

    Global Symbols

    Symbol Name                              Value     Ov Type        Size  Object(Section)

    BuildAttributes$$THM_ISAv4$E$P$D$K$B$S$7EM$VFPi3$EXTD16$VFPS$VFMA$PE$A:L22UL41UL21$X:L11$S22US41US21$IEEE1$IW$USESV6$~STKCKD$USESV7$~SHL$OSPACE$ROPI$EBA8$MICROLIB$REQ8$PRES8$EABIv2 0x00000000   Number         0  anon$$obj.o ABSOLUTE
    __ARM_use_no_argv                        0x00000000   Number         0  main.o ABSOLUTE
    __Vectors                                0x00000000   Data           4  startup_m480.o(RESET)
    _printf_a                                0x00000000   Number         0  stubs.o ABSOLUTE
    _printf_c                                0x00000000   Number         0  stubs.o ABSOLUTE
    _printf_charcount                        0x00000000   Number         0  stubs.o ABSOLUTE
    _printf_d                                0x00000000   Number         0  stubs.o ABSOLUTE
    _printf_e                                0x00000000   Number         0  stubs.o ABSOLUTE
    _printf_f                                0x00000000   Number         0  stubs.o ABSOLUTE
    _printf_flags                            0x00000000   Number         0  stubs.o ABSOLUTE
    _printf_fp_dec                           0x00000000   Number         0  stubs.o ABSOLUTE
    _printf_fp_hex                           0x00000000   Number         0  stubs.o ABSOLUTE
    _printf_g                                0x00000000   Number         0  stubs.o ABSOLUTE
    _printf_i                                0x00000000   Number         0  stubs.o ABSOLUTE
    _printf_int_dec                          0x00000000   Number         0  stubs.o ABSOLUTE
    _printf_l                                0x00000000   Number         0  stubs.o ABSOLUTE
    _printf_lc                               0x00000000   Number         0  stubs.o ABSOLUTE
    _printf_ll                               0x00000000   Number         0  stubs.o ABSOLUTE
    _printf_lld                              0x00000000   Number         0  stubs.o ABSOLUTE
    _printf_lli                              0x00000000   Number         0  stubs.o ABSOLUTE
    _printf_llo                              0x00000000   Number         0  stubs.o ABSOLUTE
    _printf_llu                              0x00000000   Number         0  stubs.o ABSOLUTE
    _printf_llx                              0x00000000   Number         0  stubs.o ABSOLUTE
    _printf_longlong_dec                     0x00000000   Number         0  stubs.o ABSOLUTE
    _printf_longlong_hex                     0x00000000   Number         0  stubs.o ABSOLUTE
    _printf_longlong_oct                     0x00000000   Number         0  stubs.o ABSOLUTE
    _printf_ls                               0x00000000   Number         0  stubs.o ABSOLUTE
    _printf_mbtowc                           0x00000000   Number         0  stubs.o ABSOLUTE
    _printf_n                                0x00000000   Number         0  stubs.o ABSOLUTE
    _printf_o                                0x00000000   Number         0  stubs.o ABSOLUTE
    _printf_p                                0x00000000   Number         0  stubs.o ABSOLUTE
    _printf_percent                          0x00000000   Number         0  stubs.o ABSOLUTE
    _printf_pre_padding                      0x00000000   Number         0  stubs.o ABSOLUTE
    _printf_return_value                     0x00000000   Number         0  stubs.o ABSOLUTE
    _printf_s                                0x00000000   Number         0  stubs.o ABSOLUTE
    _printf_sizespec                         0x00000000   Number         0  stubs.o ABSOLUTE
    _printf_str                              0x00000000   Number         0  stubs.o ABSOLUTE
    _printf_truncate_signed                  0x00000000   Number         0  stubs.o ABSOLUTE
    _printf_truncate_unsigned                0x00000000   Number         0  stubs.o ABSOLUTE
    _printf_u                                0x00000000   Number         0  stubs.o ABSOLUTE
    _printf_wc                               0x00000000   Number         0  stubs.o ABSOLUTE
    _printf_wctomb                           0x00000000   Number         0  stubs.o ABSOLUTE
    _printf_widthprec                        0x00000000   Number         0  stubs.o ABSOLUTE
    _printf_x                                0x00000000   Number         0  stubs.o ABSOLUTE
    __cpp_initialize__aeabi_                  - Undefined Weak Reference
    __cxa_finalize                            - Undefined Weak Reference
    __decompress                              - Undefined Weak Reference
    _clock_init                               - Undefined Weak Reference
    _microlib_exit                            - Undefined Weak Reference
    __Vectors_End                            0x000001f4   Data           0  startup_m480.o(RESET)
    __Vectors_Size                           0x000001f4   Number         0  startup_m480.o ABSOLUTE
    __main                                   0x000001f5   Thumb Code     0  entry.o(.ARM.Collect$$$$00000000)
    _main_stk                                0x000001f5   Thumb Code     0  entry2.o(.ARM.Collect$$$$00000001)
    _main_scatterload                        0x000001f9   Thumb Code     0  entry5.o(.ARM.Collect$$$$00000004)
    __main_after_scatterload                 0x000001fd   Thumb Code     0  entry5.o(.ARM.Collect$$$$00000004)
    _main_clock                              0x000001fd   Thumb Code     0  entry7b.o(.ARM.Collect$$$$00000008)
    _main_cpp_init                           0x000001fd   Thumb Code     0  entry8b.o(.ARM.Collect$$$$0000000A)
    _main_init                               0x000001fd   Thumb Code     0  entry9a.o(.ARM.Collect$$$$0000000B)
    __rt_final_cpp                           0x00000205   Thumb Code     0  entry10a.o(.ARM.Collect$$$$0000000D)
    __rt_final_exit                          0x00000205   Thumb Code     0  entry11a.o(.ARM.Collect$$$$0000000F)
    SVC_Handler                              0x00000209   Thumb Code    28  port.o(.emb_text)
    __asm___6_port_c_39a90d8d__prvStartFirstTask 0x00000229   Thumb Code    36  port.o(.emb_text)
    __asm___6_port_c_39a90d8d__prvEnableVFP  0x00000251   Thumb Code    16  port.o(.emb_text)
    PendSV_Handler                           0x00000265   Thumb Code    88  port.o(.emb_text)
    vPortGetIPSR                             0x000002c1   Thumb Code     6  port.o(.emb_text)
    HardFault_Handler                        0x000002c9   Thumb Code    24  retarget.o(.emb_text)
    Reset_Handler                            0x000002e5   Thumb Code    64  startup_m480.o(.text)
    NMI_Handler                              0x00000325   Thumb Code     2  startup_m480.o(.text)
    MemManage_Handler                        0x00000329   Thumb Code     2  startup_m480.o(.text)
    BusFault_Handler                         0x0000032b   Thumb Code     2  startup_m480.o(.text)
    UsageFault_Handler                       0x0000032d   Thumb Code     2  startup_m480.o(.text)
    DebugMon_Handler                         0x00000331   Thumb Code     2  startup_m480.o(.text)
    ACMP01_IRQHandler                        0x00000337   Thumb Code     0  startup_m480.o(.text)
    BOD_IRQHandler                           0x00000337   Thumb Code     0  startup_m480.o(.text)
    BPWM0_IRQHandler                         0x00000337   Thumb Code     0  startup_m480.o(.text)
    BPWM1_IRQHandler                         0x00000337   Thumb Code     0  startup_m480.o(.text)
    BRAKE0_IRQHandler                        0x00000337   Thumb Code     0  startup_m480.o(.text)
    BRAKE1_IRQHandler                        0x00000337   Thumb Code     0  startup_m480.o(.text)
    CAN0_IRQHandler                          0x00000337   Thumb Code     0  startup_m480.o(.text)
    CAN1_IRQHandler                          0x00000337   Thumb Code     0  startup_m480.o(.text)
    CAN2_IRQHandler                          0x00000337   Thumb Code     0  startup_m480.o(.text)
    CCAP_IRQHandler                          0x00000337   Thumb Code     0  startup_m480.o(.text)
    CKFAIL_IRQHandler                        0x00000337   Thumb Code     0  startup_m480.o(.text)
    CRYPTO_IRQHandler                        0x00000337   Thumb Code     0  startup_m480.o(.text)
    DAC_IRQHandler                           0x00000337   Thumb Code     0  startup_m480.o(.text)
    EADC00_IRQHandler                        0x00000337   Thumb Code     0  startup_m480.o(.text)
    EADC01_IRQHandler                        0x00000337   Thumb Code     0  startup_m480.o(.text)
    EADC02_IRQHandler                        0x00000337   Thumb Code     0  startup_m480.o(.text)
    EADC03_IRQHandler                        0x00000337   Thumb Code     0  startup_m480.o(.text)
    EADC10_IRQHandler                        0x00000337   Thumb Code     0  startup_m480.o(.text)
    EADC11_IRQHandler                        0x00000337   Thumb Code     0  startup_m480.o(.text)
    EADC12_IRQHandler                        0x00000337   Thumb Code     0  startup_m480.o(.text)
    EADC13_IRQHandler                        0x00000337   Thumb Code     0  startup_m480.o(.text)
    ECAP0_IRQHandler                         0x00000337   Thumb Code     0  startup_m480.o(.text)
    ECAP1_IRQHandler                         0x00000337   Thumb Code     0  startup_m480.o(.text)
    EHCI_IRQHandler                          0x00000337   Thumb Code     0  startup_m480.o(.text)
    EINT0_IRQHandler                         0x00000337   Thumb Code     0  startup_m480.o(.text)
    EINT1_IRQHandler                         0x00000337   Thumb Code     0  startup_m480.o(.text)
    EINT2_IRQHandler                         0x00000337   Thumb Code     0  startup_m480.o(.text)
    EINT3_IRQHandler                         0x00000337   Thumb Code     0  startup_m480.o(.text)
    EINT4_IRQHandler                         0x00000337   Thumb Code     0  startup_m480.o(.text)
    EINT5_IRQHandler                         0x00000337   Thumb Code     0  startup_m480.o(.text)
    EINT6_IRQHandler                         0x00000337   Thumb Code     0  startup_m480.o(.text)
    EINT7_IRQHandler                         0x00000337   Thumb Code     0  startup_m480.o(.text)
    EMAC_RX_IRQHandler                       0x00000337   Thumb Code     0  startup_m480.o(.text)
    EMAC_TX_IRQHandler                       0x00000337   Thumb Code     0  startup_m480.o(.text)
    EPWM0P0_IRQHandler                       0x00000337   Thumb Code     0  startup_m480.o(.text)
    EPWM0P1_IRQHandler                       0x00000337   Thumb Code     0  startup_m480.o(.text)
    EPWM0P2_IRQHandler                       0x00000337   Thumb Code     0  startup_m480.o(.text)
    EPWM1P0_IRQHandler                       0x00000337   Thumb Code     0  startup_m480.o(.text)
    EPWM1P1_IRQHandler                       0x00000337   Thumb Code     0  startup_m480.o(.text)
    EPWM1P2_IRQHandler                       0x00000337   Thumb Code     0  startup_m480.o(.text)
    GPA_IRQHandler                           0x00000337   Thumb Code     0  startup_m480.o(.text)
    GPB_IRQHandler                           0x00000337   Thumb Code     0  startup_m480.o(.text)
    GPC_IRQHandler                           0x00000337   Thumb Code     0  startup_m480.o(.text)
    GPD_IRQHandler                           0x00000337   Thumb Code     0  startup_m480.o(.text)
    GPE_IRQHandler                           0x00000337   Thumb Code     0  startup_m480.o(.text)
    GPF_IRQHandler                           0x00000337   Thumb Code     0  startup_m480.o(.text)
    GPG_IRQHandler                           0x00000337   Thumb Code     0  startup_m480.o(.text)
    GPH_IRQHandler                           0x00000337   Thumb Code     0  startup_m480.o(.text)
    I2C0_IRQHandler                          0x00000337   Thumb Code     0  startup_m480.o(.text)
    I2C1_IRQHandler                          0x00000337   Thumb Code     0  startup_m480.o(.text)
    I2C2_IRQHandler                          0x00000337   Thumb Code     0  startup_m480.o(.text)
    I2S0_IRQHandler                          0x00000337   Thumb Code     0  startup_m480.o(.text)
    IRC_IRQHandler                           0x00000337   Thumb Code     0  startup_m480.o(.text)
    OHCI_IRQHandler                          0x00000337   Thumb Code     0  startup_m480.o(.text)
    OPA0_IRQHandler                          0x00000337   Thumb Code     0  startup_m480.o(.text)
    PDMA_IRQHandler                          0x00000337   Thumb Code     0  startup_m480.o(.text)
    PWRWU_IRQHandler                         0x00000337   Thumb Code     0  startup_m480.o(.text)
    QEI0_IRQHandler                          0x00000337   Thumb Code     0  startup_m480.o(.text)
    QEI1_IRQHandler                          0x00000337   Thumb Code     0  startup_m480.o(.text)
    QSPI0_IRQHandler                         0x00000337   Thumb Code     0  startup_m480.o(.text)
    QSPI1_IRQHandler                         0x00000337   Thumb Code     0  startup_m480.o(.text)
    RAMPE_IRQHandler                         0x00000337   Thumb Code     0  startup_m480.o(.text)
    RTC_IRQHandler                           0x00000337   Thumb Code     0  startup_m480.o(.text)
    SC2_IRQHandler                           0x00000337   Thumb Code     0  startup_m480.o(.text)
    SDH0_IRQHandler                          0x00000337   Thumb Code     0  startup_m480.o(.text)
    SDH1_IRQHandler                          0x00000337   Thumb Code     0  startup_m480.o(.text)
    SPI0_IRQHandler                          0x00000337   Thumb Code     0  startup_m480.o(.text)
    SPI1_IRQHandler                          0x00000337   Thumb Code     0  startup_m480.o(.text)
    SPI2_IRQHandler                          0x00000337   Thumb Code     0  startup_m480.o(.text)
    SPI3_IRQHandler                          0x00000337   Thumb Code     0  startup_m480.o(.text)
    SPIM_IRQHandler                          0x00000337   Thumb Code     0  startup_m480.o(.text)
    TAMPER_IRQHandler                        0x00000337   Thumb Code     0  startup_m480.o(.text)
    TMR0_IRQHandler                          0x00000337   Thumb Code     0  startup_m480.o(.text)
    TMR1_IRQHandler                          0x00000337   Thumb Code     0  startup_m480.o(.text)
    TMR2_IRQHandler                          0x00000337   Thumb Code     0  startup_m480.o(.text)
    TMR3_IRQHandler                          0x00000337   Thumb Code     0  startup_m480.o(.text)
    TRNG_IRQHandler                          0x00000337   Thumb Code     0  startup_m480.o(.text)
    UART0_IRQHandler                         0x00000337   Thumb Code     0  startup_m480.o(.text)
    UART6_IRQHandler                         0x00000337   Thumb Code     0  startup_m480.o(.text)
    UART7_IRQHandler                         0x00000337   Thumb Code     0  startup_m480.o(.text)
    USBD20_IRQHandler                        0x00000337   Thumb Code     0  startup_m480.o(.text)
    USBD_IRQHandler                          0x00000337   Thumb Code     0  startup_m480.o(.text)
    USBOTG20_IRQHandler                      0x00000337   Thumb Code     0  startup_m480.o(.text)
    USBOTG_IRQHandler                        0x00000337   Thumb Code     0  startup_m480.o(.text)
    USCI0_IRQHandler                         0x00000337   Thumb Code     0  startup_m480.o(.text)
    USCI1_IRQHandler                         0x00000337   Thumb Code     0  startup_m480.o(.text)
    WDT_IRQHandler                           0x00000337   Thumb Code     0  startup_m480.o(.text)
    WWDT_IRQHandler                          0x00000337   Thumb Code     0  startup_m480.o(.text)
    SystemCoreClockUpdate                    0x0000034d   Thumb Code    74  system_m480.o(.text)
    SystemInit                               0x00000397   Thumb Code   132  system_m480.o(.text)
    main                                     0x000005b3   Thumb Code    68  main.o(.text)
    vApplicationMallocFailedHook             0x000005f7   Thumb Code    22  main.o(.text)
    vApplicationIdleHook                     0x0000060d   Thumb Code     2  main.o(.text)
    vApplicationStackOverflowHook            0x0000060f   Thumb Code    22  main.o(.text)
    vApplicationTickHook                     0x00000625   Thumb Code     8  main.o(.text)
    vStartQueueSetTasks                      0x00000a35   Thumb Code    60  queueset.o(.text)
    xAreQueueSetTasksStillRunning            0x00000a71   Thumb Code   100  queueset.o(.text)
    vQueueSetAccessQueueSetFromISR           0x00000bb3   Thumb Code    42  queueset.o(.text)
    vStartPolledQueueTasks                   0x00000c91   Thumb Code    72  pollq.o(.text)
    xArePollingQueuesStillRunning            0x00000cd9   Thumb Code    30  pollq.o(.text)
    pxPortInitialiseStack                    0x00000d69   Thumb Code    38  port.o(.text)
    vPortSetupTimerInterrupt                 0x00000d8f   Thumb Code    36  port.o(.text)
    xPortStartScheduler                      0x00000db3   Thumb Code   372  port.o(.text)
    vPortEndScheduler                        0x00000f27   Thumb Code    42  port.o(.text)
    vPortEnterCritical                       0x00000f51   Thumb Code    78  port.o(.text)
    vPortExitCritical                        0x00000f9f   Thumb Code    56  port.o(.text)
    SysTick_Handler                          0x00000fd7   Thumb Code    48  port.o(.text)
    vPortValidateInterruptPriority           0x00001007   Thumb Code   108  port.o(.text)
    vListInitialise                          0x00001099   Thumb Code    26  list.o(.text)
    vListInitialiseItem                      0x000010b3   Thumb Code     6  list.o(.text)
    vListInsertEnd                           0x000010b9   Thumb Code    24  list.o(.text)
    vListInsert                              0x000010d1   Thumb Code    52  list.o(.text)
    uxListRemove                             0x00001105   Thumb Code    40  list.o(.text)
    xQueueGenericReset                       0x0000112d   Thumb Code   146  queue.o(.text)
    xQueueGenericCreate                      0x000011ed   Thumb Code    88  queue.o(.text)
    xQueueGenericSend                        0x00001401   Thumb Code   460  queue.o(.text)
    xQueueCreateMutex                        0x000015e9   Thumb Code    34  queue.o(.text)
    xQueueGiveMutexRecursive                 0x0000160b   Thumb Code    72  queue.o(.text)
    xQueueSemaphoreTake                      0x00001681   Thumb Code   434  queue.o(.text)
    xQueueTakeMutexRecursive                 0x00001833   Thumb Code    78  queue.o(.text)
    xQueueCreateCountingSemaphore            0x00001881   Thumb Code    92  queue.o(.text)
    xQueueGenericSendFromISR                 0x000018dd   Thumb Code   270  queue.o(.text)
    xQueueGiveFromISR                        0x000019eb   Thumb Code   246  queue.o(.text)
    xQueueReceive                            0x00001b0b   Thumb Code   356  queue.o(.text)
    xQueuePeek                               0x00001c6f   Thumb Code   362  queue.o(.text)
    xQueueReceiveFromISR                     0x00001dd9   Thumb Code   202  queue.o(.text)
    xQueuePeekFromISR                        0x00001ea3   Thumb Code   176  queue.o(.text)
    uxQueueMessagesWaiting                   0x00001f53   Thumb Code    42  queue.o(.text)
    uxQueueSpacesAvailable                   0x00001f7d   Thumb Code    54  queue.o(.text)
    uxQueueMessagesWaitingFromISR            0x00001fb3   Thumb Code    30  queue.o(.text)
    vQueueUnregisterQueue                    0x00001fd1   Thumb Code    44  queue.o(.text)
    vQueueDelete                             0x00001ffd   Thumb Code    44  queue.o(.text)
    uxQueueGetQueueNumber                    0x00002029   Thumb Code     6  queue.o(.text)
    vQueueSetQueueNumber                     0x0000202f   Thumb Code     4  queue.o(.text)
    ucQueueGetQueueType                      0x00002033   Thumb Code     8  queue.o(.text)
    xQueueIsQueueEmptyFromISR                0x0000203b   Thumb Code    38  queue.o(.text)
    xQueueIsQueueFullFromISR                 0x00002061   Thumb Code    42  queue.o(.text)
    vQueueAddToRegistry                      0x0000208b   Thumb Code    38  queue.o(.text)
    pcQueueGetName                           0x000020b1   Thumb Code    38  queue.o(.text)
    vQueueWaitForMessageRestricted           0x000020d7   Thumb Code    74  queue.o(.text)
    xQueueCreateSet                          0x00002121   Thumb Code    20  queue.o(.text)
    xQueueAddToSet                           0x00002135   Thumb Code    38  queue.o(.text)
    xQueueRemoveFromSet                      0x0000215b   Thumb Code    48  queue.o(.text)
    xQueueSelectFromSet                      0x0000218b   Thumb Code    24  queue.o(.text)
    xQueueSelectFromSetFromISR               0x000021a3   Thumb Code    22  queue.o(.text)
    xTaskCreate                              0x00002353   Thumb Code    96  tasks.o(.text)
    vTaskDelete                              0x000023ef   Thumb Code   202  tasks.o(.text)
    xTaskIncrementTick                       0x000024b9   Thumb Code   380  tasks.o(.text)
    xTaskResumeAll                           0x00002635   Thumb Code   224  tasks.o(.text)
    vTaskSuspendAll                          0x00002791   Thumb Code    12  tasks.o(.text)
    vTaskDelayUntil                          0x0000279d   Thumb Code   200  tasks.o(.text)
    vTaskDelay                               0x00002865   Thumb Code    82  tasks.o(.text)
    eTaskGetState                            0x000028b7   Thumb Code   112  tasks.o(.text)
    uxTaskPriorityGet                        0x00002927   Thumb Code    30  tasks.o(.text)
    uxTaskPriorityGetFromISR                 0x00002945   Thumb Code    62  tasks.o(.text)
    vTaskPrioritySet                         0x00002983   Thumb Code   322  tasks.o(.text)
    vTaskSwitchContext                       0x00002ac5   Thumb Code   118  tasks.o(.text)
    vTaskSuspend                             0x00002b3b   Thumb Code   210  tasks.o(.text)
    vTaskResume                              0x00002c5d   Thumb Code   128  tasks.o(.text)
    xTaskResumeFromISR                       0x00002cdd   Thumb Code   158  tasks.o(.text)
    vTaskStartScheduler                      0x00002ddb   Thumb Code   190  tasks.o(.text)
    vTaskEndScheduler                        0x00002e99   Thumb Code    32  tasks.o(.text)
    xTaskGetTickCount                        0x00002eb9   Thumb Code     6  tasks.o(.text)
    xTaskGetTickCountFromISR                 0x00002ebf   Thumb Code    16  tasks.o(.text)
    uxTaskGetNumberOfTasks                   0x00002ecf   Thumb Code     6  tasks.o(.text)
    pcTaskGetName                            0x00002ed5   Thumb Code    44  tasks.o(.text)
    vTaskGetInfo                             0x00002f17   Thumb Code   126  tasks.o(.text)
    uxTaskGetSystemState                     0x00002fff   Thumb Code   152  tasks.o(.text)
    vTaskPlaceOnEventList                    0x00003097   Thumb Code    52  tasks.o(.text)
    vTaskPlaceOnUnorderedEventList           0x000030cb   Thumb Code   100  tasks.o(.text)
    vTaskPlaceOnEventListRestricted          0x0000312f   Thumb Code    60  tasks.o(.text)
    xTaskRemoveFromEventList                 0x0000316b   Thumb Code   128  tasks.o(.text)
    vTaskRemoveFromUnorderedEventList        0x000031eb   Thumb Code   142  tasks.o(.text)
    vTaskSetTimeOutState                     0x00003279   Thumb Code   102  tasks.o(.text)
    vTaskInternalSetTimeOutState             0x000032df   Thumb Code    14  tasks.o(.text)
    xTaskCheckForTimeOut                     0x000032ed   Thumb Code   132  tasks.o(.text)
    vTaskMissedYield                         0x00003371   Thumb Code     8  tasks.o(.text)
    uxTaskGetTaskNumber                      0x00003379   Thumb Code    14  tasks.o(.text)
    vTaskSetTaskNumber                       0x00003387   Thumb Code     8  tasks.o(.text)
    xTaskGetCurrentTaskHandle                0x0000338f   Thumb Code     6  tasks.o(.text)
    xTaskGetSchedulerState                   0x00003395   Thumb Code    24  tasks.o(.text)
    xTaskPriorityInherit                     0x000033ad   Thumb Code   186  tasks.o(.text)
    xTaskPriorityDisinherit                  0x00003467   Thumb Code   188  tasks.o(.text)
    vTaskPriorityDisinheritAfterTimeout      0x00003523   Thumb Code   230  tasks.o(.text)
    uxTaskResetEventItemValue                0x00003609   Thumb Code    24  tasks.o(.text)
    pvTaskIncrementMutexHeldCount            0x00003621   Thumb Code    26  tasks.o(.text)
    ulTaskNotifyTake                         0x0000363b   Thumb Code   108  tasks.o(.text)
    xTaskNotifyWait                          0x000036a7   Thumb Code   188  tasks.o(.text)
    xTaskGenericNotify                       0x00003763   Thumb Code   242  tasks.o(.text)
    xTaskGenericNotifyFromISR                0x00003855   Thumb Code   298  tasks.o(.text)
    vTaskNotifyGiveFromISR                   0x0000397f   Thumb Code   216  tasks.o(.text)
    xTaskNotifyStateClear                    0x00003a57   Thumb Code    48  tasks.o(.text)
    xTimerGenericCommand                     0x00003af5   Thumb Code   126  timers.o(.text)
    xTimerCreateTimerTask                    0x00003e6b   Thumb Code   118  timers.o(.text)
    xTimerCreate                             0x00003f2f   Thumb Code    48  timers.o(.text)
    xTimerGetTimerDaemonTaskHandle           0x00003f5f   Thumb Code    42  timers.o(.text)
    xTimerGetPeriod                          0x00003f89   Thumb Code    32  timers.o(.text)
    xTimerGetExpiryTime                      0x00003fa9   Thumb Code    34  timers.o(.text)
    pcTimerGetName                           0x00003fcb   Thumb Code    32  timers.o(.text)
    xTimerIsTimerActive                      0x00003feb   Thumb Code    56  timers.o(.text)
    pvTimerGetTimerID                        0x00004023   Thumb Code    44  timers.o(.text)
    vTimerSetTimerID                         0x0000404f   Thumb Code    44  timers.o(.text)
    uxTimerGetTimerNumber                    0x0000407b   Thumb Code     6  timers.o(.text)
    vTimerSetTimerNumber                     0x00004081   Thumb Code     4  timers.o(.text)
    pvPortMalloc                             0x0000414b   Thumb Code   306  heap_4.o(.text)
    vPortFree                                0x0000427d   Thumb Code   140  heap_4.o(.text)
    xPortGetFreeHeapSize                     0x00004309   Thumb Code     6  heap_4.o(.text)
    xPortGetMinimumEverFreeHeapSize          0x0000430f   Thumb Code     6  heap_4.o(.text)
    vPortInitialiseBlocks                    0x00004315   Thumb Code     2  heap_4.o(.text)
    CLK_DisableModuleClock                   0x00004331   Thumb Code    36  clk.o(.text)
    CLK_DisableCKO                           0x00004355   Thumb Code    10  clk.o(.text)
    CLK_SetModuleClock                       0x0000435f   Thumb Code   208  clk.o(.text)
    CLK_EnableModuleClock                    0x0000442f   Thumb Code    36  clk.o(.text)
    CLK_EnableCKO                            0x00004453   Thumb Code    40  clk.o(.text)
    CLK_PowerDown                            0x0000447b   Thumb Code    56  clk.o(.text)
    CLK_Idle                                 0x000044b3   Thumb Code    32  clk.o(.text)
    CLK_GetHXTFreq                           0x000044d3   Thumb Code    20  clk.o(.text)
    CLK_GetLXTFreq                           0x000044e7   Thumb Code    22  clk.o(.text)
    CLK_GetPCLK0Freq                         0x000044fd   Thumb Code   120  clk.o(.text)
    CLK_GetPCLK1Freq                         0x00004575   Thumb Code   120  clk.o(.text)
    CLK_GetHCLKFreq                          0x000045ed   Thumb Code    12  clk.o(.text)
    CLK_GetCPUFreq                           0x000045f9   Thumb Code    12  clk.o(.text)
    CLK_WaitClockReady                       0x00004605   Thumb Code    38  clk.o(.text)
    CLK_SetHCLK                              0x0000462b   Thumb Code   120  clk.o(.text)
    CLK_GetPLLClockFreq                      0x000046a3   Thumb Code   106  clk.o(.text)
    CLK_DisablePLL                           0x0000470d   Thumb Code    52  clk.o(.text)
    CLK_EnablePLL                            0x00004741   Thumb Code   374  clk.o(.text)
    CLK_SetCoreClock                         0x000048b7   Thumb Code   152  clk.o(.text)
    CLK_SetSysTickClockSrc                   0x0000494f   Thumb Code    22  clk.o(.text)
    CLK_EnableXtalRC                         0x00004965   Thumb Code    16  clk.o(.text)
    CLK_DisableXtalRC                        0x00004975   Thumb Code    16  clk.o(.text)
    CLK_EnableSysTick                        0x00004985   Thumb Code    70  clk.o(.text)
    CLK_DisableSysTick                       0x000049cb   Thumb Code    10  clk.o(.text)
    CLK_SetPowerDownMode                     0x000049d5   Thumb Code   120  clk.o(.text)
    CLK_EnableDPDWKPin                       0x00004a4d   Thumb Code   162  clk.o(.text)
    CLK_GetPMUWKSrc                          0x00004aef   Thumb Code     8  clk.o(.text)
    CLK_EnableSPDWKPin                       0x00004af7   Thumb Code    44  clk.o(.text)
    CLK_GetModuleClockSource                 0x00004b23   Thumb Code   168  clk.o(.text)
    CLK_GetModuleClockDivider                0x00004bcb   Thumb Code   100  clk.o(.text)
    GPIO_SetMode                             0x00004c45   Thumb Code    50  gpio.o(.text)
    GPIO_EnableInt                           0x00004c77   Thumb Code    40  gpio.o(.text)
    GPIO_DisableInt                          0x00004c9f   Thumb Code    24  gpio.o(.text)
    GPIO_SetSlewCtl                          0x00004cb7   Thumb Code    44  gpio.o(.text)
    GPIO_SetPullCtl                          0x00004ce3   Thumb Code    44  gpio.o(.text)
    Hard_Fault_Handler                       0x00004d57   Thumb Code    18  retarget.o(.text)
    kbhit                                    0x00004db7   Thumb Code    10  retarget.o(.text)
    IsDebugFifoEmpty                         0x00004dc1   Thumb Code    10  retarget.o(.text)
    _ttywrch                                 0x00004dcb   Thumb Code    12  retarget.o(.text)
    fputc                                    0x00004dd7   Thumb Code    16  retarget.o(.text)
    fgetc                                    0x00004de7   Thumb Code    10  retarget.o(.text)
    ferror                                   0x00004df1   Thumb Code     8  retarget.o(.text)
    UART_ClearIntFlag                        0x00004e75   Thumb Code    66  uart.o(.text)
    UART_Close                               0x00004eb7   Thumb Code     6  uart.o(.text)
    UART_DisableFlowCtrl                     0x00004ebd   Thumb Code    10  uart.o(.text)
    UART_DisableInt                          0x00004ec7   Thumb Code     8  uart.o(.text)
    UART_EnableFlowCtrl                      0x00004ecf   Thumb Code    26  uart.o(.text)
    UART_EnableInt                           0x00004ee9   Thumb Code     8  uart.o(.text)
    UART_Open                                0x00004ef1   Thumb Code   284  uart.o(.text)
    UART_Read                                0x0000500d   Thumb Code    58  uart.o(.text)
    UART_SetLineConfig                       0x00005047   Thumb Code   290  uart.o(.text)
    UART_SetTimeoutCnt                       0x00005169   Thumb Code    20  uart.o(.text)
    UART_SelectIrDAMode                      0x0000517d   Thumb Code   328  uart.o(.text)
    UART_SelectRS485Mode                     0x000052c5   Thumb Code    26  uart.o(.text)
    UART_SelectLINMode                       0x000052df   Thumb Code    26  uart.o(.text)
    UART_Write                               0x000052f9   Thumb Code    58  uart.o(.text)
    SCUART_Close                             0x00005339   Thumb Code    10  scuart.o(.text)
    SCUART_Open                              0x000053a3   Thumb Code   116  scuart.o(.text)
    SCUART_Read                              0x00005417   Thumb Code    32  scuart.o(.text)
    SCUART_SetLineConfig                     0x00005437   Thumb Code    74  scuart.o(.text)
    SCUART_SetTimeoutCnt                     0x00005481   Thumb Code     4  scuart.o(.text)
    SCUART_Write                             0x00005485   Thumb Code    32  scuart.o(.text)
    hardware_config                          0x0000551d   Thumb Code    52  hardware.o(.text)
    led_config                               0x00005551   Thumb Code    34  led_gpio.o(.text)
    uart0_log_config                         0x0000557d   Thumb Code    58  uart0_log.o(.text)
    tap_config                               0x000055c1   Thumb Code   102  tap_set.o(.text)
    uart7_config                             0x00005631   Thumb Code    92  uart7_config.o(.text)
    SC1_IRQHandler                           0x0000568d   Thumb Code    24  uart7_config.o(.text)
    _uart7_send                              0x000056a5   Thumb Code    44  uart7_config.o(.text)
    _4g_config                               0x000056e5   Thumb Code    22  4g.o(.text)
    main_task_4g                             0x000062e1   Thumb Code  1650  4g.o(.text)
    get_4g_state                             0x00006953   Thumb Code     8  4g.o(.text)
    get_4g_quality                           0x0000695b   Thumb Code   152  4g.o(.text)
    uart1_config                             0x00006a49   Thumb Code   100  uart1_config.o(.text)
    UART1_IRQHandler                         0x00006aad   Thumb Code     2  uart1_config.o(.text)
    uart2_config                             0x00006ac1   Thumb Code   100  uart2_config.o(.text)
    UART2_IRQHandler                         0x00006b25   Thumb Code   202  uart2_config.o(.text)
    uart3_config                             0x00006c29   Thumb Code   100  uart3_config.o(.text)
    UART3_IRQHandler                         0x00006c8d   Thumb Code     2  uart3_config.o(.text)
    uart4_config                             0x00006ca1   Thumb Code   100  uart4_config.o(.text)
    UART4_IRQHandler                         0x00006d05   Thumb Code     2  uart4_config.o(.text)
    uart5_config                             0x00006d19   Thumb Code   100  uart5_config.o(.text)
    UART5_IRQHandler                         0x00006d7d   Thumb Code     2  uart5_config.o(.text)
    uart6_config                             0x00006d91   Thumb Code   100  uart6_config.o(.text)
    SC0_IRQHandler                           0x00006dff   Thumb Code   158  uart6_config.o(.text)
    _uart6_send                              0x00006e9d   Thumb Code    86  uart6_config.o(.text)
    c4g_recv_get                             0x00006f23   Thumb Code    16  msg.o(.text)
    c4g_recv_send_isr                        0x00006f33   Thumb Code    14  msg.o(.text)
    restart_equ_set                          0x00006f45   Thumb Code     2  global.o(.text)
    __aeabi_memcpy                           0x00006f47   Thumb Code    36  memcpya.o(.text)
    __aeabi_memcpy4                          0x00006f47   Thumb Code     0  memcpya.o(.text)
    __aeabi_memcpy8                          0x00006f47   Thumb Code     0  memcpya.o(.text)
    __aeabi_memset                           0x00006f6b   Thumb Code    14  memseta.o(.text)
    __aeabi_memset4                          0x00006f6b   Thumb Code     0  memseta.o(.text)
    __aeabi_memset8                          0x00006f6b   Thumb Code     0  memseta.o(.text)
    __aeabi_memclr                           0x00006f79   Thumb Code     4  memseta.o(.text)
    __aeabi_memclr4                          0x00006f79   Thumb Code     0  memseta.o(.text)
    __aeabi_memclr8                          0x00006f79   Thumb Code     0  memseta.o(.text)
    _memset$wrapper                          0x00006f7d   Thumb Code    18  memseta.o(.text)
    strcat                                   0x00006f8f   Thumb Code    24  strcat.o(.text)
    strlen                                   0x00006fa7   Thumb Code    14  strlen.o(.text)
    strcpy                                   0x00006fb5   Thumb Code    18  strcpy.o(.text)
    strncasecmp                              0x00006fc7   Thumb Code    50  strncasecmp.o(.text)
    atoi                                     0x00006ff9   Thumb Code    26  atoi.o(.text)
    __aeabi_uldivmod                         0x00007013   Thumb Code    98  uldiv.o(.text)
    tolower                                  0x00007075   Thumb Code    12  tolower.o(.text)
    strtol                                   0x00007081   Thumb Code   112  strtol.o(.text)
    __scatterload                            0x000070f1   Thumb Code    28  init.o(.text)
    __scatterload_rt2                        0x000070f1   Thumb Code     0  init.o(.text)
    __aeabi_llsl                             0x00007115   Thumb Code    30  llshl.o(.text)
    _ll_shift_l                              0x00007115   Thumb Code     0  llshl.o(.text)
    __aeabi_llsr                             0x00007133   Thumb Code    32  llushr.o(.text)
    _ll_ushift_r                             0x00007133   Thumb Code     0  llushr.o(.text)
    __rt_ctype_table                         0x00007155   Thumb Code     4  ctype_o.o(.text)
    _strtoul                                 0x0000715d   Thumb Code   158  _strtoul.o(.text)
    _chval                                   0x000071fb   Thumb Code    28  _chval.o(.text)
    __0printf$8                              0x00007219   Thumb Code    22  printf8.o(i.__0printf$8)
    __1printf$8                              0x00007219   Thumb Code     0  printf8.o(i.__0printf$8)
    __2printf                                0x00007219   Thumb Code     0  printf8.o(i.__0printf$8)
    __0sprintf$8                             0x00007239   Thumb Code    34  printf8.o(i.__0sprintf$8)
    __1sprintf$8                             0x00007239   Thumb Code     0  printf8.o(i.__0sprintf$8)
    __2sprintf                               0x00007239   Thumb Code     0  printf8.o(i.__0sprintf$8)
    __aeabi_errno_addr                       0x00007261   Thumb Code     4  errno.o(i.__aeabi_errno_addr)
    __rt_errno_addr                          0x00007261   Thumb Code     0  errno.o(i.__aeabi_errno_addr)
    __scatterload_copy                       0x00007269   Thumb Code    14  handlers.o(i.__scatterload_copy)
    __scatterload_null                       0x00007277   Thumb Code     2  handlers.o(i.__scatterload_null)
    __scatterload_zeroinit                   0x00007279   Thumb Code    14  handlers.o(i.__scatterload_zeroinit)
    chk_baud                                 0x00007744   Data          10  4g.o(.constdata)
    set_baud                                 0x0000774e   Data          16  4g.o(.constdata)
    close_cmd_echo                           0x0000775e   Data           7  4g.o(.constdata)
    save_param                               0x00007765   Data           7  4g.o(.constdata)
    chk_iccid                                0x0000776c   Data          11  4g.o(.constdata)
    chk_pin                                  0x00007777   Data          11  4g.o(.constdata)
    chk_pin_back1                            0x00007782   Data          15  4g.o(.constdata)
    chk_pin_back2                            0x00007791   Data          13  4g.o(.constdata)
    chk_sim_reg                              0x0000779e   Data          11  4g.o(.constdata)
    chk_net_reg                              0x000077a9   Data          12  4g.o(.constdata)
    set_link_ChinaMobile                     0x000077b5   Data          32  4g.o(.constdata)
    set_link_UNICOM                          0x000077d5   Data          33  4g.o(.constdata)
    set_link_p                               0x000077f6   Data          32  4g.o(.constdata)
    chk_link_point                           0x00007816   Data          14  4g.o(.constdata)
    active_pdp_context                       0x00007824   Data          13  4g.o(.constdata)
    chk_pdp_context                          0x00007831   Data          12  4g.o(.constdata)
    deactive_pdp_context                     0x0000783d   Data          15  4g.o(.constdata)
    test_tcp                                 0x0000784c   Data          13  4g.o(.constdata)
    creat_tcp_top                            0x00007859   Data          22  4g.o(.constdata)
    creat_tcp_tail                           0x0000786f   Data           3  4g.o(.constdata)
    creat_tcp_port                           0x00007872   Data           7  4g.o(.constdata)
    creat_tcp_back1                          0x00007879   Data           8  4g.o(.constdata)
    close_tcp                                0x00007881   Data          15  4g.o(.constdata)
    chk_tcp                                  0x00007890   Data          17  4g.o(.constdata)
    chk_data_echo                            0x000078a1   Data          12  4g.o(.constdata)
    chk_err_code                             0x000078ad   Data          16  4g.o(.constdata)
    exit_transpartent                        0x000078bd   Data           4  4g.o(.constdata)
    exit_transpartent2                       0x000078c1   Data          11  4g.o(.constdata)
    change_transparent_mode                  0x000078cc   Data          17  4g.o(.constdata)
    enter_transparent_mode                   0x000078dd   Data           6  4g.o(.constdata)
    common_back                              0x000078e3   Data           3  4g.o(.constdata)
    chk_Operators                            0x000078e6   Data          11  4g.o(.constdata)
    Operators_ChinaMobile                    0x000078f1   Data          13  4g.o(.constdata)
    Operators_ChinaUnicom                    0x000078fe   Data          11  4g.o(.constdata)
    Operators_ChinaTelecom                   0x00007909   Data           7  4g.o(.constdata)
    chk_ICCID                                0x00007910   Data          11  4g.o(.constdata)
    chk_ICCID_ack                            0x0000791b   Data           8  4g.o(.constdata)
    chk_signal                               0x00007923   Data           9  4g.o(.constdata)
    chk_signal_ack                           0x0000792c   Data           6  4g.o(.constdata)
    Operators_ChinaMobile_ID                 0x00007932   Data          24  4g.o(.constdata)
    Operators_ChinaUnicom_ID                 0x0000794a   Data          18  4g.o(.constdata)
    Operators_ChinaTelecom_ID                0x0000795c   Data          12  4g.o(.constdata)
    __ctype_table                            0x00007968   Data         129  ctype_o.o(.constdata)
    Region$$Table$$Base                      0x000079f0   Number         0  anon$$obj.o(Region$$Table)
    Region$$Table$$Limit                     0x00007a10   Number         0  anon$$obj.o(Region$$Table)
    SystemCoreClock                          0x20000000   Data           4  system_m480.o(.data)
    CyclesPerUs                              0x20000004   Data           4  system_m480.o(.data)
    PllClock                                 0x20000008   Data           4  system_m480.o(.data)
    gau32ClkSrcTbl                           0x2000000c   Data          32  system_m480.o(.data)
    xQueueSetSendingTask                     0x20000044   Data           4  queueset.o(.data)
    xQueueSetReceivingTask                   0x20000048   Data           4  queueset.o(.data)
    pxCurrentTCB                             0x20000084   Data           4  tasks.o(.data)
    __stdout                                 0x200000ec   Data           4  retarget.o(.data)
    __stdin                                  0x200000f0   Data           4  retarget.o(.data)
    g_u32comRbytes                           0x200000fc   Data           4  uart2_config.o(.data)
    g_u32comRhead                            0x20000100   Data           4  uart2_config.o(.data)
    g_u32comRtail                            0x20000104   Data           4  uart2_config.o(.data)
    g_bWait                                  0x20000108   Data           4  uart2_config.o(.data)
    xQueueRegistry                           0x20000140   Data          64  queue.o(.bss)
    g_u8RecData                              0x20002458   Data         256  uart2_config.o(.bss)
    class_global                             0x200025c0   Data          80  global.o(.bss)
    __initial_sp                             0x20002e10   Data           0  startup_m480.o(STACK)



==============================================================================

Memory Map of the image

  Image Entry point : 0x000001f5

  Load Region LR_IROM1 (Base: 0x00000000, Size: 0x00007b2c, Max: 0x00080000, ABSOLUTE)

    Execution Region ER_IROM1 (Exec base: 0x00000000, Load base: 0x00000000, Size: 0x00007a10, Max: 0x00080000, ABSOLUTE)

    Exec Addr    Load Addr    Size         Type   Attr      Idx    E Section Name        Object

    0x00000000   0x00000000   0x000001f4   Data   RO            3    RESET               startup_m480.o
    0x000001f4   0x000001f4   0x00000000   Code   RO         1226  * .ARM.Collect$$$$00000000  mc_w.l(entry.o)
    0x000001f4   0x000001f4   0x00000004   Code   RO         1506    .ARM.Collect$$$$00000001  mc_w.l(entry2.o)
    0x000001f8   0x000001f8   0x00000004   Code   RO         1509    .ARM.Collect$$$$00000004  mc_w.l(entry5.o)
    0x000001fc   0x000001fc   0x00000000   Code   RO         1511    .ARM.Collect$$$$00000008  mc_w.l(entry7b.o)
    0x000001fc   0x000001fc   0x00000000   Code   RO         1513    .ARM.Collect$$$$0000000A  mc_w.l(entry8b.o)
    0x000001fc   0x000001fc   0x00000008   Code   RO         1514    .ARM.Collect$$$$0000000B  mc_w.l(entry9a.o)
    0x00000204   0x00000204   0x00000000   Code   RO         1516    .ARM.Collect$$$$0000000D  mc_w.l(entry10a.o)
    0x00000204   0x00000204   0x00000000   Code   RO         1518    .ARM.Collect$$$$0000000F  mc_w.l(entry11a.o)
    0x00000204   0x00000204   0x00000004   Code   RO         1507    .ARM.Collect$$$$00002712  mc_w.l(entry2.o)
    0x00000208   0x00000208   0x000000be   Code   RO          579    .emb_text           port.o
    0x000002c6   0x000002c6   0x00000002   PAD
    0x000002c8   0x000002c8   0x0000001c   Code   RO          789    .emb_text           retarget.o
    0x000002e4   0x000002e4   0x00000068   Code   RO            4    .text               startup_m480.o
    0x0000034c   0x0000034c   0x000000f4   Code   RO           12    .text               system_m480.o
    0x00000440   0x00000440   0x0000026c   Code   RO          314    .text               main.o
    0x000006ac   0x000006ac   0x00000540   Code   RO          511    .text               queueset.o
    0x00000bec   0x00000bec   0x00000140   Code   RO          554    .text               pollq.o
    0x00000d2c   0x00000d2c   0x0000036c   Code   RO          580    .text               port.o
    0x00001098   0x00001098   0x00000094   Code   RO          617    .text               list.o
    0x0000112c   0x0000112c   0x00001090   Code   RO          637    .text               queue.o
    0x000021bc   0x000021bc   0x000018e8   Code   RO          675    .text               tasks.o
    0x00003aa4   0x00003aa4   0x000005e4   Code   RO          702    .text               timers.o
    0x00004088   0x00004088   0x000002a8   Code   RO          725    .text               heap_4.o
    0x00004330   0x00004330   0x00000914   Code   RO          748    .text               clk.o
    0x00004c44   0x00004c44   0x000000ca   Code   RO          769    .text               gpio.o
    0x00004d0e   0x00004d0e   0x00000002   PAD
    0x00004d10   0x00004d10   0x00000164   Code   RO          790    .text               retarget.o
    0x00004e74   0x00004e74   0x000004c4   Code   RO          840    .text               uart.o
    0x00005338   0x00005338   0x0000017c   Code   RO          861    .text               scuart.o
    0x000054b4   0x000054b4   0x0000009c   Code   RO          903    .text               hardware.o
    0x00005550   0x00005550   0x0000002c   Code   RO          923    .text               led_gpio.o
    0x0000557c   0x0000557c   0x00000044   Code   RO          943    .text               uart0_log.o
    0x000055c0   0x000055c0   0x00000070   Code   RO          963    .text               tap_set.o
    0x00005630   0x00005630   0x000000b4   Code   RO          983    .text               uart7_config.o
    0x000056e4   0x000056e4   0x00001364   Code   RO         1010    .text               4g.o
    0x00006a48   0x00006a48   0x00000078   Code   RO         1050    .text               uart1_config.o
    0x00006ac0   0x00006ac0   0x00000168   Code   RO         1070    .text               uart2_config.o
    0x00006c28   0x00006c28   0x00000078   Code   RO         1094    .text               uart3_config.o
    0x00006ca0   0x00006ca0   0x00000078   Code   RO         1114    .text               uart4_config.o
    0x00006d18   0x00006d18   0x00000078   Code   RO         1137    .text               uart5_config.o
    0x00006d90   0x00006d90   0x00000180   Code   RO         1157    .text               uart6_config.o
    0x00006f10   0x00006f10   0x00000034   Code   RO         1180    .text               msg.o
    0x00006f44   0x00006f44   0x00000002   Code   RO         1202    .text               global.o
    0x00006f46   0x00006f46   0x00000024   Code   RO         1229    .text               mc_w.l(memcpya.o)
    0x00006f6a   0x00006f6a   0x00000024   Code   RO         1231    .text               mc_w.l(memseta.o)
    0x00006f8e   0x00006f8e   0x00000018   Code   RO         1233    .text               mc_w.l(strcat.o)
    0x00006fa6   0x00006fa6   0x0000000e   Code   RO         1235    .text               mc_w.l(strlen.o)
    0x00006fb4   0x00006fb4   0x00000012   Code   RO         1237    .text               mc_w.l(strcpy.o)
    0x00006fc6   0x00006fc6   0x00000032   Code   RO         1241    .text               mc_w.l(strncasecmp.o)
    0x00006ff8   0x00006ff8   0x0000001a   Code   RO         1504    .text               mc_w.l(atoi.o)
    0x00007012   0x00007012   0x00000062   Code   RO         1522    .text               mc_w.l(uldiv.o)
    0x00007074   0x00007074   0x0000000c   Code   RO         1524    .text               mc_w.l(tolower.o)
    0x00007080   0x00007080   0x00000070   Code   RO         1533    .text               mc_w.l(strtol.o)
    0x000070f0   0x000070f0   0x00000024   Code   RO         1546    .text               mc_w.l(init.o)
    0x00007114   0x00007114   0x0000001e   Code   RO         1548    .text               mc_w.l(llshl.o)
    0x00007132   0x00007132   0x00000020   Code   RO         1550    .text               mc_w.l(llushr.o)
    0x00007152   0x00007152   0x00000002   PAD
    0x00007154   0x00007154   0x00000008   Code   RO         1554    .text               mc_w.l(ctype_o.o)
    0x0000715c   0x0000715c   0x0000009e   Code   RO         1582    .text               mc_w.l(_strtoul.o)
    0x000071fa   0x000071fa   0x0000001c   Code   RO         1586    .text               mc_w.l(_chval.o)
    0x00007216   0x00007216   0x00000002   PAD
    0x00007218   0x00007218   0x00000020   Code   RO         1450    i.__0printf$8       mc_w.l(printf8.o)
    0x00007238   0x00007238   0x00000028   Code   RO         1452    i.__0sprintf$8      mc_w.l(printf8.o)
    0x00007260   0x00007260   0x00000008   Code   RO         1526    i.__aeabi_errno_addr  mc_w.l(errno.o)
    0x00007268   0x00007268   0x0000000e   Code   RO         1590    i.__scatterload_copy  mc_w.l(handlers.o)
    0x00007276   0x00007276   0x00000002   Code   RO         1591    i.__scatterload_null  mc_w.l(handlers.o)
    0x00007278   0x00007278   0x0000000e   Code   RO         1592    i.__scatterload_zeroinit  mc_w.l(handlers.o)
    0x00007286   0x00007286   0x00000002   PAD
    0x00007288   0x00007288   0x00000410   Code   RO         1457    i._printf_core      mc_w.l(printf8.o)
    0x00007698   0x00007698   0x00000024   Code   RO         1458    i._printf_post_padding  mc_w.l(printf8.o)
    0x000076bc   0x000076bc   0x0000002e   Code   RO         1459    i._printf_pre_padding  mc_w.l(printf8.o)
    0x000076ea   0x000076ea   0x0000000a   Code   RO         1461    i._sputc            mc_w.l(printf8.o)
    0x000076f4   0x000076f4   0x00000020   Data   RO          749    .constdata          clk.o
    0x00007714   0x00007714   0x00000030   Data   RO          841    .constdata          uart.o
    0x00007744   0x00007744   0x00000224   Data   RO         1012    .constdata          4g.o
    0x00007968   0x00007968   0x00000081   Data   RO         1555    .constdata          mc_w.l(ctype_o.o)
    0x000079e9   0x000079e9   0x00000003   PAD
    0x000079ec   0x000079ec   0x00000004   Data   RO         1556    .constdata          mc_w.l(ctype_o.o)
    0x000079f0   0x000079f0   0x00000020   Data   RO         1588    Region$$Table       anon$$obj.o


    Execution Region RW_IRAM1 (Exec base: 0x20000000, Load base: 0x00007a10, Size: 0x00002e10, Max: 0x00028000, ABSOLUTE)

    Exec Addr    Load Addr    Size         Type   Attr      Idx    E Section Name        Object

    0x20000000   0x00007a10   0x0000002c   Data   RW           13    .data               system_m480.o
    0x2000002c   0x00007a3c   0x00000040   Data   RW          513    .data               queueset.o
    0x2000006c   0x00007a7c   0x0000000c   Data   RW          555    .data               pollq.o
    0x20000078   0x00007a88   0x0000000c   Data   RW          581    .data               port.o
    0x20000084   0x00007a94   0x0000003c   Data   RW          677    .data               tasks.o
    0x200000c0   0x00007ad0   0x00000014   Data   RW          704    .data               timers.o
    0x200000d4   0x00007ae4   0x00000018   Data   RW          727    .data               heap_4.o
    0x200000ec   0x00007afc   0x00000008   Data   RW          791    .data               retarget.o
    0x200000f4   0x00007b04   0x00000008   Data   RW          985    .data               uart7_config.o
    0x200000fc   0x00007b0c   0x00000010   Data   RW         1072    .data               uart2_config.o
    0x2000010c   0x00007b1c   0x00000008   Data   RW         1159    .data               uart6_config.o
    0x20000114   0x00007b24   0x00000004   Data   RW         1181    .data               msg.o
    0x20000118   0x00007b28   0x00000004   Data   RW         1529    .data               mc_w.l(errno.o)
    0x2000011c        -       0x00000024   Zero   RW          512    .bss                queueset.o
    0x20000140        -       0x00000040   Zero   RW          638    .bss                queue.o
    0x20000180        -       0x000000c8   Zero   RW          676    .bss                tasks.o
    0x20000248        -       0x00000028   Zero   RW          703    .bss                timers.o
    0x20000270        -       0x00002000   Zero   RW          726    .bss                heap_4.o
    0x20002270        -       0x00000104   Zero   RW          984    .bss                uart7_config.o
    0x20002374        -       0x000000e4   Zero   RW         1011    .bss                4g.o
    0x20002458        -       0x00000100   Zero   RW         1071    .bss                uart2_config.o
    0x20002558        -       0x00000068   Zero   RW         1158    .bss                uart6_config.o
    0x200025c0        -       0x00000050   Zero   RW         1203    .bss                global.o
    0x20002610        -       0x00000800   Zero   RW            1    STACK               startup_m480.o


==============================================================================

Image component sizes


      Code (inc. data)   RO Data    RW Data    ZI Data      Debug   Object Name

      4964        458        548          0        228      14630   4g.o
      2324         94         32          0          0       8523   clk.o
         2          0          0          0         80       1505   global.o
       202          0          0          0          0       1902   gpio.o
       156          0          0          0          0        634   hardware.o
       680         26          0         24       8192       3764   heap_4.o
        44         10          0          0          0        473   led_gpio.o
       148          0          0          0          0       1942   list.o
       620        128          0          0          0     103620   main.o
        52          4          0          4          0        957   msg.o
         0          0          0          0          0       5100   partest.o
       320         54          0         12          0       2503   pollq.o
      1066         54          0         12          0       8967   port.o
      4240         20          0          0         64      28622   queue.o
      1344        118          0         64         36       7113   queueset.o
       384        128          0          8          0       4506   retarget.o
       380         16          0          0          0       2870   scuart.o
       104         20        500          0       2048        908   startup_m480.o
       244         38          0         44          0      58677   system_m480.o
       112         10          0          0          0        505   tap_set.o
      6376        342          0         60        200      26907   tasks.o
      1508         68          0         20         40       9278   timers.o
      1220         48         48          0          0       5300   uart.o
        68         10          0          0          0        491   uart0_log.o
       120         18          0          0          0        804   uart1_config.o
       360         58          0         16        256       1705   uart2_config.o
       120         18          0          0          0        804   uart3_config.o
       120         18          0          0          0        804   uart4_config.o
       120         18          0          0          0        804   uart5_config.o
       384         30          0          8        104       1842   uart6_config.o
       180         20          0          8        260      28205   uart7_config.o

    ----------------------------------------------------------------------
     27966       1826       1160        280      11508     334665   Object Totals
         0          0         32          0          0          0   (incl. Generated)
         4          0          0          0          0          0   (incl. Padding)

    ----------------------------------------------------------------------

      Code (inc. data)   RO Data    RW Data    ZI Data      Debug   Library Member Name

        28          0          0          0          0         68   _chval.o
       158          0          0          0          0         92   _strtoul.o
        26          0          0          0          0         80   atoi.o
         8          4        133          0          0         68   ctype_o.o
         0          0          0          0          0          0   entry.o
         0          0          0          0          0          0   entry10a.o
         0          0          0          0          0          0   entry11a.o
         8          4          0          0          0          0   entry2.o
         4          0          0          0          0          0   entry5.o
         0          0          0          0          0          0   entry7b.o
         0          0          0          0          0          0   entry8b.o
         8          4          0          0          0          0   entry9a.o
         8          4          0          4          0         68   errno.o
        30          0          0          0          0          0   handlers.o
        36          8          0          0          0         68   init.o
        30          0          0          0          0         68   llshl.o
        32          0          0          0          0         68   llushr.o
        36          0          0          0          0         68   memcpya.o
        36          0          0          0          0        108   memseta.o
      1204         60          0          0          0        504   printf8.o
        24          0          0          0          0         68   strcat.o
        18          0          0          0          0         68   strcpy.o
        14          0          0          0          0         68   strlen.o
        50          0          0          0          0         84   strncasecmp.o
       112          0          0          0          0         88   strtol.o
        12          0          0          0          0         68   tolower.o
        98          0          0          0          0         92   uldiv.o

    ----------------------------------------------------------------------
      1986         84        136          4          0       1796   Library Totals
         6          0          3          0          0          0   (incl. Padding)

    ----------------------------------------------------------------------

      Code (inc. data)   RO Data    RW Data    ZI Data      Debug   Library Name

      1980         84        133          4          0       1796   mc_w.l

    ----------------------------------------------------------------------
      1986         84        136          4          0       1796   Library Totals

    ----------------------------------------------------------------------

==============================================================================


      Code (inc. data)   RO Data    RW Data    ZI Data      Debug   

     29952       1910       1296        284      11508     329381   Grand Totals
     29952       1910       1296        284      11508     329381   ELF Image Totals
     29952       1910       1296        284          0          0   ROM Totals

==============================================================================

    Total RO  Size (Code + RO Data)                31248 (  30.52kB)
    Total RW  Size (RW Data + ZI Data)             11792 (  11.52kB)
    Total ROM Size (Code + RO Data + RW Data)      31532 (  30.79kB)

==============================================================================

