Component: ARM Compiler 5.06 update 6 (build 750) Tool: armlink [4d35ed]

==============================================================================

Section Cross References

    system_m480.o(.text) refers to clk.o(.text) for CLK_GetPLLClockFreq
    system_m480.o(.text) refers to system_m480.o(.data) for .data
    startup_m480.o(RESET) refers to startup_m480.o(STACK) for __initial_sp
    startup_m480.o(RESET) refers to startup_m480.o(.text) for Reset_Handler
    startup_m480.o(RESET) refers to retarget.o(.emb_text) for HardFault_Handler
    startup_m480.o(RESET) refers to port.o(.emb_text) for SVC_Handler
    startup_m480.o(RESET) refers to port.o(.text) for SysTick_Handler
    startup_m480.o(.text) refers to system_m480.o(.text) for SystemInit
    startup_m480.o(.text) refers to entry.o(.ARM.Collect$$$$00000000) for __main
    main.o(.text) refers to tasks.o(.text) for xTaskGetTickCount
    main.o(.text) refers to printf5.o(i.__0printf$5) for __2printf
    main.o(.text) refers to pollq.o(.text) for xArePollingQueuesStillRunning
    main.o(.text) refers to flash.o(.text) for vStartLEDFlashTasks
    main.o(.text) refers to queueset.o(.text) for vQueueSetAccessQueueSetFromISR
    main.o(.text) refers to clk.o(.text) for CLK_EnableXtalRC
    main.o(.text) refers to system_m480.o(.text) for SystemCoreClockUpdate
    main.o(.text) refers to uart.o(.text) for UART_Open
    main.o(.text) refers to gpio.o(.text) for GPIO_SetMode
    queueset.o(.text) refers to queue.o(.text) for xQueueCreateSet
    queueset.o(.text) refers to tasks.o(.text) for vTaskResume
    queueset.o(.text) refers to port.o(.text) for vPortEnterCritical
    queueset.o(.text) refers to queueset.o(.data) for .data
    queueset.o(.text) refers to queueset.o(.bss) for .bss
    pollq.o(.text) refers to queue.o(.text) for xQueueGenericSend
    pollq.o(.text) refers to port.o(.text) for vPortEnterCritical
    pollq.o(.text) refers to tasks.o(.text) for vTaskDelay
    pollq.o(.text) refers to pollq.o(.data) for .data
    flash.o(.text) refers to port.o(.text) for vPortEnterCritical
    flash.o(.text) refers to tasks.o(.text) for xTaskGetTickCount
    flash.o(.text) refers to partest.o(.text) for vParTestToggleLED
    flash.o(.text) refers to flash.o(.data) for .data
    partest.o(.text) refers to partest.o(.data) for .data
    port.o(.emb_text) refers to tasks.o(.text) for vTaskSwitchContext
    port.o(.emb_text) refers to tasks.o(.data) for pxCurrentTCB
    port.o(.text) refers to port.o(.emb_text) for __asm___6_port_c_39a90d8d__prvEnableVFP
    port.o(.text) refers to tasks.o(.text) for xTaskIncrementTick
    port.o(.text) refers to port.o(.data) for .data
    port.o(.text) refers to system_m480.o(.data) for SystemCoreClock
    queue.o(.text) refers to port.o(.text) for vPortEnterCritical
    queue.o(.text) refers to list.o(.text) for vListInitialise
    queue.o(.text) refers to tasks.o(.text) for xTaskRemoveFromEventList
    queue.o(.text) refers to heap_4.o(.text) for pvPortMalloc
    queue.o(.text) refers to memcpya.o(.text) for __aeabi_memcpy
    queue.o(.text) refers to queue.o(.bss) for .bss
    tasks.o(.text) refers to port.o(.text) for vPortEnterCritical
    tasks.o(.text) refers to list.o(.text) for vListInitialise
    tasks.o(.text) refers to heap_4.o(.text) for pvPortMalloc
    tasks.o(.text) refers to main.o(.text) for vApplicationTickHook
    tasks.o(.text) refers to tasks.o(.data) for .data
    tasks.o(.text) refers to tasks.o(.bss) for .bss
    tasks.o(.text) refers to timers.o(.text) for xTimerCreateTimerTask
    tasks.o(.text) refers to memseta.o(.text) for __aeabi_memset
    timers.o(.text) refers to list.o(.text) for vListInsert
    timers.o(.text) refers to tasks.o(.text) for xTaskGetSchedulerState
    timers.o(.text) refers to queue.o(.text) for xQueueGenericSend
    timers.o(.text) refers to heap_4.o(.text) for vPortFree
    timers.o(.text) refers to port.o(.text) for vPortEnterCritical
    timers.o(.text) refers to timers.o(.data) for .data
    timers.o(.text) refers to timers.o(.bss) for .bss
    heap_4.o(.text) refers to tasks.o(.text) for vTaskSuspendAll
    heap_4.o(.text) refers to main.o(.text) for vApplicationMallocFailedHook
    heap_4.o(.text) refers to heap_4.o(.data) for .data
    heap_4.o(.text) refers to heap_4.o(.bss) for .bss
    retarget.o(.emb_text) refers to retarget.o(.text) for Hard_Fault_Handler
    retarget.o(.text) refers to printf5.o(i.__0printf$5) for __2printf
    uart.o(.text) refers to clk.o(.text) for CLK_GetPLLClockFreq
    uart.o(.text) refers to uart.o(.constdata) for .constdata
    clk.o(.text) refers to system_m480.o(.text) for SystemCoreClockUpdate
    clk.o(.text) refers to system_m480.o(.data) for SystemCoreClock
    clk.o(.text) refers to clk.o(.constdata) for .constdata
    entry.o(.ARM.Collect$$$$00000000) refers (Special) to entry10a.o(.ARM.Collect$$$$0000000D) for __rt_final_cpp
    entry.o(.ARM.Collect$$$$00000000) refers (Special) to entry11a.o(.ARM.Collect$$$$0000000F) for __rt_final_exit
    entry.o(.ARM.Collect$$$$00000000) refers (Special) to entry7b.o(.ARM.Collect$$$$00000008) for _main_clock
    entry.o(.ARM.Collect$$$$00000000) refers (Special) to entry8b.o(.ARM.Collect$$$$0000000A) for _main_cpp_init
    entry.o(.ARM.Collect$$$$00000000) refers (Special) to entry9a.o(.ARM.Collect$$$$0000000B) for _main_init
    entry.o(.ARM.Collect$$$$00000000) refers (Special) to entry5.o(.ARM.Collect$$$$00000004) for _main_scatterload
    entry.o(.ARM.Collect$$$$00000000) refers (Special) to entry2.o(.ARM.Collect$$$$00000001) for _main_stk
    printfb.o(i.__0fprintf$bare) refers to printfb.o(i._printf_core) for _printf_core
    printfb.o(i.__0fprintf$bare) refers to retarget.o(.text) for fputc
    printfb.o(i.__0printf$bare) refers to printfb.o(i._printf_core) for _printf_core
    printfb.o(i.__0printf$bare) refers to retarget.o(.text) for fputc
    printfb.o(i.__0printf$bare) refers to retarget.o(.data) for __stdout
    printfb.o(i.__0snprintf$bare) refers to printfb.o(i._printf_core) for _printf_core
    printfb.o(i.__0snprintf$bare) refers to printfb.o(i._snputc) for _snputc
    printfb.o(i.__0sprintf$bare) refers to printfb.o(i._printf_core) for _printf_core
    printfb.o(i.__0sprintf$bare) refers to printfb.o(i._sputc) for _sputc
    printfb.o(i.__0vfprintf$bare) refers to printfb.o(i._printf_core) for _printf_core
    printfb.o(i.__0vfprintf$bare) refers to retarget.o(.text) for fputc
    printfb.o(i.__0vprintf$bare) refers to printfb.o(i._printf_core) for _printf_core
    printfb.o(i.__0vprintf$bare) refers to retarget.o(.text) for fputc
    printfb.o(i.__0vprintf$bare) refers to retarget.o(.data) for __stdout
    printfb.o(i.__0vsnprintf$bare) refers to printfb.o(i._printf_core) for _printf_core
    printfb.o(i.__0vsnprintf$bare) refers to printfb.o(i._snputc) for _snputc
    printfb.o(i.__0vsprintf$bare) refers to printfb.o(i._printf_core) for _printf_core
    printfb.o(i.__0vsprintf$bare) refers to printfb.o(i._sputc) for _sputc
    printf0.o(i.__0fprintf$0) refers to printf0.o(i._printf_core) for _printf_core
    printf0.o(i.__0fprintf$0) refers to retarget.o(.text) for fputc
    printf0.o(i.__0printf$0) refers to printf0.o(i._printf_core) for _printf_core
    printf0.o(i.__0printf$0) refers to retarget.o(.text) for fputc
    printf0.o(i.__0printf$0) refers to retarget.o(.data) for __stdout
    printf0.o(i.__0snprintf$0) refers to printf0.o(i._printf_core) for _printf_core
    printf0.o(i.__0snprintf$0) refers to printf0.o(i._snputc) for _snputc
    printf0.o(i.__0sprintf$0) refers to printf0.o(i._printf_core) for _printf_core
    printf0.o(i.__0sprintf$0) refers to printf0.o(i._sputc) for _sputc
    printf0.o(i.__0vfprintf$0) refers to printf0.o(i._printf_core) for _printf_core
    printf0.o(i.__0vfprintf$0) refers to retarget.o(.text) for fputc
    printf0.o(i.__0vprintf$0) refers to printf0.o(i._printf_core) for _printf_core
    printf0.o(i.__0vprintf$0) refers to retarget.o(.text) for fputc
    printf0.o(i.__0vprintf$0) refers to retarget.o(.data) for __stdout
    printf0.o(i.__0vsnprintf$0) refers to printf0.o(i._printf_core) for _printf_core
    printf0.o(i.__0vsnprintf$0) refers to printf0.o(i._snputc) for _snputc
    printf0.o(i.__0vsprintf$0) refers to printf0.o(i._printf_core) for _printf_core
    printf0.o(i.__0vsprintf$0) refers to printf0.o(i._sputc) for _sputc
    printf1.o(i.__0fprintf$1) refers to printf1.o(i._printf_core) for _printf_core
    printf1.o(i.__0fprintf$1) refers to retarget.o(.text) for fputc
    printf1.o(i.__0printf$1) refers to printf1.o(i._printf_core) for _printf_core
    printf1.o(i.__0printf$1) refers to retarget.o(.text) for fputc
    printf1.o(i.__0printf$1) refers to retarget.o(.data) for __stdout
    printf1.o(i.__0snprintf$1) refers to printf1.o(i._printf_core) for _printf_core
    printf1.o(i.__0snprintf$1) refers to printf1.o(i._snputc) for _snputc
    printf1.o(i.__0sprintf$1) refers to printf1.o(i._printf_core) for _printf_core
    printf1.o(i.__0sprintf$1) refers to printf1.o(i._sputc) for _sputc
    printf1.o(i.__0vfprintf$1) refers to printf1.o(i._printf_core) for _printf_core
    printf1.o(i.__0vfprintf$1) refers to retarget.o(.text) for fputc
    printf1.o(i.__0vprintf$1) refers to printf1.o(i._printf_core) for _printf_core
    printf1.o(i.__0vprintf$1) refers to retarget.o(.text) for fputc
    printf1.o(i.__0vprintf$1) refers to retarget.o(.data) for __stdout
    printf1.o(i.__0vsnprintf$1) refers to printf1.o(i._printf_core) for _printf_core
    printf1.o(i.__0vsnprintf$1) refers to printf1.o(i._snputc) for _snputc
    printf1.o(i.__0vsprintf$1) refers to printf1.o(i._printf_core) for _printf_core
    printf1.o(i.__0vsprintf$1) refers to printf1.o(i._sputc) for _sputc
    printf1.o(i._printf_core) refers to uidiv.o(.text) for __aeabi_uidivmod
    printf2.o(i.__0fprintf$2) refers to printf2.o(i._printf_core) for _printf_core
    printf2.o(i.__0fprintf$2) refers to retarget.o(.text) for fputc
    printf2.o(i.__0printf$2) refers to printf2.o(i._printf_core) for _printf_core
    printf2.o(i.__0printf$2) refers to retarget.o(.text) for fputc
    printf2.o(i.__0printf$2) refers to retarget.o(.data) for __stdout
    printf2.o(i.__0snprintf$2) refers to printf2.o(i._printf_core) for _printf_core
    printf2.o(i.__0snprintf$2) refers to printf2.o(i._snputc) for _snputc
    printf2.o(i.__0sprintf$2) refers to printf2.o(i._printf_core) for _printf_core
    printf2.o(i.__0sprintf$2) refers to printf2.o(i._sputc) for _sputc
    printf2.o(i.__0vfprintf$2) refers to printf2.o(i._printf_core) for _printf_core
    printf2.o(i.__0vfprintf$2) refers to retarget.o(.text) for fputc
    printf2.o(i.__0vprintf$2) refers to printf2.o(i._printf_core) for _printf_core
    printf2.o(i.__0vprintf$2) refers to retarget.o(.text) for fputc
    printf2.o(i.__0vprintf$2) refers to retarget.o(.data) for __stdout
    printf2.o(i.__0vsnprintf$2) refers to printf2.o(i._printf_core) for _printf_core
    printf2.o(i.__0vsnprintf$2) refers to printf2.o(i._snputc) for _snputc
    printf2.o(i.__0vsprintf$2) refers to printf2.o(i._printf_core) for _printf_core
    printf2.o(i.__0vsprintf$2) refers to printf2.o(i._sputc) for _sputc
    printf3.o(i.__0fprintf$3) refers to printf3.o(i._printf_core) for _printf_core
    printf3.o(i.__0fprintf$3) refers to retarget.o(.text) for fputc
    printf3.o(i.__0printf$3) refers to printf3.o(i._printf_core) for _printf_core
    printf3.o(i.__0printf$3) refers to retarget.o(.text) for fputc
    printf3.o(i.__0printf$3) refers to retarget.o(.data) for __stdout
    printf3.o(i.__0snprintf$3) refers to printf3.o(i._printf_core) for _printf_core
    printf3.o(i.__0snprintf$3) refers to printf3.o(i._snputc) for _snputc
    printf3.o(i.__0sprintf$3) refers to printf3.o(i._printf_core) for _printf_core
    printf3.o(i.__0sprintf$3) refers to printf3.o(i._sputc) for _sputc
    printf3.o(i.__0vfprintf$3) refers to printf3.o(i._printf_core) for _printf_core
    printf3.o(i.__0vfprintf$3) refers to retarget.o(.text) for fputc
    printf3.o(i.__0vprintf$3) refers to printf3.o(i._printf_core) for _printf_core
    printf3.o(i.__0vprintf$3) refers to retarget.o(.text) for fputc
    printf3.o(i.__0vprintf$3) refers to retarget.o(.data) for __stdout
    printf3.o(i.__0vsnprintf$3) refers to printf3.o(i._printf_core) for _printf_core
    printf3.o(i.__0vsnprintf$3) refers to printf3.o(i._snputc) for _snputc
    printf3.o(i.__0vsprintf$3) refers to printf3.o(i._printf_core) for _printf_core
    printf3.o(i.__0vsprintf$3) refers to printf3.o(i._sputc) for _sputc
    printf3.o(i._printf_core) refers to uidiv.o(.text) for __aeabi_uidivmod
    printf4.o(i.__0fprintf$4) refers to printf4.o(i._printf_core) for _printf_core
    printf4.o(i.__0fprintf$4) refers to retarget.o(.text) for fputc
    printf4.o(i.__0printf$4) refers to printf4.o(i._printf_core) for _printf_core
    printf4.o(i.__0printf$4) refers to retarget.o(.text) for fputc
    printf4.o(i.__0printf$4) refers to retarget.o(.data) for __stdout
    printf4.o(i.__0snprintf$4) refers to printf4.o(i._printf_core) for _printf_core
    printf4.o(i.__0snprintf$4) refers to printf4.o(i._snputc) for _snputc
    printf4.o(i.__0sprintf$4) refers to printf4.o(i._printf_core) for _printf_core
    printf4.o(i.__0sprintf$4) refers to printf4.o(i._sputc) for _sputc
    printf4.o(i.__0vfprintf$4) refers to printf4.o(i._printf_core) for _printf_core
    printf4.o(i.__0vfprintf$4) refers to retarget.o(.text) for fputc
    printf4.o(i.__0vprintf$4) refers to printf4.o(i._printf_core) for _printf_core
    printf4.o(i.__0vprintf$4) refers to retarget.o(.text) for fputc
    printf4.o(i.__0vprintf$4) refers to retarget.o(.data) for __stdout
    printf4.o(i.__0vsnprintf$4) refers to printf4.o(i._printf_core) for _printf_core
    printf4.o(i.__0vsnprintf$4) refers to printf4.o(i._snputc) for _snputc
    printf4.o(i.__0vsprintf$4) refers to printf4.o(i._printf_core) for _printf_core
    printf4.o(i.__0vsprintf$4) refers to printf4.o(i._sputc) for _sputc
    printf4.o(i._printf_core) refers to uldiv.o(.text) for __aeabi_uldivmod
    printf5.o(i.__0fprintf$5) refers to printf5.o(i._printf_core) for _printf_core
    printf5.o(i.__0fprintf$5) refers to retarget.o(.text) for fputc
    printf5.o(i.__0printf$5) refers to printf5.o(i._printf_core) for _printf_core
    printf5.o(i.__0printf$5) refers to retarget.o(.text) for fputc
    printf5.o(i.__0printf$5) refers to retarget.o(.data) for __stdout
    printf5.o(i.__0snprintf$5) refers to printf5.o(i._printf_core) for _printf_core
    printf5.o(i.__0snprintf$5) refers to printf5.o(i._snputc) for _snputc
    printf5.o(i.__0sprintf$5) refers to printf5.o(i._printf_core) for _printf_core
    printf5.o(i.__0sprintf$5) refers to printf5.o(i._sputc) for _sputc
    printf5.o(i.__0vfprintf$5) refers to printf5.o(i._printf_core) for _printf_core
    printf5.o(i.__0vfprintf$5) refers to retarget.o(.text) for fputc
    printf5.o(i.__0vprintf$5) refers to printf5.o(i._printf_core) for _printf_core
    printf5.o(i.__0vprintf$5) refers to retarget.o(.text) for fputc
    printf5.o(i.__0vprintf$5) refers to retarget.o(.data) for __stdout
    printf5.o(i.__0vsnprintf$5) refers to printf5.o(i._printf_core) for _printf_core
    printf5.o(i.__0vsnprintf$5) refers to printf5.o(i._snputc) for _snputc
    printf5.o(i.__0vsprintf$5) refers to printf5.o(i._printf_core) for _printf_core
    printf5.o(i.__0vsprintf$5) refers to printf5.o(i._sputc) for _sputc
    printf5.o(i._printf_core) refers to uldiv.o(.text) for __aeabi_uldivmod
    printf6.o(i.__0fprintf$6) refers to printf6.o(i._printf_core) for _printf_core
    printf6.o(i.__0fprintf$6) refers to retarget.o(.text) for fputc
    printf6.o(i.__0printf$6) refers to printf6.o(i._printf_core) for _printf_core
    printf6.o(i.__0printf$6) refers to retarget.o(.text) for fputc
    printf6.o(i.__0printf$6) refers to retarget.o(.data) for __stdout
    printf6.o(i.__0snprintf$6) refers to printf6.o(i._printf_core) for _printf_core
    printf6.o(i.__0snprintf$6) refers to printf6.o(i._snputc) for _snputc
    printf6.o(i.__0sprintf$6) refers to printf6.o(i._printf_core) for _printf_core
    printf6.o(i.__0sprintf$6) refers to printf6.o(i._sputc) for _sputc
    printf6.o(i.__0vfprintf$6) refers to printf6.o(i._printf_core) for _printf_core
    printf6.o(i.__0vfprintf$6) refers to retarget.o(.text) for fputc
    printf6.o(i.__0vprintf$6) refers to printf6.o(i._printf_core) for _printf_core
    printf6.o(i.__0vprintf$6) refers to retarget.o(.text) for fputc
    printf6.o(i.__0vprintf$6) refers to retarget.o(.data) for __stdout
    printf6.o(i.__0vsnprintf$6) refers to printf6.o(i._printf_core) for _printf_core
    printf6.o(i.__0vsnprintf$6) refers to printf6.o(i._snputc) for _snputc
    printf6.o(i.__0vsprintf$6) refers to printf6.o(i._printf_core) for _printf_core
    printf6.o(i.__0vsprintf$6) refers to printf6.o(i._sputc) for _sputc
    printf6.o(i._printf_core) refers to printf6.o(i._printf_pre_padding) for _printf_pre_padding
    printf6.o(i._printf_core) refers to uidiv.o(.text) for __aeabi_uidivmod
    printf6.o(i._printf_core) refers to printf6.o(i._printf_post_padding) for _printf_post_padding
    printf7.o(i.__0fprintf$7) refers to printf7.o(i._printf_core) for _printf_core
    printf7.o(i.__0fprintf$7) refers to retarget.o(.text) for fputc
    printf7.o(i.__0printf$7) refers to printf7.o(i._printf_core) for _printf_core
    printf7.o(i.__0printf$7) refers to retarget.o(.text) for fputc
    printf7.o(i.__0printf$7) refers to retarget.o(.data) for __stdout
    printf7.o(i.__0snprintf$7) refers to printf7.o(i._printf_core) for _printf_core
    printf7.o(i.__0snprintf$7) refers to printf7.o(i._snputc) for _snputc
    printf7.o(i.__0sprintf$7) refers to printf7.o(i._printf_core) for _printf_core
    printf7.o(i.__0sprintf$7) refers to printf7.o(i._sputc) for _sputc
    printf7.o(i.__0vfprintf$7) refers to printf7.o(i._printf_core) for _printf_core
    printf7.o(i.__0vfprintf$7) refers to retarget.o(.text) for fputc
    printf7.o(i.__0vprintf$7) refers to printf7.o(i._printf_core) for _printf_core
    printf7.o(i.__0vprintf$7) refers to retarget.o(.text) for fputc
    printf7.o(i.__0vprintf$7) refers to retarget.o(.data) for __stdout
    printf7.o(i.__0vsnprintf$7) refers to printf7.o(i._printf_core) for _printf_core
    printf7.o(i.__0vsnprintf$7) refers to printf7.o(i._snputc) for _snputc
    printf7.o(i.__0vsprintf$7) refers to printf7.o(i._printf_core) for _printf_core
    printf7.o(i.__0vsprintf$7) refers to printf7.o(i._sputc) for _sputc
    printf7.o(i._printf_core) refers to printf7.o(i._printf_pre_padding) for _printf_pre_padding
    printf7.o(i._printf_core) refers to uldiv.o(.text) for __aeabi_uldivmod
    printf7.o(i._printf_core) refers to printf7.o(i._printf_post_padding) for _printf_post_padding
    printf8.o(i.__0fprintf$8) refers to printf8.o(i._printf_core) for _printf_core
    printf8.o(i.__0fprintf$8) refers to retarget.o(.text) for fputc
    printf8.o(i.__0printf$8) refers to printf8.o(i._printf_core) for _printf_core
    printf8.o(i.__0printf$8) refers to retarget.o(.text) for fputc
    printf8.o(i.__0printf$8) refers to retarget.o(.data) for __stdout
    printf8.o(i.__0snprintf$8) refers to printf8.o(i._printf_core) for _printf_core
    printf8.o(i.__0snprintf$8) refers to printf8.o(i._snputc) for _snputc
    printf8.o(i.__0sprintf$8) refers to printf8.o(i._printf_core) for _printf_core
    printf8.o(i.__0sprintf$8) refers to printf8.o(i._sputc) for _sputc
    printf8.o(i.__0vfprintf$8) refers to printf8.o(i._printf_core) for _printf_core
    printf8.o(i.__0vfprintf$8) refers to retarget.o(.text) for fputc
    printf8.o(i.__0vprintf$8) refers to printf8.o(i._printf_core) for _printf_core
    printf8.o(i.__0vprintf$8) refers to retarget.o(.text) for fputc
    printf8.o(i.__0vprintf$8) refers to retarget.o(.data) for __stdout
    printf8.o(i.__0vsnprintf$8) refers to printf8.o(i._printf_core) for _printf_core
    printf8.o(i.__0vsnprintf$8) refers to printf8.o(i._snputc) for _snputc
    printf8.o(i.__0vsprintf$8) refers to printf8.o(i._printf_core) for _printf_core
    printf8.o(i.__0vsprintf$8) refers to printf8.o(i._sputc) for _sputc
    printf8.o(i._printf_core) refers to printf8.o(i._printf_pre_padding) for _printf_pre_padding
    printf8.o(i._printf_core) refers to uldiv.o(.text) for __aeabi_uldivmod
    printf8.o(i._printf_core) refers to printf8.o(i._printf_post_padding) for _printf_post_padding
    printfa.o(i.__0fprintf) refers (Special) to iusefp.o(.text) for __I$use$fp
    printfa.o(i.__0fprintf) refers to printfa.o(i._printf_core) for _printf_core
    printfa.o(i.__0fprintf) refers to retarget.o(.text) for fputc
    printfa.o(i.__0printf) refers (Special) to iusefp.o(.text) for __I$use$fp
    printfa.o(i.__0printf) refers to printfa.o(i._printf_core) for _printf_core
    printfa.o(i.__0printf) refers to retarget.o(.text) for fputc
    printfa.o(i.__0printf) refers to retarget.o(.data) for __stdout
    printfa.o(i.__0snprintf) refers (Special) to iusefp.o(.text) for __I$use$fp
    printfa.o(i.__0snprintf) refers to printfa.o(i._printf_core) for _printf_core
    printfa.o(i.__0snprintf) refers to printfa.o(i._snputc) for _snputc
    printfa.o(i.__0sprintf) refers (Special) to iusefp.o(.text) for __I$use$fp
    printfa.o(i.__0sprintf) refers to printfa.o(i._printf_core) for _printf_core
    printfa.o(i.__0sprintf) refers to printfa.o(i._sputc) for _sputc
    printfa.o(i.__0vfprintf) refers (Special) to iusefp.o(.text) for __I$use$fp
    printfa.o(i.__0vfprintf) refers to printfa.o(i._printf_core) for _printf_core
    printfa.o(i.__0vfprintf) refers to retarget.o(.text) for fputc
    printfa.o(i.__0vprintf) refers (Special) to iusefp.o(.text) for __I$use$fp
    printfa.o(i.__0vprintf) refers to printfa.o(i._printf_core) for _printf_core
    printfa.o(i.__0vprintf) refers to retarget.o(.text) for fputc
    printfa.o(i.__0vprintf) refers to retarget.o(.data) for __stdout
    printfa.o(i.__0vsnprintf) refers (Special) to iusefp.o(.text) for __I$use$fp
    printfa.o(i.__0vsnprintf) refers to printfa.o(i._printf_core) for _printf_core
    printfa.o(i.__0vsnprintf) refers to printfa.o(i._snputc) for _snputc
    printfa.o(i.__0vsprintf) refers (Special) to iusefp.o(.text) for __I$use$fp
    printfa.o(i.__0vsprintf) refers to printfa.o(i._printf_core) for _printf_core
    printfa.o(i.__0vsprintf) refers to printfa.o(i._sputc) for _sputc
    printfa.o(i._fp_digits) refers (Special) to iusefp.o(.text) for __I$use$fp
    printfa.o(i._fp_digits) refers to dmul.o(.text) for __aeabi_dmul
    printfa.o(i._fp_digits) refers to ddiv.o(.text) for __aeabi_ddiv
    printfa.o(i._fp_digits) refers to cdrcmple.o(.text) for __aeabi_cdrcmple
    printfa.o(i._fp_digits) refers to dadd.o(.text) for __aeabi_dadd
    printfa.o(i._fp_digits) refers to dfixul.o(.text) for __aeabi_d2ulz
    printfa.o(i._fp_digits) refers to uldiv.o(.text) for __aeabi_uldivmod
    printfa.o(i._printf_core) refers (Special) to iusefp.o(.text) for __I$use$fp
    printfa.o(i._printf_core) refers to printfa.o(i._printf_pre_padding) for _printf_pre_padding
    printfa.o(i._printf_core) refers to uldiv.o(.text) for __aeabi_uldivmod
    printfa.o(i._printf_core) refers to printfa.o(i._printf_post_padding) for _printf_post_padding
    printfa.o(i._printf_core) refers to printfa.o(i._fp_digits) for _fp_digits
    printfa.o(i._printf_core) refers to uidiv.o(.text) for __aeabi_uidivmod
    printfa.o(i._printf_post_padding) refers (Special) to iusefp.o(.text) for __I$use$fp
    printfa.o(i._printf_pre_padding) refers (Special) to iusefp.o(.text) for __I$use$fp
    printfa.o(i._snputc) refers (Special) to iusefp.o(.text) for __I$use$fp
    printfa.o(i._sputc) refers (Special) to iusefp.o(.text) for __I$use$fp
    entry2.o(.ARM.Collect$$$$00000001) refers to entry2.o(.ARM.Collect$$$$00002712) for __lit__00000000
    entry2.o(.ARM.Collect$$$$00002712) refers to startup_m480.o(STACK) for __initial_sp
    entry2.o(__vectab_stack_and_reset_area) refers to startup_m480.o(STACK) for __initial_sp
    entry2.o(__vectab_stack_and_reset_area) refers to entry.o(.ARM.Collect$$$$00000000) for __main
    entry5.o(.ARM.Collect$$$$00000004) refers to init.o(.text) for __scatterload
    entry9a.o(.ARM.Collect$$$$0000000B) refers to main.o(.text) for main
    entry9b.o(.ARM.Collect$$$$0000000C) refers to main.o(.text) for main
    uldiv.o(.text) refers to llushr.o(.text) for __aeabi_llsr
    uldiv.o(.text) refers to llshl.o(.text) for __aeabi_llsl
    dadd.o(.text) refers to llshl.o(.text) for __aeabi_llsl
    dadd.o(.text) refers to llsshr.o(.text) for __aeabi_lasr
    dadd.o(.text) refers to depilogue.o(.text) for _double_epilogue
    dmul.o(.text) refers to depilogue.o(.text) for _double_epilogue
    ddiv.o(.text) refers to depilogue.o(.text) for _double_round
    dfixul.o(.text) refers to llushr.o(.text) for __aeabi_llsr
    dfixul.o(.text) refers to llshl.o(.text) for __aeabi_llsl
    init.o(.text) refers to entry5.o(.ARM.Collect$$$$00000004) for __main_after_scatterload
    depilogue.o(.text) refers to llshl.o(.text) for __aeabi_llsl
    depilogue.o(.text) refers to llushr.o(.text) for __aeabi_llsr


==============================================================================

Removing Unused input sections from the image.

    Removing system_m480.o(.rev16_text), (4 bytes).
    Removing system_m480.o(.revsh_text), (4 bytes).
    Removing system_m480.o(.rrx_text), (6 bytes).
    Removing startup_m480.o(HEAP), (256 bytes).
    Removing main.o(.rev16_text), (4 bytes).
    Removing main.o(.revsh_text), (4 bytes).
    Removing main.o(.rrx_text), (6 bytes).
    Removing queueset.o(.rev16_text), (4 bytes).
    Removing queueset.o(.revsh_text), (4 bytes).
    Removing queueset.o(.rrx_text), (6 bytes).
    Removing pollq.o(.rev16_text), (4 bytes).
    Removing pollq.o(.revsh_text), (4 bytes).
    Removing pollq.o(.rrx_text), (6 bytes).
    Removing flash.o(.rev16_text), (4 bytes).
    Removing flash.o(.revsh_text), (4 bytes).
    Removing flash.o(.rrx_text), (6 bytes).
    Removing partest.o(.rev16_text), (4 bytes).
    Removing partest.o(.revsh_text), (4 bytes).
    Removing partest.o(.rrx_text), (6 bytes).
    Removing port.o(.rev16_text), (4 bytes).
    Removing port.o(.revsh_text), (4 bytes).
    Removing port.o(.rrx_text), (6 bytes).
    Removing list.o(.rev16_text), (4 bytes).
    Removing list.o(.revsh_text), (4 bytes).
    Removing list.o(.rrx_text), (6 bytes).
    Removing queue.o(.rev16_text), (4 bytes).
    Removing queue.o(.revsh_text), (4 bytes).
    Removing queue.o(.rrx_text), (6 bytes).
    Removing tasks.o(.rev16_text), (4 bytes).
    Removing tasks.o(.revsh_text), (4 bytes).
    Removing tasks.o(.rrx_text), (6 bytes).
    Removing timers.o(.rev16_text), (4 bytes).
    Removing timers.o(.revsh_text), (4 bytes).
    Removing timers.o(.rrx_text), (6 bytes).
    Removing heap_4.o(.rev16_text), (4 bytes).
    Removing heap_4.o(.revsh_text), (4 bytes).
    Removing heap_4.o(.rrx_text), (6 bytes).
    Removing retarget.o(.rev16_text), (4 bytes).
    Removing retarget.o(.revsh_text), (4 bytes).
    Removing retarget.o(.rrx_text), (6 bytes).
    Removing retarget.o(.data), (4 bytes).
    Removing sys.o(.rev16_text), (4 bytes).
    Removing sys.o(.revsh_text), (4 bytes).
    Removing sys.o(.rrx_text), (6 bytes).
    Removing sys.o(.text), (192 bytes).
    Removing uart.o(.rev16_text), (4 bytes).
    Removing uart.o(.revsh_text), (4 bytes).
    Removing uart.o(.rrx_text), (6 bytes).
    Removing clk.o(.rev16_text), (4 bytes).
    Removing clk.o(.revsh_text), (4 bytes).
    Removing clk.o(.rrx_text), (6 bytes).
    Removing gpio.o(.rev16_text), (4 bytes).
    Removing gpio.o(.revsh_text), (4 bytes).
    Removing gpio.o(.rrx_text), (6 bytes).
    Removing dadd.o(.text), (334 bytes).
    Removing dmul.o(.text), (228 bytes).
    Removing ddiv.o(.text), (222 bytes).
    Removing dfixul.o(.text), (48 bytes).
    Removing cdrcmple.o(.text), (48 bytes).
    Removing depilogue.o(.text), (186 bytes).

60 unused section(s) (total 1756 bytes) removed from the image.

==============================================================================

Image Symbol Table

    Local Symbols

    Symbol Name                              Value     Ov Type        Size  Object(Section)

    RESET                                    0x00000000   Section      500  startup_m480.o(RESET)
    ../clib/microlib/division.c              0x00000000   Number         0  uidiv.o ABSOLUTE
    ../clib/microlib/division.c              0x00000000   Number         0  uldiv.o ABSOLUTE
    ../clib/microlib/init/entry.s            0x00000000   Number         0  entry8a.o ABSOLUTE
    ../clib/microlib/init/entry.s            0x00000000   Number         0  entry9a.o ABSOLUTE
    ../clib/microlib/init/entry.s            0x00000000   Number         0  entry8b.o ABSOLUTE
    ../clib/microlib/init/entry.s            0x00000000   Number         0  entry2.o ABSOLUTE
    ../clib/microlib/init/entry.s            0x00000000   Number         0  entry9b.o ABSOLUTE
    ../clib/microlib/init/entry.s            0x00000000   Number         0  entry10a.o ABSOLUTE
    ../clib/microlib/init/entry.s            0x00000000   Number         0  entry10b.o ABSOLUTE
    ../clib/microlib/init/entry.s            0x00000000   Number         0  entry7b.o ABSOLUTE
    ../clib/microlib/init/entry.s            0x00000000   Number         0  entry7a.o ABSOLUTE
    ../clib/microlib/init/entry.s            0x00000000   Number         0  entry5.o ABSOLUTE
    ../clib/microlib/init/entry.s            0x00000000   Number         0  entry11a.o ABSOLUTE
    ../clib/microlib/init/entry.s            0x00000000   Number         0  entry11b.o ABSOLUTE
    ../clib/microlib/init/entry.s            0x00000000   Number         0  entry.o ABSOLUTE
    ../clib/microlib/longlong.c              0x00000000   Number         0  llsshr.o ABSOLUTE
    ../clib/microlib/longlong.c              0x00000000   Number         0  llshl.o ABSOLUTE
    ../clib/microlib/longlong.c              0x00000000   Number         0  llushr.o ABSOLUTE
    ../clib/microlib/printf/printf.c         0x00000000   Number         0  printf7.o ABSOLUTE
    ../clib/microlib/printf/printf.c         0x00000000   Number         0  printf0.o ABSOLUTE
    ../clib/microlib/printf/printf.c         0x00000000   Number         0  printfa.o ABSOLUTE
    ../clib/microlib/printf/printf.c         0x00000000   Number         0  printf8.o ABSOLUTE
    ../clib/microlib/printf/printf.c         0x00000000   Number         0  printf6.o ABSOLUTE
    ../clib/microlib/printf/printf.c         0x00000000   Number         0  printf5.o ABSOLUTE
    ../clib/microlib/printf/printf.c         0x00000000   Number         0  printf4.o ABSOLUTE
    ../clib/microlib/printf/printf.c         0x00000000   Number         0  printf3.o ABSOLUTE
    ../clib/microlib/printf/printf.c         0x00000000   Number         0  printf2.o ABSOLUTE
    ../clib/microlib/printf/printf.c         0x00000000   Number         0  printf1.o ABSOLUTE
    ../clib/microlib/printf/printf.c         0x00000000   Number         0  printfb.o ABSOLUTE
    ../clib/microlib/printf/stubs.s          0x00000000   Number         0  stubs.o ABSOLUTE
    ../clib/microlib/string/memcpy.c         0x00000000   Number         0  memcpya.o ABSOLUTE
    ../clib/microlib/string/memcpy.c         0x00000000   Number         0  memcpyb.o ABSOLUTE
    ../clib/microlib/string/memset.c         0x00000000   Number         0  memseta.o ABSOLUTE
    ../clib/microlib/stubs.s                 0x00000000   Number         0  iusefp.o ABSOLUTE
    ../fplib/microlib/fpadd.c                0x00000000   Number         0  dadd.o ABSOLUTE
    ../fplib/microlib/fpdiv.c                0x00000000   Number         0  ddiv.o ABSOLUTE
    ../fplib/microlib/fpepilogue.c           0x00000000   Number         0  depilogue.o ABSOLUTE
    ../fplib/microlib/fpfix.c                0x00000000   Number         0  dfixul.o ABSOLUTE
    ../fplib/microlib/fpmul.c                0x00000000   Number         0  dmul.o ABSOLUTE
    ..\..\..\Library\Device\Nuvoton\M480\Source\ARM\startup_M480.s 0x00000000   Number         0  startup_m480.o ABSOLUTE
    ..\..\..\Library\Device\Nuvoton\M480\Source\system_M480.c 0x00000000   Number         0  system_m480.o ABSOLUTE
    ..\..\..\Library\StdDriver\src\clk.c     0x00000000   Number         0  clk.o ABSOLUTE
    ..\..\..\Library\StdDriver\src\gpio.c    0x00000000   Number         0  gpio.o ABSOLUTE
    ..\..\..\Library\StdDriver\src\retarget.c 0x00000000   Number         0  retarget.o ABSOLUTE
    ..\..\..\Library\StdDriver\src\sys.c     0x00000000   Number         0  sys.o ABSOLUTE
    ..\..\..\Library\StdDriver\src\uart.c    0x00000000   Number         0  uart.o ABSOLUTE
    ..\..\..\ThirdParty\FreeRTOS\Demo\Common\Minimal\PollQ.c 0x00000000   Number         0  pollq.o ABSOLUTE
    ..\..\..\ThirdParty\FreeRTOS\Demo\Common\Minimal\QueueSet.c 0x00000000   Number         0  queueset.o ABSOLUTE
    ..\..\..\ThirdParty\FreeRTOS\Demo\Common\Minimal\flash.c 0x00000000   Number         0  flash.o ABSOLUTE
    ..\..\..\ThirdParty\FreeRTOS\Source\list.c 0x00000000   Number         0  list.o ABSOLUTE
    ..\..\..\ThirdParty\FreeRTOS\Source\portable\MemMang\heap_4.c 0x00000000   Number         0  heap_4.o ABSOLUTE
    ..\..\..\ThirdParty\FreeRTOS\Source\portable\RVDS\ARM_CM4F\port.c 0x00000000   Number         0  port.o ABSOLUTE
    ..\..\..\ThirdParty\FreeRTOS\Source\queue.c 0x00000000   Number         0  queue.o ABSOLUTE
    ..\..\..\ThirdParty\FreeRTOS\Source\tasks.c 0x00000000   Number         0  tasks.o ABSOLUTE
    ..\..\..\ThirdParty\FreeRTOS\Source\timers.c 0x00000000   Number         0  timers.o ABSOLUTE
    ..\ParTest.c                             0x00000000   Number         0  partest.o ABSOLUTE
    ..\\..\\..\\Library\\Device\\Nuvoton\\M480\\Source\\system_M480.c 0x00000000   Number         0  system_m480.o ABSOLUTE
    ..\\..\\..\\Library\\StdDriver\\src\\clk.c 0x00000000   Number         0  clk.o ABSOLUTE
    ..\\..\\..\\Library\\StdDriver\\src\\gpio.c 0x00000000   Number         0  gpio.o ABSOLUTE
    ..\\..\\..\\Library\\StdDriver\\src\\retarget.c 0x00000000   Number         0  retarget.o ABSOLUTE
    ..\\..\\..\\Library\\StdDriver\\src\\sys.c 0x00000000   Number         0  sys.o ABSOLUTE
    ..\\..\\..\\Library\\StdDriver\\src\\uart.c 0x00000000   Number         0  uart.o ABSOLUTE
    ..\\..\\..\\ThirdParty\\FreeRTOS\\Demo\\Common\\Minimal\\PollQ.c 0x00000000   Number         0  pollq.o ABSOLUTE
    ..\\..\\..\\ThirdParty\\FreeRTOS\\Demo\\Common\\Minimal\\QueueSet.c 0x00000000   Number         0  queueset.o ABSOLUTE
    ..\\..\\..\\ThirdParty\\FreeRTOS\\Demo\\Common\\Minimal\\flash.c 0x00000000   Number         0  flash.o ABSOLUTE
    ..\\..\\..\\ThirdParty\\FreeRTOS\\Source\\list.c 0x00000000   Number         0  list.o ABSOLUTE
    ..\\..\\..\\ThirdParty\\FreeRTOS\\Source\\portable\\MemMang\\heap_4.c 0x00000000   Number         0  heap_4.o ABSOLUTE
    ..\\..\\..\\ThirdParty\\FreeRTOS\\Source\\portable\\RVDS\\ARM_CM4F\\port.c 0x00000000   Number         0  port.o ABSOLUTE
    ..\\..\\..\\ThirdParty\\FreeRTOS\\Source\\queue.c 0x00000000   Number         0  queue.o ABSOLUTE
    ..\\..\\..\\ThirdParty\\FreeRTOS\\Source\\tasks.c 0x00000000   Number         0  tasks.o ABSOLUTE
    ..\\..\\..\\ThirdParty\\FreeRTOS\\Source\\timers.c 0x00000000   Number         0  timers.o ABSOLUTE
    ..\\ParTest.c                            0x00000000   Number         0  partest.o ABSOLUTE
    ..\\main.c                               0x00000000   Number         0  main.o ABSOLUTE
    ..\main.c                                0x00000000   Number         0  main.o ABSOLUTE
    cdrcmple.s                               0x00000000   Number         0  cdrcmple.o ABSOLUTE
    dc.s                                     0x00000000   Number         0  dc.o ABSOLUTE
    handlers.s                               0x00000000   Number         0  handlers.o ABSOLUTE
    init.s                                   0x00000000   Number         0  init.o ABSOLUTE
    .ARM.Collect$$$$00000000                 0x000001f4   Section        0  entry.o(.ARM.Collect$$$$00000000)
    .ARM.Collect$$$$00000001                 0x000001f4   Section        4  entry2.o(.ARM.Collect$$$$00000001)
    .ARM.Collect$$$$00000004                 0x000001f8   Section        4  entry5.o(.ARM.Collect$$$$00000004)
    .ARM.Collect$$$$00000008                 0x000001fc   Section        0  entry7b.o(.ARM.Collect$$$$00000008)
    .ARM.Collect$$$$0000000A                 0x000001fc   Section        0  entry8b.o(.ARM.Collect$$$$0000000A)
    .ARM.Collect$$$$0000000B                 0x000001fc   Section        8  entry9a.o(.ARM.Collect$$$$0000000B)
    .ARM.Collect$$$$0000000D                 0x00000204   Section        0  entry10a.o(.ARM.Collect$$$$0000000D)
    .ARM.Collect$$$$0000000F                 0x00000204   Section        0  entry11a.o(.ARM.Collect$$$$0000000F)
    .ARM.Collect$$$$00002712                 0x00000204   Section        4  entry2.o(.ARM.Collect$$$$00002712)
    __lit__00000000                          0x00000204   Data           4  entry2.o(.ARM.Collect$$$$00002712)
    .emb_text                                0x00000208   Section      190  port.o(.emb_text)
    $v0                                      0x00000208   Number         0  port.o(.emb_text)
    .emb_text                                0x000002c8   Section       28  retarget.o(.emb_text)
    $v0                                      0x000002c8   Number         0  retarget.o(.emb_text)
    .text                                    0x000002e4   Section        0  system_m480.o(.text)
    .text                                    0x000003a4   Section      104  startup_m480.o(.text)
    $v0                                      0x000003a4   Number         0  startup_m480.o(.text)
    Default_Handler                          0x000003f7   Thumb Code     2  startup_m480.o(.text)
    .text                                    0x0000040c   Section        0  main.o(.text)
    vCheckTask                               0x0000040d   Thumb Code    54  main.o(.text)
    prvSetupHardware                         0x0000049b   Thumb Code   162  main.o(.text)
    .text                                    0x000005ac   Section        0  queueset.o(.text)
    prvCheckReceivedValueWithinExpectedRange 0x000005ad   Thumb Code    54  queueset.o(.text)
    prvCheckReceivedValue                    0x000005e3   Thumb Code   130  queueset.o(.text)
    prvSetupTest                             0x00000665   Thumb Code   182  queueset.o(.text)
    prvQueueSetReceivingTask                 0x0000071b   Thumb Code    88  queueset.o(.text)
    prvQueueSetSendingTask                   0x00000773   Thumb Code   106  queueset.o(.text)
    prvChangeRelativePriorities              0x000008a9   Thumb Code    84  queueset.o(.text)
    prvSendToQueueInSetFromISR               0x000008fd   Thumb Code    62  queueset.o(.text)
    .text                                    0x00000960   Section        0  pollq.o(.text)
    vPolledQueueProducer                     0x00000961   Thumb Code    76  pollq.o(.text)
    vPolledQueueConsumer                     0x000009ad   Thumb Code    78  pollq.o(.text)
    .text                                    0x00000a84   Section        0  flash.o(.text)
    vLEDFlashTask                            0x00000a85   Thumb Code    68  flash.o(.text)
    .text                                    0x00000af8   Section        0  partest.o(.text)
    .text                                    0x00000b14   Section        0  port.o(.text)
    prvTaskExitError                         0x00000b15   Thumb Code    36  port.o(.text)
    .text                                    0x00000d68   Section        0  list.o(.text)
    .text                                    0x00000df4   Section        0  queue.o(.text)
    prvCopyDataToQueue                       0x00000ecf   Thumb Code   106  queue.o(.text)
    prvNotifyQueueSetContainer               0x00000f39   Thumb Code   108  queue.o(.text)
    prvUnlockQueue                           0x00000fa5   Thumb Code   120  queue.o(.text)
    prvCopyDataFromQueue                     0x00001559   Thumb Code    38  queue.o(.text)
    prvIsQueueEmpty                          0x00001ad9   Thumb Code    26  queue.o(.text)
    .text                                    0x00001afc   Section        0  tasks.o(.text)
    prvAddNewTaskToReadyList                 0x00001afd   Thumb Code   196  tasks.o(.text)
    prvAddCurrentTaskToDelayedList           0x00001e35   Thumb Code   102  tasks.o(.text)
    prvTaskIsTaskSuspended                   0x000021cf   Thumb Code    48  tasks.o(.text)
    prvIdleTask                              0x000022f1   Thumb Code   100  tasks.o(.text)
    prvListTasksWithinSingleList             0x00002483   Thumb Code    84  tasks.o(.text)
    prvInitialiseNewTask                     0x00002d33   Thumb Code   154  tasks.o(.text)
    prvResetNextTaskUnblockTime              0x00002dcd   Thumb Code    26  tasks.o(.text)
    prvDeleteTCB                             0x00002de7   Thumb Code    20  tasks.o(.text)
    .text                                    0x00002e08   Section        0  timers.o(.text)
    prvInsertTimerInActiveList               0x00002e09   Thumb Code    52  timers.o(.text)
    prvProcessReceivedCommands               0x00002e95   Thumb Code   178  timers.o(.text)
    prvTimerTask                             0x00002f47   Thumb Code    34  timers.o(.text)
    prvCheckForValidListAndQueue             0x00002f69   Thumb Code    62  timers.o(.text)
    prvSampleTimeNow                         0x00003107   Thumb Code    36  timers.o(.text)
    prvProcessTimerOrBlockTask               0x0000312b   Thumb Code   172  timers.o(.text)
    prvSwitchTimerLists                      0x000031d7   Thumb Code   136  timers.o(.text)
    .text                                    0x00003260   Section        0  heap_4.o(.text)
    prvInsertBlockIntoFreeList               0x00003261   Thumb Code    72  heap_4.o(.text)
    prvHeapInit                              0x000033ed   Thumb Code    66  heap_4.o(.text)
    .text                                    0x00003438   Section        0  retarget.o(.text)
    __tagsym$$used                           0x00003439   Number         0  retarget.o(.text)
    stackDump                                0x00003481   Thumb Code    72  retarget.o(.text)
    SendChar                                 0x000034c9   Thumb Code    26  retarget.o(.text)
    .text                                    0x00003560   Section        0  uart.o(.text)
    .text                                    0x00003984   Section        0  clk.o(.text)
    .text                                    0x00004090   Section        0  gpio.o(.text)
    .text                                    0x00004154   Section        0  memcpya.o(.text)
    .text                                    0x00004178   Section        0  memseta.o(.text)
    .text                                    0x0000419c   Section        0  uldiv.o(.text)
    .text                                    0x00004200   Section       36  init.o(.text)
    .text                                    0x00004224   Section        0  llshl.o(.text)
    .text                                    0x00004242   Section        0  llushr.o(.text)
    i.__0printf$5                            0x00004264   Section        0  printf5.o(i.__0printf$5)
    i.__scatterload_copy                     0x00004284   Section       14  handlers.o(i.__scatterload_copy)
    i.__scatterload_null                     0x00004292   Section        2  handlers.o(i.__scatterload_null)
    i.__scatterload_zeroinit                 0x00004294   Section       14  handlers.o(i.__scatterload_zeroinit)
    i._printf_core                           0x000042a4   Section        0  printf5.o(i._printf_core)
    _printf_core                             0x000042a5   Thumb Code   658  printf5.o(i._printf_core)
    .constdata                               0x00004564   Section       48  uart.o(.constdata)
    .constdata                               0x00004594   Section       32  clk.o(.constdata)
    .data                                    0x20000000   Section       44  system_m480.o(.data)
    .data                                    0x2000002c   Section       64  queueset.o(.data)
    ePriorities                              0x2000002c   Data           1  queueset.o(.data)
    ulCycleCounter                           0x20000030   Data           4  queueset.o(.data)
    xQueueSetTasksStatus                     0x20000034   Data           4  queueset.o(.data)
    xSetupComplete                           0x20000038   Data           4  queueset.o(.data)
    ulISRTxValue                             0x2000003c   Data           4  queueset.o(.data)
    uxNextRand                               0x20000040   Data           4  queueset.o(.data)
    ulLastCycleCounter                       0x20000044   Data           4  queueset.o(.data)
    ulLastISRTxValue                         0x20000048   Data           4  queueset.o(.data)
    ulLoops                                  0x2000004c   Data           4  queueset.o(.data)
    ulCallCount                              0x20000050   Data           4  queueset.o(.data)
    ulExpectedReceivedFromTask               0x20000054   Data           4  queueset.o(.data)
    ulExpectedReceivedFromISR                0x20000058   Data           4  queueset.o(.data)
    xQueueToWriteTo                          0x2000005c   Data           4  queueset.o(.data)
    xQueueSet                                0x20000060   Data           4  queueset.o(.data)
    .data                                    0x2000006c   Section       12  pollq.o(.data)
    xPollingConsumerCount                    0x2000006c   Data           4  pollq.o(.data)
    xPollingProducerCount                    0x20000070   Data           4  pollq.o(.data)
    xPolledQueue                             0x20000074   Data           4  pollq.o(.data)
    .data                                    0x20000078   Section        4  flash.o(.data)
    uxFlashTaskNumber                        0x20000078   Data           4  flash.o(.data)
    .data                                    0x2000007c   Section        2  partest.o(.data)
    i                                        0x2000007c   Data           2  partest.o(.data)
    .data                                    0x20000080   Section       12  port.o(.data)
    ucMaxSysCallPriority                     0x20000080   Data           1  port.o(.data)
    uxCriticalNesting                        0x20000084   Data           4  port.o(.data)
    ulMaxPRIGROUPValue                       0x20000088   Data           4  port.o(.data)
    .data                                    0x2000008c   Section       60  tasks.o(.data)
    uxDeletedTasksWaitingCleanUp             0x20000090   Data           4  tasks.o(.data)
    uxCurrentNumberOfTasks                   0x20000094   Data           4  tasks.o(.data)
    xTickCount                               0x20000098   Data           4  tasks.o(.data)
    uxTopReadyPriority                       0x2000009c   Data           4  tasks.o(.data)
    xSchedulerRunning                        0x200000a0   Data           4  tasks.o(.data)
    uxPendedTicks                            0x200000a4   Data           4  tasks.o(.data)
    xYieldPending                            0x200000a8   Data           4  tasks.o(.data)
    xNumOfOverflows                          0x200000ac   Data           4  tasks.o(.data)
    uxTaskNumber                             0x200000b0   Data           4  tasks.o(.data)
    xNextTaskUnblockTime                     0x200000b4   Data           4  tasks.o(.data)
    xIdleTaskHandle                          0x200000b8   Data           4  tasks.o(.data)
    uxSchedulerSuspended                     0x200000bc   Data           4  tasks.o(.data)
    pxDelayedTaskList                        0x200000c0   Data           4  tasks.o(.data)
    pxOverflowDelayedTaskList                0x200000c4   Data           4  tasks.o(.data)
    .data                                    0x200000c8   Section       20  timers.o(.data)
    xTimerQueue                              0x200000c8   Data           4  timers.o(.data)
    xTimerTaskHandle                         0x200000cc   Data           4  timers.o(.data)
    xLastTime                                0x200000d0   Data           4  timers.o(.data)
    pxCurrentTimerList                       0x200000d4   Data           4  timers.o(.data)
    pxOverflowTimerList                      0x200000d8   Data           4  timers.o(.data)
    .data                                    0x200000dc   Section       24  heap_4.o(.data)
    pxEnd                                    0x200000dc   Data           4  heap_4.o(.data)
    xFreeBytesRemaining                      0x200000e0   Data           4  heap_4.o(.data)
    xMinimumEverFreeBytesRemaining           0x200000e4   Data           4  heap_4.o(.data)
    xBlockAllocatedBit                       0x200000e8   Data           4  heap_4.o(.data)
    xStart                                   0x200000ec   Data           8  heap_4.o(.data)
    .data                                    0x200000f4   Section        4  retarget.o(.data)
    .bss                                     0x200000f8   Section       36  queueset.o(.bss)
    xQueues                                  0x200000f8   Data          12  queueset.o(.bss)
    ulQueueUsedCounter                       0x20000104   Data          12  queueset.o(.bss)
    ulLastQueueUsedCounter                   0x20000110   Data          12  queueset.o(.bss)
    .bss                                     0x2000011c   Section       64  queue.o(.bss)
    .bss                                     0x2000015c   Section      200  tasks.o(.bss)
    pxReadyTasksLists                        0x2000015c   Data         100  tasks.o(.bss)
    xDelayedTaskList1                        0x200001c0   Data          20  tasks.o(.bss)
    xDelayedTaskList2                        0x200001d4   Data          20  tasks.o(.bss)
    xPendingReadyList                        0x200001e8   Data          20  tasks.o(.bss)
    xTasksWaitingTermination                 0x200001fc   Data          20  tasks.o(.bss)
    xSuspendedTaskList                       0x20000210   Data          20  tasks.o(.bss)
    .bss                                     0x20000224   Section       40  timers.o(.bss)
    xActiveTimerList1                        0x20000224   Data          20  timers.o(.bss)
    xActiveTimerList2                        0x20000238   Data          20  timers.o(.bss)
    .bss                                     0x2000024c   Section     8192  heap_4.o(.bss)
    ucHeap                                   0x2000024c   Data        8192  heap_4.o(.bss)
    STACK                                    0x20002250   Section     2048  startup_m480.o(STACK)

    Global Symbols

    Symbol Name                              Value     Ov Type        Size  Object(Section)

    BuildAttributes$$THM_ISAv4$E$P$D$K$B$S$7EM$VFPi3$EXTD16$VFPS$VFMA$PE$A:L22UL41UL21$X:L11$S22US41US21$IEEE1$IW$USESV6$~STKCKD$USESV7$~SHL$OSPACE$ROPI$EBA8$MICROLIB$REQ8$PRES8$EABIv2 0x00000000   Number         0  anon$$obj.o ABSOLUTE
    __ARM_use_no_argv                        0x00000000   Number         0  main.o ABSOLUTE
    __Vectors                                0x00000000   Data           4  startup_m480.o(RESET)
    _printf_a                                0x00000000   Number         0  stubs.o ABSOLUTE
    _printf_c                                0x00000000   Number         0  stubs.o ABSOLUTE
    _printf_charcount                        0x00000000   Number         0  stubs.o ABSOLUTE
    _printf_d                                0x00000000   Number         0  stubs.o ABSOLUTE
    _printf_e                                0x00000000   Number         0  stubs.o ABSOLUTE
    _printf_f                                0x00000000   Number         0  stubs.o ABSOLUTE
    _printf_flags                            0x00000000   Number         0  stubs.o ABSOLUTE
    _printf_fp_dec                           0x00000000   Number         0  stubs.o ABSOLUTE
    _printf_fp_hex                           0x00000000   Number         0  stubs.o ABSOLUTE
    _printf_g                                0x00000000   Number         0  stubs.o ABSOLUTE
    _printf_i                                0x00000000   Number         0  stubs.o ABSOLUTE
    _printf_int_dec                          0x00000000   Number         0  stubs.o ABSOLUTE
    _printf_l                                0x00000000   Number         0  stubs.o ABSOLUTE
    _printf_lc                               0x00000000   Number         0  stubs.o ABSOLUTE
    _printf_ll                               0x00000000   Number         0  stubs.o ABSOLUTE
    _printf_lld                              0x00000000   Number         0  stubs.o ABSOLUTE
    _printf_lli                              0x00000000   Number         0  stubs.o ABSOLUTE
    _printf_llo                              0x00000000   Number         0  stubs.o ABSOLUTE
    _printf_llu                              0x00000000   Number         0  stubs.o ABSOLUTE
    _printf_llx                              0x00000000   Number         0  stubs.o ABSOLUTE
    _printf_longlong_dec                     0x00000000   Number         0  stubs.o ABSOLUTE
    _printf_longlong_hex                     0x00000000   Number         0  stubs.o ABSOLUTE
    _printf_longlong_oct                     0x00000000   Number         0  stubs.o ABSOLUTE
    _printf_ls                               0x00000000   Number         0  stubs.o ABSOLUTE
    _printf_mbtowc                           0x00000000   Number         0  stubs.o ABSOLUTE
    _printf_n                                0x00000000   Number         0  stubs.o ABSOLUTE
    _printf_o                                0x00000000   Number         0  stubs.o ABSOLUTE
    _printf_p                                0x00000000   Number         0  stubs.o ABSOLUTE
    _printf_percent                          0x00000000   Number         0  stubs.o ABSOLUTE
    _printf_pre_padding                      0x00000000   Number         0  stubs.o ABSOLUTE
    _printf_return_value                     0x00000000   Number         0  stubs.o ABSOLUTE
    _printf_s                                0x00000000   Number         0  stubs.o ABSOLUTE
    _printf_sizespec                         0x00000000   Number         0  stubs.o ABSOLUTE
    _printf_str                              0x00000000   Number         0  stubs.o ABSOLUTE
    _printf_truncate_signed                  0x00000000   Number         0  stubs.o ABSOLUTE
    _printf_truncate_unsigned                0x00000000   Number         0  stubs.o ABSOLUTE
    _printf_u                                0x00000000   Number         0  stubs.o ABSOLUTE
    _printf_wc                               0x00000000   Number         0  stubs.o ABSOLUTE
    _printf_wctomb                           0x00000000   Number         0  stubs.o ABSOLUTE
    _printf_widthprec                        0x00000000   Number         0  stubs.o ABSOLUTE
    _printf_x                                0x00000000   Number         0  stubs.o ABSOLUTE
    __cpp_initialize__aeabi_                  - Undefined Weak Reference
    __cxa_finalize                            - Undefined Weak Reference
    __decompress                              - Undefined Weak Reference
    _clock_init                               - Undefined Weak Reference
    _microlib_exit                            - Undefined Weak Reference
    __Vectors_End                            0x000001f4   Data           0  startup_m480.o(RESET)
    __Vectors_Size                           0x000001f4   Number         0  startup_m480.o ABSOLUTE
    __main                                   0x000001f5   Thumb Code     0  entry.o(.ARM.Collect$$$$00000000)
    _main_stk                                0x000001f5   Thumb Code     0  entry2.o(.ARM.Collect$$$$00000001)
    _main_scatterload                        0x000001f9   Thumb Code     0  entry5.o(.ARM.Collect$$$$00000004)
    __main_after_scatterload                 0x000001fd   Thumb Code     0  entry5.o(.ARM.Collect$$$$00000004)
    _main_clock                              0x000001fd   Thumb Code     0  entry7b.o(.ARM.Collect$$$$00000008)
    _main_cpp_init                           0x000001fd   Thumb Code     0  entry8b.o(.ARM.Collect$$$$0000000A)
    _main_init                               0x000001fd   Thumb Code     0  entry9a.o(.ARM.Collect$$$$0000000B)
    __rt_final_cpp                           0x00000205   Thumb Code     0  entry10a.o(.ARM.Collect$$$$0000000D)
    __rt_final_exit                          0x00000205   Thumb Code     0  entry11a.o(.ARM.Collect$$$$0000000F)
    SVC_Handler                              0x00000209   Thumb Code    28  port.o(.emb_text)
    __asm___6_port_c_39a90d8d__prvStartFirstTask 0x00000229   Thumb Code    36  port.o(.emb_text)
    __asm___6_port_c_39a90d8d__prvEnableVFP  0x00000251   Thumb Code    16  port.o(.emb_text)
    PendSV_Handler                           0x00000265   Thumb Code    88  port.o(.emb_text)
    vPortGetIPSR                             0x000002c1   Thumb Code     6  port.o(.emb_text)
    HardFault_Handler                        0x000002c9   Thumb Code    24  retarget.o(.emb_text)
    SystemCoreClockUpdate                    0x000002e5   Thumb Code    64  system_m480.o(.text)
    SystemInit                               0x00000325   Thumb Code   108  system_m480.o(.text)
    Reset_Handler                            0x000003a5   Thumb Code    64  startup_m480.o(.text)
    NMI_Handler                              0x000003e5   Thumb Code     2  startup_m480.o(.text)
    MemManage_Handler                        0x000003e9   Thumb Code     2  startup_m480.o(.text)
    BusFault_Handler                         0x000003eb   Thumb Code     2  startup_m480.o(.text)
    UsageFault_Handler                       0x000003ed   Thumb Code     2  startup_m480.o(.text)
    DebugMon_Handler                         0x000003f1   Thumb Code     2  startup_m480.o(.text)
    ACMP01_IRQHandler                        0x000003f7   Thumb Code     0  startup_m480.o(.text)
    BOD_IRQHandler                           0x000003f7   Thumb Code     0  startup_m480.o(.text)
    BPWM0_IRQHandler                         0x000003f7   Thumb Code     0  startup_m480.o(.text)
    BPWM1_IRQHandler                         0x000003f7   Thumb Code     0  startup_m480.o(.text)
    BRAKE0_IRQHandler                        0x000003f7   Thumb Code     0  startup_m480.o(.text)
    BRAKE1_IRQHandler                        0x000003f7   Thumb Code     0  startup_m480.o(.text)
    CAN0_IRQHandler                          0x000003f7   Thumb Code     0  startup_m480.o(.text)
    CAN1_IRQHandler                          0x000003f7   Thumb Code     0  startup_m480.o(.text)
    CAN2_IRQHandler                          0x000003f7   Thumb Code     0  startup_m480.o(.text)
    CCAP_IRQHandler                          0x000003f7   Thumb Code     0  startup_m480.o(.text)
    CKFAIL_IRQHandler                        0x000003f7   Thumb Code     0  startup_m480.o(.text)
    CRYPTO_IRQHandler                        0x000003f7   Thumb Code     0  startup_m480.o(.text)
    DAC_IRQHandler                           0x000003f7   Thumb Code     0  startup_m480.o(.text)
    EADC00_IRQHandler                        0x000003f7   Thumb Code     0  startup_m480.o(.text)
    EADC01_IRQHandler                        0x000003f7   Thumb Code     0  startup_m480.o(.text)
    EADC02_IRQHandler                        0x000003f7   Thumb Code     0  startup_m480.o(.text)
    EADC03_IRQHandler                        0x000003f7   Thumb Code     0  startup_m480.o(.text)
    EADC10_IRQHandler                        0x000003f7   Thumb Code     0  startup_m480.o(.text)
    EADC11_IRQHandler                        0x000003f7   Thumb Code     0  startup_m480.o(.text)
    EADC12_IRQHandler                        0x000003f7   Thumb Code     0  startup_m480.o(.text)
    EADC13_IRQHandler                        0x000003f7   Thumb Code     0  startup_m480.o(.text)
    ECAP0_IRQHandler                         0x000003f7   Thumb Code     0  startup_m480.o(.text)
    ECAP1_IRQHandler                         0x000003f7   Thumb Code     0  startup_m480.o(.text)
    EHCI_IRQHandler                          0x000003f7   Thumb Code     0  startup_m480.o(.text)
    EINT0_IRQHandler                         0x000003f7   Thumb Code     0  startup_m480.o(.text)
    EINT1_IRQHandler                         0x000003f7   Thumb Code     0  startup_m480.o(.text)
    EINT2_IRQHandler                         0x000003f7   Thumb Code     0  startup_m480.o(.text)
    EINT3_IRQHandler                         0x000003f7   Thumb Code     0  startup_m480.o(.text)
    EINT4_IRQHandler                         0x000003f7   Thumb Code     0  startup_m480.o(.text)
    EINT5_IRQHandler                         0x000003f7   Thumb Code     0  startup_m480.o(.text)
    EINT6_IRQHandler                         0x000003f7   Thumb Code     0  startup_m480.o(.text)
    EINT7_IRQHandler                         0x000003f7   Thumb Code     0  startup_m480.o(.text)
    EMAC_RX_IRQHandler                       0x000003f7   Thumb Code     0  startup_m480.o(.text)
    EMAC_TX_IRQHandler                       0x000003f7   Thumb Code     0  startup_m480.o(.text)
    EPWM0P0_IRQHandler                       0x000003f7   Thumb Code     0  startup_m480.o(.text)
    EPWM0P1_IRQHandler                       0x000003f7   Thumb Code     0  startup_m480.o(.text)
    EPWM0P2_IRQHandler                       0x000003f7   Thumb Code     0  startup_m480.o(.text)
    EPWM1P0_IRQHandler                       0x000003f7   Thumb Code     0  startup_m480.o(.text)
    EPWM1P1_IRQHandler                       0x000003f7   Thumb Code     0  startup_m480.o(.text)
    EPWM1P2_IRQHandler                       0x000003f7   Thumb Code     0  startup_m480.o(.text)
    GPA_IRQHandler                           0x000003f7   Thumb Code     0  startup_m480.o(.text)
    GPB_IRQHandler                           0x000003f7   Thumb Code     0  startup_m480.o(.text)
    GPC_IRQHandler                           0x000003f7   Thumb Code     0  startup_m480.o(.text)
    GPD_IRQHandler                           0x000003f7   Thumb Code     0  startup_m480.o(.text)
    GPE_IRQHandler                           0x000003f7   Thumb Code     0  startup_m480.o(.text)
    GPF_IRQHandler                           0x000003f7   Thumb Code     0  startup_m480.o(.text)
    GPG_IRQHandler                           0x000003f7   Thumb Code     0  startup_m480.o(.text)
    GPH_IRQHandler                           0x000003f7   Thumb Code     0  startup_m480.o(.text)
    I2C0_IRQHandler                          0x000003f7   Thumb Code     0  startup_m480.o(.text)
    I2C1_IRQHandler                          0x000003f7   Thumb Code     0  startup_m480.o(.text)
    I2C2_IRQHandler                          0x000003f7   Thumb Code     0  startup_m480.o(.text)
    I2S0_IRQHandler                          0x000003f7   Thumb Code     0  startup_m480.o(.text)
    IRC_IRQHandler                           0x000003f7   Thumb Code     0  startup_m480.o(.text)
    OHCI_IRQHandler                          0x000003f7   Thumb Code     0  startup_m480.o(.text)
    OPA0_IRQHandler                          0x000003f7   Thumb Code     0  startup_m480.o(.text)
    PDMA_IRQHandler                          0x000003f7   Thumb Code     0  startup_m480.o(.text)
    PWRWU_IRQHandler                         0x000003f7   Thumb Code     0  startup_m480.o(.text)
    QEI0_IRQHandler                          0x000003f7   Thumb Code     0  startup_m480.o(.text)
    QEI1_IRQHandler                          0x000003f7   Thumb Code     0  startup_m480.o(.text)
    QSPI0_IRQHandler                         0x000003f7   Thumb Code     0  startup_m480.o(.text)
    QSPI1_IRQHandler                         0x000003f7   Thumb Code     0  startup_m480.o(.text)
    RAMPE_IRQHandler                         0x000003f7   Thumb Code     0  startup_m480.o(.text)
    RTC_IRQHandler                           0x000003f7   Thumb Code     0  startup_m480.o(.text)
    SC0_IRQHandler                           0x000003f7   Thumb Code     0  startup_m480.o(.text)
    SC1_IRQHandler                           0x000003f7   Thumb Code     0  startup_m480.o(.text)
    SC2_IRQHandler                           0x000003f7   Thumb Code     0  startup_m480.o(.text)
    SDH0_IRQHandler                          0x000003f7   Thumb Code     0  startup_m480.o(.text)
    SDH1_IRQHandler                          0x000003f7   Thumb Code     0  startup_m480.o(.text)
    SPI0_IRQHandler                          0x000003f7   Thumb Code     0  startup_m480.o(.text)
    SPI1_IRQHandler                          0x000003f7   Thumb Code     0  startup_m480.o(.text)
    SPI2_IRQHandler                          0x000003f7   Thumb Code     0  startup_m480.o(.text)
    SPI3_IRQHandler                          0x000003f7   Thumb Code     0  startup_m480.o(.text)
    SPIM_IRQHandler                          0x000003f7   Thumb Code     0  startup_m480.o(.text)
    TAMPER_IRQHandler                        0x000003f7   Thumb Code     0  startup_m480.o(.text)
    TMR0_IRQHandler                          0x000003f7   Thumb Code     0  startup_m480.o(.text)
    TMR1_IRQHandler                          0x000003f7   Thumb Code     0  startup_m480.o(.text)
    TMR2_IRQHandler                          0x000003f7   Thumb Code     0  startup_m480.o(.text)
    TMR3_IRQHandler                          0x000003f7   Thumb Code     0  startup_m480.o(.text)
    TRNG_IRQHandler                          0x000003f7   Thumb Code     0  startup_m480.o(.text)
    UART0_IRQHandler                         0x000003f7   Thumb Code     0  startup_m480.o(.text)
    UART1_IRQHandler                         0x000003f7   Thumb Code     0  startup_m480.o(.text)
    UART2_IRQHandler                         0x000003f7   Thumb Code     0  startup_m480.o(.text)
    UART3_IRQHandler                         0x000003f7   Thumb Code     0  startup_m480.o(.text)
    UART4_IRQHandler                         0x000003f7   Thumb Code     0  startup_m480.o(.text)
    UART5_IRQHandler                         0x000003f7   Thumb Code     0  startup_m480.o(.text)
    UART6_IRQHandler                         0x000003f7   Thumb Code     0  startup_m480.o(.text)
    UART7_IRQHandler                         0x000003f7   Thumb Code     0  startup_m480.o(.text)
    USBD20_IRQHandler                        0x000003f7   Thumb Code     0  startup_m480.o(.text)
    USBD_IRQHandler                          0x000003f7   Thumb Code     0  startup_m480.o(.text)
    USBOTG20_IRQHandler                      0x000003f7   Thumb Code     0  startup_m480.o(.text)
    USBOTG_IRQHandler                        0x000003f7   Thumb Code     0  startup_m480.o(.text)
    USCI0_IRQHandler                         0x000003f7   Thumb Code     0  startup_m480.o(.text)
    USCI1_IRQHandler                         0x000003f7   Thumb Code     0  startup_m480.o(.text)
    WDT_IRQHandler                           0x000003f7   Thumb Code     0  startup_m480.o(.text)
    WWDT_IRQHandler                          0x000003f7   Thumb Code     0  startup_m480.o(.text)
    main                                     0x00000443   Thumb Code    50  main.o(.text)
    vApplicationMallocFailedHook             0x00000475   Thumb Code    16  main.o(.text)
    vApplicationIdleHook                     0x00000485   Thumb Code     2  main.o(.text)
    vApplicationStackOverflowHook            0x00000487   Thumb Code    16  main.o(.text)
    vApplicationTickHook                     0x00000497   Thumb Code     4  main.o(.text)
    vStartQueueSetTasks                      0x000007dd   Thumb Code    62  queueset.o(.text)
    xAreQueueSetTasksStillRunning            0x0000081b   Thumb Code    80  queueset.o(.text)
    vQueueSetAccessQueueSetFromISR           0x0000086b   Thumb Code    62  queueset.o(.text)
    vStartPolledQueueTasks                   0x000009fb   Thumb Code    68  pollq.o(.text)
    xArePollingQueuesStillRunning            0x00000a3f   Thumb Code    24  pollq.o(.text)
    vStartLEDFlashTasks                      0x00000ac9   Thumb Code    32  flash.o(.text)
    vParTestToggleLED                        0x00000af9   Thumb Code    22  partest.o(.text)
    pxPortInitialiseStack                    0x00000b39   Thumb Code    40  port.o(.text)
    vPortSetupTimerInterrupt                 0x00000b61   Thumb Code    32  port.o(.text)
    xPortStartScheduler                      0x00000b81   Thumb Code   224  port.o(.text)
    vPortEndScheduler                        0x00000c61   Thumb Code    28  port.o(.text)
    vPortEnterCritical                       0x00000c7d   Thumb Code    56  port.o(.text)
    vPortExitCritical                        0x00000cb5   Thumb Code    34  port.o(.text)
    SysTick_Handler                          0x00000cd7   Thumb Code    40  port.o(.text)
    vPortValidateInterruptPriority           0x00000cff   Thumb Code    76  port.o(.text)
    vListInitialise                          0x00000d69   Thumb Code    22  list.o(.text)
    vListInitialiseItem                      0x00000d7f   Thumb Code     6  list.o(.text)
    vListInsertEnd                           0x00000d85   Thumb Code    24  list.o(.text)
    vListInsert                              0x00000d9d   Thumb Code    48  list.o(.text)
    uxListRemove                             0x00000dcd   Thumb Code    38  list.o(.text)
    xQueueGenericReset                       0x00000df5   Thumb Code   132  queue.o(.text)
    xQueueGenericCreate                      0x00000e79   Thumb Code    86  queue.o(.text)
    xQueueGenericSend                        0x0000101d   Thumb Code   368  queue.o(.text)
    xQueueCreateMutex                        0x0000118d   Thumb Code    36  queue.o(.text)
    xQueueGiveMutexRecursive                 0x000011b1   Thumb Code    62  queue.o(.text)
    xQueueSemaphoreTake                      0x000011ef   Thumb Code   378  queue.o(.text)
    xQueueTakeMutexRecursive                 0x00001369   Thumb Code    64  queue.o(.text)
    xQueueCreateCountingSemaphore            0x000013a9   Thumb Code    58  queue.o(.text)
    xQueueGenericSendFromISR                 0x000013e3   Thumb Code   202  queue.o(.text)
    xQueueGiveFromISR                        0x000014ad   Thumb Code   172  queue.o(.text)
    xQueueReceive                            0x0000157f   Thumb Code   306  queue.o(.text)
    xQueuePeek                               0x000016b1   Thumb Code   304  queue.o(.text)
    xQueueReceiveFromISR                     0x000017e1   Thumb Code   152  queue.o(.text)
    xQueuePeekFromISR                        0x00001879   Thumb Code   114  queue.o(.text)
    uxQueueMessagesWaiting                   0x000018eb   Thumb Code    36  queue.o(.text)
    uxQueueSpacesAvailable                   0x0000190f   Thumb Code    40  queue.o(.text)
    uxQueueMessagesWaitingFromISR            0x00001937   Thumb Code    22  queue.o(.text)
    vQueueUnregisterQueue                    0x0000194d   Thumb Code    36  queue.o(.text)
    vQueueDelete                             0x00001971   Thumb Code    36  queue.o(.text)
    uxQueueGetQueueNumber                    0x00001995   Thumb Code     4  queue.o(.text)
    vQueueSetQueueNumber                     0x00001999   Thumb Code     4  queue.o(.text)
    ucQueueGetQueueType                      0x0000199d   Thumb Code     6  queue.o(.text)
    xQueueIsQueueEmptyFromISR                0x000019a3   Thumb Code    30  queue.o(.text)
    xQueueIsQueueFullFromISR                 0x000019c1   Thumb Code    34  queue.o(.text)
    vQueueAddToRegistry                      0x000019e3   Thumb Code    32  queue.o(.text)
    pcQueueGetName                           0x00001a03   Thumb Code    34  queue.o(.text)
    vQueueWaitForMessageRestricted           0x00001a25   Thumb Code    68  queue.o(.text)
    xQueueCreateSet                          0x00001a69   Thumb Code     8  queue.o(.text)
    xQueueAddToSet                           0x00001a71   Thumb Code    34  queue.o(.text)
    xQueueRemoveFromSet                      0x00001a93   Thumb Code    34  queue.o(.text)
    xQueueSelectFromSet                      0x00001ab5   Thumb Code    18  queue.o(.text)
    xQueueSelectFromSetFromISR               0x00001ac7   Thumb Code    18  queue.o(.text)
    xTaskCreate                              0x00001bc1   Thumb Code    86  tasks.o(.text)
    vTaskDelete                              0x00001c17   Thumb Code   158  tasks.o(.text)
    xTaskIncrementTick                       0x00001cb5   Thumb Code   200  tasks.o(.text)
    xTaskResumeAll                           0x00001d7d   Thumb Code   184  tasks.o(.text)
    vTaskSuspendAll                          0x00001e9b   Thumb Code    10  tasks.o(.text)
    vTaskDelayUntil                          0x00001ea5   Thumb Code   148  tasks.o(.text)
    vTaskDelay                               0x00001f39   Thumb Code    66  tasks.o(.text)
    eTaskGetState                            0x00001f7b   Thumb Code    94  tasks.o(.text)
    uxTaskPriorityGet                        0x00001fd9   Thumb Code    24  tasks.o(.text)
    uxTaskPriorityGetFromISR                 0x00001ff1   Thumb Code    40  tasks.o(.text)
    vTaskPrioritySet                         0x00002019   Thumb Code   184  tasks.o(.text)
    vTaskSwitchContext                       0x000020d1   Thumb Code    84  tasks.o(.text)
    vTaskSuspend                             0x00002125   Thumb Code   170  tasks.o(.text)
    vTaskResume                              0x000021ff   Thumb Code   114  tasks.o(.text)
    xTaskResumeFromISR                       0x00002271   Thumb Code   128  tasks.o(.text)
    vTaskStartScheduler                      0x00002355   Thumb Code    94  tasks.o(.text)
    vTaskEndScheduler                        0x000023b3   Thumb Code    26  tasks.o(.text)
    xTaskGetTickCount                        0x000023cd   Thumb Code     8  tasks.o(.text)
    xTaskGetTickCountFromISR                 0x000023d5   Thumb Code    14  tasks.o(.text)
    uxTaskGetNumberOfTasks                   0x000023e3   Thumb Code     8  tasks.o(.text)
    pcTaskGetName                            0x000023eb   Thumb Code    30  tasks.o(.text)
    vTaskGetInfo                             0x00002409   Thumb Code   122  tasks.o(.text)
    uxTaskGetSystemState                     0x000024d7   Thumb Code   162  tasks.o(.text)
    vTaskPlaceOnEventList                    0x00002579   Thumb Code    44  tasks.o(.text)
    vTaskPlaceOnUnorderedEventList           0x000025a5   Thumb Code    72  tasks.o(.text)
    vTaskPlaceOnEventListRestricted          0x000025ed   Thumb Code    52  tasks.o(.text)
    xTaskRemoveFromEventList                 0x00002621   Thumb Code   108  tasks.o(.text)
    vTaskRemoveFromUnorderedEventList        0x0000268d   Thumb Code   106  tasks.o(.text)
    vTaskSetTimeOutState                     0x000026f7   Thumb Code    46  tasks.o(.text)
    vTaskInternalSetTimeOutState             0x00002725   Thumb Code    36  tasks.o(.text)
    xTaskCheckForTimeOut                     0x00002749   Thumb Code   110  tasks.o(.text)
    vTaskMissedYield                         0x000027b7   Thumb Code     8  tasks.o(.text)
    uxTaskGetTaskNumber                      0x000027bf   Thumb Code     8  tasks.o(.text)
    vTaskSetTaskNumber                       0x000027c7   Thumb Code     8  tasks.o(.text)
    xTaskGetCurrentTaskHandle                0x000027cf   Thumb Code     6  tasks.o(.text)
    xTaskGetSchedulerState                   0x000027d5   Thumb Code    22  tasks.o(.text)
    xTaskPriorityInherit                     0x000027eb   Thumb Code   140  tasks.o(.text)
    xTaskPriorityDisinherit                  0x00002877   Thumb Code   144  tasks.o(.text)
    vTaskPriorityDisinheritAfterTimeout      0x00002907   Thumb Code   162  tasks.o(.text)
    uxTaskResetEventItemValue                0x000029a9   Thumb Code    20  tasks.o(.text)
    pvTaskIncrementMutexHeldCount            0x000029bd   Thumb Code    18  tasks.o(.text)
    ulTaskNotifyTake                         0x000029cf   Thumb Code    96  tasks.o(.text)
    xTaskNotifyWait                          0x00002a2f   Thumb Code   128  tasks.o(.text)
    xTaskGenericNotify                       0x00002aaf   Thumb Code   200  tasks.o(.text)
    xTaskGenericNotifyFromISR                0x00002b77   Thumb Code   228  tasks.o(.text)
    vTaskNotifyGiveFromISR                   0x00002c5b   Thumb Code   172  tasks.o(.text)
    xTaskNotifyStateClear                    0x00002d07   Thumb Code    44  tasks.o(.text)
    xTimerGenericCommand                     0x00002e3d   Thumb Code    88  timers.o(.text)
    xTimerCreateTimerTask                    0x00002fa7   Thumb Code    56  timers.o(.text)
    xTimerCreate                             0x00002fdf   Thumb Code    78  timers.o(.text)
    xTimerGetTimerDaemonTaskHandle           0x0000302d   Thumb Code    26  timers.o(.text)
    xTimerGetPeriod                          0x00003047   Thumb Code    22  timers.o(.text)
    xTimerGetExpiryTime                      0x0000305d   Thumb Code    22  timers.o(.text)
    pcTimerGetName                           0x00003073   Thumb Code    22  timers.o(.text)
    xTimerIsTimerActive                      0x00003089   Thumb Code    44  timers.o(.text)
    pvTimerGetTimerID                        0x000030b5   Thumb Code    36  timers.o(.text)
    vTimerSetTimerID                         0x000030d9   Thumb Code    38  timers.o(.text)
    uxTimerGetTimerNumber                    0x000030ff   Thumb Code     4  timers.o(.text)
    vTimerSetTimerNumber                     0x00003103   Thumb Code     4  timers.o(.text)
    pvPortMalloc                             0x000032a9   Thumb Code   216  heap_4.o(.text)
    vPortFree                                0x00003381   Thumb Code    90  heap_4.o(.text)
    xPortGetFreeHeapSize                     0x000033db   Thumb Code     8  heap_4.o(.text)
    xPortGetMinimumEverFreeHeapSize          0x000033e3   Thumb Code     8  heap_4.o(.text)
    vPortInitialiseBlocks                    0x000033eb   Thumb Code     2  heap_4.o(.text)
    Hard_Fault_Handler                       0x00003439   Thumb Code    16  retarget.o(.text)
    kbhit                                    0x00003449   Thumb Code    10  retarget.o(.text)
    IsDebugFifoEmpty                         0x00003453   Thumb Code    10  retarget.o(.text)
    _ttywrch                                 0x0000345d   Thumb Code     4  retarget.o(.text)
    fputc                                    0x00003461   Thumb Code    12  retarget.o(.text)
    fgetc                                    0x0000346d   Thumb Code    14  retarget.o(.text)
    ferror                                   0x0000347b   Thumb Code     6  retarget.o(.text)
    UART_ClearIntFlag                        0x00003561   Thumb Code    56  uart.o(.text)
    UART_Close                               0x00003599   Thumb Code     6  uart.o(.text)
    UART_DisableFlowCtrl                     0x0000359f   Thumb Code    10  uart.o(.text)
    UART_DisableInt                          0x000035a9   Thumb Code     8  uart.o(.text)
    UART_EnableFlowCtrl                      0x000035b1   Thumb Code    26  uart.o(.text)
    UART_EnableInt                           0x000035cb   Thumb Code     8  uart.o(.text)
    UART_Open                                0x000035d3   Thumb Code   246  uart.o(.text)
    UART_Read                                0x000036c9   Thumb Code    46  uart.o(.text)
    UART_SetLineConfig                       0x000036f7   Thumb Code   248  uart.o(.text)
    UART_SetTimeoutCnt                       0x000037ef   Thumb Code    20  uart.o(.text)
    UART_SelectIrDAMode                      0x00003803   Thumb Code   250  uart.o(.text)
    UART_SelectRS485Mode                     0x000038fd   Thumb Code    26  uart.o(.text)
    UART_SelectLINMode                       0x00003917   Thumb Code    22  uart.o(.text)
    UART_Write                               0x0000392d   Thumb Code    88  uart.o(.text)
    CLK_DisableModuleClock                   0x00003985   Thumb Code    24  clk.o(.text)
    CLK_DisableCKO                           0x0000399d   Thumb Code     4  clk.o(.text)
    CLK_SetModuleClock                       0x000039a1   Thumb Code   144  clk.o(.text)
    CLK_EnableModuleClock                    0x00003a31   Thumb Code    24  clk.o(.text)
    CLK_EnableCKO                            0x00003a49   Thumb Code    40  clk.o(.text)
    CLK_PowerDown                            0x00003a71   Thumb Code    42  clk.o(.text)
    CLK_Idle                                 0x00003a9b   Thumb Code    28  clk.o(.text)
    CLK_GetHXTFreq                           0x00003ab7   Thumb Code    16  clk.o(.text)
    CLK_GetLXTFreq                           0x00003ac7   Thumb Code    22  clk.o(.text)
    CLK_GetPCLK0Freq                         0x00003add   Thumb Code    96  clk.o(.text)
    CLK_GetPCLK1Freq                         0x00003b3d   Thumb Code    98  clk.o(.text)
    CLK_GetHCLKFreq                          0x00003b9f   Thumb Code    12  clk.o(.text)
    CLK_GetCPUFreq                           0x00003bab   Thumb Code    12  clk.o(.text)
    CLK_WaitClockReady                       0x00003bb7   Thumb Code    38  clk.o(.text)
    CLK_SetHCLK                              0x00003bdd   Thumb Code    98  clk.o(.text)
    CLK_GetPLLClockFreq                      0x00003c3f   Thumb Code    66  clk.o(.text)
    CLK_DisablePLL                           0x00003c81   Thumb Code    18  clk.o(.text)
    CLK_EnablePLL                            0x00003c93   Thumb Code   362  clk.o(.text)
    CLK_SetCoreClock                         0x00003dfd   Thumb Code   128  clk.o(.text)
    CLK_SetSysTickClockSrc                   0x00003e7d   Thumb Code    20  clk.o(.text)
    CLK_EnableXtalRC                         0x00003e91   Thumb Code    16  clk.o(.text)
    CLK_DisableXtalRC                        0x00003ea1   Thumb Code    16  clk.o(.text)
    CLK_EnableSysTick                        0x00003eb1   Thumb Code    56  clk.o(.text)
    CLK_DisableSysTick                       0x00003ee9   Thumb Code    10  clk.o(.text)
    CLK_SetPowerDownMode                     0x00003ef3   Thumb Code   102  clk.o(.text)
    CLK_EnableDPDWKPin                       0x00003f59   Thumb Code    26  clk.o(.text)
    CLK_GetPMUWKSrc                          0x00003f73   Thumb Code    10  clk.o(.text)
    CLK_EnableSPDWKPin                       0x00003f7d   Thumb Code    32  clk.o(.text)
    CLK_GetModuleClockSource                 0x00003f9d   Thumb Code   120  clk.o(.text)
    CLK_GetModuleClockDivider                0x00004015   Thumb Code    86  clk.o(.text)
    GPIO_SetMode                             0x00004091   Thumb Code    44  gpio.o(.text)
    GPIO_EnableInt                           0x000040bd   Thumb Code    40  gpio.o(.text)
    GPIO_DisableInt                          0x000040e5   Thumb Code    24  gpio.o(.text)
    GPIO_SetSlewCtl                          0x000040fd   Thumb Code    44  gpio.o(.text)
    GPIO_SetPullCtl                          0x00004129   Thumb Code    44  gpio.o(.text)
    __aeabi_memcpy                           0x00004155   Thumb Code    36  memcpya.o(.text)
    __aeabi_memcpy4                          0x00004155   Thumb Code     0  memcpya.o(.text)
    __aeabi_memcpy8                          0x00004155   Thumb Code     0  memcpya.o(.text)
    __aeabi_memset                           0x00004179   Thumb Code    14  memseta.o(.text)
    __aeabi_memset4                          0x00004179   Thumb Code     0  memseta.o(.text)
    __aeabi_memset8                          0x00004179   Thumb Code     0  memseta.o(.text)
    __aeabi_memclr                           0x00004187   Thumb Code     4  memseta.o(.text)
    __aeabi_memclr4                          0x00004187   Thumb Code     0  memseta.o(.text)
    __aeabi_memclr8                          0x00004187   Thumb Code     0  memseta.o(.text)
    _memset$wrapper                          0x0000418b   Thumb Code    18  memseta.o(.text)
    __aeabi_uldivmod                         0x0000419d   Thumb Code    98  uldiv.o(.text)
    __scatterload                            0x00004201   Thumb Code    28  init.o(.text)
    __scatterload_rt2                        0x00004201   Thumb Code     0  init.o(.text)
    __aeabi_llsl                             0x00004225   Thumb Code    30  llshl.o(.text)
    _ll_shift_l                              0x00004225   Thumb Code     0  llshl.o(.text)
    __aeabi_llsr                             0x00004243   Thumb Code    32  llushr.o(.text)
    _ll_ushift_r                             0x00004243   Thumb Code     0  llushr.o(.text)
    __0printf$5                              0x00004265   Thumb Code    22  printf5.o(i.__0printf$5)
    __1printf$5                              0x00004265   Thumb Code     0  printf5.o(i.__0printf$5)
    __2printf                                0x00004265   Thumb Code     0  printf5.o(i.__0printf$5)
    __scatterload_copy                       0x00004285   Thumb Code    14  handlers.o(i.__scatterload_copy)
    __scatterload_null                       0x00004293   Thumb Code     2  handlers.o(i.__scatterload_null)
    __scatterload_zeroinit                   0x00004295   Thumb Code    14  handlers.o(i.__scatterload_zeroinit)
    Region$$Table$$Base                      0x000045b4   Number         0  anon$$obj.o(Region$$Table)
    Region$$Table$$Limit                     0x000045d4   Number         0  anon$$obj.o(Region$$Table)
    SystemCoreClock                          0x20000000   Data           4  system_m480.o(.data)
    CyclesPerUs                              0x20000004   Data           4  system_m480.o(.data)
    PllClock                                 0x20000008   Data           4  system_m480.o(.data)
    gau32ClkSrcTbl                           0x2000000c   Data          32  system_m480.o(.data)
    xQueueSetSendingTask                     0x20000064   Data           4  queueset.o(.data)
    xQueueSetReceivingTask                   0x20000068   Data           4  queueset.o(.data)
    pxCurrentTCB                             0x2000008c   Data           4  tasks.o(.data)
    __stdout                                 0x200000f4   Data           4  retarget.o(.data)
    xQueueRegistry                           0x2000011c   Data          64  queue.o(.bss)
    __initial_sp                             0x20002a50   Data           0  startup_m480.o(STACK)



==============================================================================

Memory Map of the image

  Image Entry point : 0x000001f5

  Load Region LR_IROM1 (Base: 0x00000000, Size: 0x000046cc, Max: 0x00080000, ABSOLUTE)

    Execution Region ER_IROM1 (Exec base: 0x00000000, Load base: 0x00000000, Size: 0x000045d4, Max: 0x00080000, ABSOLUTE)

    Exec Addr    Load Addr    Size         Type   Attr      Idx    E Section Name        Object

    0x00000000   0x00000000   0x000001f4   Data   RO          314    RESET               startup_m480.o
    0x000001f4   0x000001f4   0x00000000   Code   RO          918  * .ARM.Collect$$$$00000000  mc_w.l(entry.o)
    0x000001f4   0x000001f4   0x00000004   Code   RO         1188    .ARM.Collect$$$$00000001  mc_w.l(entry2.o)
    0x000001f8   0x000001f8   0x00000004   Code   RO         1191    .ARM.Collect$$$$00000004  mc_w.l(entry5.o)
    0x000001fc   0x000001fc   0x00000000   Code   RO         1193    .ARM.Collect$$$$00000008  mc_w.l(entry7b.o)
    0x000001fc   0x000001fc   0x00000000   Code   RO         1195    .ARM.Collect$$$$0000000A  mc_w.l(entry8b.o)
    0x000001fc   0x000001fc   0x00000008   Code   RO         1196    .ARM.Collect$$$$0000000B  mc_w.l(entry9a.o)
    0x00000204   0x00000204   0x00000000   Code   RO         1198    .ARM.Collect$$$$0000000D  mc_w.l(entry10a.o)
    0x00000204   0x00000204   0x00000000   Code   RO         1200    .ARM.Collect$$$$0000000F  mc_w.l(entry11a.o)
    0x00000204   0x00000204   0x00000004   Code   RO         1189    .ARM.Collect$$$$00002712  mc_w.l(entry2.o)
    0x00000208   0x00000208   0x000000be   Code   RO          590    .emb_text           port.o
    0x000002c6   0x000002c6   0x00000002   PAD
    0x000002c8   0x000002c8   0x0000001c   Code   RO          786    .emb_text           retarget.o
    0x000002e4   0x000002e4   0x000000c0   Code   RO            4    .text               system_m480.o
    0x000003a4   0x000003a4   0x00000068   Code   RO          315    .text               startup_m480.o
    0x0000040c   0x0000040c   0x000001a0   Code   RO          322    .text               main.o
    0x000005ac   0x000005ac   0x000003b4   Code   RO          441    .text               queueset.o
    0x00000960   0x00000960   0x00000124   Code   RO          488    .text               pollq.o
    0x00000a84   0x00000a84   0x00000074   Code   RO          526    .text               flash.o
    0x00000af8   0x00000af8   0x0000001c   Code   RO          552    .text               partest.o
    0x00000b14   0x00000b14   0x00000254   Code   RO          591    .text               port.o
    0x00000d68   0x00000d68   0x0000008a   Code   RO          633    .text               list.o
    0x00000df2   0x00000df2   0x00000002   PAD
    0x00000df4   0x00000df4   0x00000d08   Code   RO          657    .text               queue.o
    0x00001afc   0x00001afc   0x0000130c   Code   RO          700    .text               tasks.o
    0x00002e08   0x00002e08   0x00000456   Code   RO          732    .text               timers.o
    0x0000325e   0x0000325e   0x00000002   PAD
    0x00003260   0x00003260   0x000001d8   Code   RO          759    .text               heap_4.o
    0x00003438   0x00003438   0x00000128   Code   RO          787    .text               retarget.o
    0x00003560   0x00003560   0x00000424   Code   RO          846    .text               uart.o
    0x00003984   0x00003984   0x0000070c   Code   RO          871    .text               clk.o
    0x00004090   0x00004090   0x000000c4   Code   RO          897    .text               gpio.o
    0x00004154   0x00004154   0x00000024   Code   RO          921    .text               mc_w.l(memcpya.o)
    0x00004178   0x00004178   0x00000024   Code   RO          923    .text               mc_w.l(memseta.o)
    0x0000419c   0x0000419c   0x00000062   Code   RO         1204    .text               mc_w.l(uldiv.o)
    0x000041fe   0x000041fe   0x00000002   PAD
    0x00004200   0x00004200   0x00000024   Code   RO         1217    .text               mc_w.l(init.o)
    0x00004224   0x00004224   0x0000001e   Code   RO         1219    .text               mc_w.l(llshl.o)
    0x00004242   0x00004242   0x00000020   Code   RO         1221    .text               mc_w.l(llushr.o)
    0x00004262   0x00004262   0x00000002   PAD
    0x00004264   0x00004264   0x00000020   Code   RO         1060    i.__0printf$5       mc_w.l(printf5.o)
    0x00004284   0x00004284   0x0000000e   Code   RO         1229    i.__scatterload_copy  mc_w.l(handlers.o)
    0x00004292   0x00004292   0x00000002   Code   RO         1230    i.__scatterload_null  mc_w.l(handlers.o)
    0x00004294   0x00004294   0x0000000e   Code   RO         1231    i.__scatterload_zeroinit  mc_w.l(handlers.o)
    0x000042a2   0x000042a2   0x00000002   PAD
    0x000042a4   0x000042a4   0x000002c0   Code   RO         1067    i._printf_core      mc_w.l(printf5.o)
    0x00004564   0x00004564   0x00000030   Data   RO          847    .constdata          uart.o
    0x00004594   0x00004594   0x00000020   Data   RO          872    .constdata          clk.o
    0x000045b4   0x000045b4   0x00000020   Data   RO         1227    Region$$Table       anon$$obj.o


    Execution Region RW_IRAM1 (Exec base: 0x20000000, Load base: 0x000045d4, Size: 0x00002a50, Max: 0x00020000, ABSOLUTE)

    Exec Addr    Load Addr    Size         Type   Attr      Idx    E Section Name        Object

    0x20000000   0x000045d4   0x0000002c   Data   RW            5    .data               system_m480.o
    0x2000002c   0x00004600   0x00000040   Data   RW          443    .data               queueset.o
    0x2000006c   0x00004640   0x0000000c   Data   RW          489    .data               pollq.o
    0x20000078   0x0000464c   0x00000004   Data   RW          527    .data               flash.o
    0x2000007c   0x00004650   0x00000002   Data   RW          553    .data               partest.o
    0x2000007e   0x00004652   0x00000002   PAD
    0x20000080   0x00004654   0x0000000c   Data   RW          592    .data               port.o
    0x2000008c   0x00004660   0x0000003c   Data   RW          702    .data               tasks.o
    0x200000c8   0x0000469c   0x00000014   Data   RW          734    .data               timers.o
    0x200000dc   0x000046b0   0x00000018   Data   RW          761    .data               heap_4.o
    0x200000f4   0x000046c8   0x00000004   Data   RW          788    .data               retarget.o
    0x200000f8        -       0x00000024   Zero   RW          442    .bss                queueset.o
    0x2000011c        -       0x00000040   Zero   RW          658    .bss                queue.o
    0x2000015c        -       0x000000c8   Zero   RW          701    .bss                tasks.o
    0x20000224        -       0x00000028   Zero   RW          733    .bss                timers.o
    0x2000024c        -       0x00002000   Zero   RW          760    .bss                heap_4.o
    0x2000224c   0x000046cc   0x00000004   PAD
    0x20002250        -       0x00000800   Zero   RW          312    STACK               startup_m480.o


==============================================================================

Image component sizes


      Code (inc. data)   RO Data    RW Data    ZI Data      Debug   Object Name

      1804         98         32          0          0       9653   clk.o
       116         16          0          4          0       1878   flash.o
       196          0          0          0          0       2202   gpio.o
       472         10          0         24       8192       4104   heap_4.o
       138          0          0          0          0       2114   list.o
       416        112          0          0          0      18700   main.o
        28          6          0          2          0        556   partest.o
       292         46          0         12          0       8159   pollq.o
       786         46          0         12          0       9421   port.o
      3336         16          0          0         64      29896   queue.o
       948         38          0         64         36       7565   queueset.o
       324        130          0          4          0       4602   retarget.o
       104         20        500          0       2048        948   startup_m480.o
       192         20          0         44          0      38453   system_m480.o
      4876         84          0         60        200      28089   tasks.o
      1110         44          0         20         40       9858   timers.o
      1060         42         48          0          0       5960   uart.o

    ----------------------------------------------------------------------
     16204        728        612        248      10584     182158   Object Totals
         0          0         32          0          0          0   (incl. Generated)
         6          0          0          2          4          0   (incl. Padding)

    ----------------------------------------------------------------------

      Code (inc. data)   RO Data    RW Data    ZI Data      Debug   Library Member Name

         0          0          0          0          0          0   entry.o
         0          0          0          0          0          0   entry10a.o
         0          0          0          0          0          0   entry11a.o
         8          4          0          0          0          0   entry2.o
         4          0          0          0          0          0   entry5.o
         0          0          0          0          0          0   entry7b.o
         0          0          0          0          0          0   entry8b.o
         8          4          0          0          0          0   entry9a.o
        30          0          0          0          0          0   handlers.o
        36          8          0          0          0         68   init.o
        30          0          0          0          0         68   llshl.o
        32          0          0          0          0         68   llushr.o
        36          0          0          0          0         68   memcpya.o
        36          0          0          0          0        108   memseta.o
       736         56          0          0          0        184   printf5.o
        98          0          0          0          0         92   uldiv.o

    ----------------------------------------------------------------------
      1060         72          0          0          0        656   Library Totals
         6          0          0          0          0          0   (incl. Padding)

    ----------------------------------------------------------------------

      Code (inc. data)   RO Data    RW Data    ZI Data      Debug   Library Name

      1054         72          0          0          0        656   mc_w.l

    ----------------------------------------------------------------------
      1060         72          0          0          0        656   Library Totals

    ----------------------------------------------------------------------

==============================================================================


      Code (inc. data)   RO Data    RW Data    ZI Data      Debug   

     17264        800        612        248      10584     178258   Grand Totals
     17264        800        612        248      10584     178258   ELF Image Totals
     17264        800        612        248          0          0   ROM Totals

==============================================================================

    Total RO  Size (Code + RO Data)                17876 (  17.46kB)
    Total RW  Size (RW Data + ZI Data)             10832 (  10.58kB)
    Total ROM Size (Code + RO Data + RW Data)      18124 (  17.70kB)

==============================================================================

